Archive member included to satisfy reference by file (symbol)

c:/st/stm32cubeide_1.7.0/stm32cubeide/plugins/com.st.stm32cube.ide.mcu.externaltools.gnu-tools-for-stm32.9-2020-q2-update.win32_2.0.0.202105311346/tools/bin/../lib/gcc/arm-none-eabi/9.3.1/../../../../arm-none-eabi/lib/thumb/v6-m/nofp\libc_nano.a(lib_a-atoi.o)
                              ./Core/Src/GSM.o (atoi)
c:/st/stm32cubeide_1.7.0/stm32cubeide/plugins/com.st.stm32cube.ide.mcu.externaltools.gnu-tools-for-stm32.9-2020-q2-update.win32_2.0.0.202105311346/tools/bin/../lib/gcc/arm-none-eabi/9.3.1/../../../../arm-none-eabi/lib/thumb/v6-m/nofp\libc_nano.a(lib_a-errno.o)
                              ./Core/Src/syscalls.o (__errno)
c:/st/stm32cubeide_1.7.0/stm32cubeide/plugins/com.st.stm32cube.ide.mcu.externaltools.gnu-tools-for-stm32.9-2020-q2-update.win32_2.0.0.202105311346/tools/bin/../lib/gcc/arm-none-eabi/9.3.1/../../../../arm-none-eabi/lib/thumb/v6-m/nofp\libc_nano.a(lib_a-exit.o)
                              c:/st/stm32cubeide_1.7.0/stm32cubeide/plugins/com.st.stm32cube.ide.mcu.externaltools.gnu-tools-for-stm32.9-2020-q2-update.win32_2.0.0.202105311346/tools/bin/../lib/gcc/arm-none-eabi/9.3.1/../../../../arm-none-eabi/lib/thumb/v6-m/nofp/crt0.o (exit)
c:/st/stm32cubeide_1.7.0/stm32cubeide/plugins/com.st.stm32cube.ide.mcu.externaltools.gnu-tools-for-stm32.9-2020-q2-update.win32_2.0.0.202105311346/tools/bin/../lib/gcc/arm-none-eabi/9.3.1/../../../../arm-none-eabi/lib/thumb/v6-m/nofp\libc_nano.a(lib_a-impure.o)
                              c:/st/stm32cubeide_1.7.0/stm32cubeide/plugins/com.st.stm32cube.ide.mcu.externaltools.gnu-tools-for-stm32.9-2020-q2-update.win32_2.0.0.202105311346/tools/bin/../lib/gcc/arm-none-eabi/9.3.1/../../../../arm-none-eabi/lib/thumb/v6-m/nofp\libc_nano.a(lib_a-exit.o) (_global_impure_ptr)
c:/st/stm32cubeide_1.7.0/stm32cubeide/plugins/com.st.stm32cube.ide.mcu.externaltools.gnu-tools-for-stm32.9-2020-q2-update.win32_2.0.0.202105311346/tools/bin/../lib/gcc/arm-none-eabi/9.3.1/../../../../arm-none-eabi/lib/thumb/v6-m/nofp\libc_nano.a(lib_a-init.o)
                              c:/st/stm32cubeide_1.7.0/stm32cubeide/plugins/com.st.stm32cube.ide.mcu.externaltools.gnu-tools-for-stm32.9-2020-q2-update.win32_2.0.0.202105311346/tools/bin/../lib/gcc/arm-none-eabi/9.3.1/../../../../arm-none-eabi/lib/thumb/v6-m/nofp/crt0.o (__libc_init_array)
c:/st/stm32cubeide_1.7.0/stm32cubeide/plugins/com.st.stm32cube.ide.mcu.externaltools.gnu-tools-for-stm32.9-2020-q2-update.win32_2.0.0.202105311346/tools/bin/../lib/gcc/arm-none-eabi/9.3.1/../../../../arm-none-eabi/lib/thumb/v6-m/nofp\libc_nano.a(lib_a-memcpy-stub.o)
                              ./Core/Src/GSM.o (memcpy)
c:/st/stm32cubeide_1.7.0/stm32cubeide/plugins/com.st.stm32cube.ide.mcu.externaltools.gnu-tools-for-stm32.9-2020-q2-update.win32_2.0.0.202105311346/tools/bin/../lib/gcc/arm-none-eabi/9.3.1/../../../../arm-none-eabi/lib/thumb/v6-m/nofp\libc_nano.a(lib_a-memset.o)
                              c:/st/stm32cubeide_1.7.0/stm32cubeide/plugins/com.st.stm32cube.ide.mcu.externaltools.gnu-tools-for-stm32.9-2020-q2-update.win32_2.0.0.202105311346/tools/bin/../lib/gcc/arm-none-eabi/9.3.1/../../../../arm-none-eabi/lib/thumb/v6-m/nofp/crt0.o (memset)
c:/st/stm32cubeide_1.7.0/stm32cubeide/plugins/com.st.stm32cube.ide.mcu.externaltools.gnu-tools-for-stm32.9-2020-q2-update.win32_2.0.0.202105311346/tools/bin/../lib/gcc/arm-none-eabi/9.3.1/../../../../arm-none-eabi/lib/thumb/v6-m/nofp\libc_nano.a(lib_a-sprintf.o)
                              ./Core/Src/GSM.o (sprintf)
c:/st/stm32cubeide_1.7.0/stm32cubeide/plugins/com.st.stm32cube.ide.mcu.externaltools.gnu-tools-for-stm32.9-2020-q2-update.win32_2.0.0.202105311346/tools/bin/../lib/gcc/arm-none-eabi/9.3.1/../../../../arm-none-eabi/lib/thumb/v6-m/nofp\libc_nano.a(lib_a-strcat.o)
                              ./Core/Src/GSM.o (strcat)
c:/st/stm32cubeide_1.7.0/stm32cubeide/plugins/com.st.stm32cube.ide.mcu.externaltools.gnu-tools-for-stm32.9-2020-q2-update.win32_2.0.0.202105311346/tools/bin/../lib/gcc/arm-none-eabi/9.3.1/../../../../arm-none-eabi/lib/thumb/v6-m/nofp\libc_nano.a(lib_a-strcmp.o)
                              ./Core/Src/GSM.o (strcmp)
c:/st/stm32cubeide_1.7.0/stm32cubeide/plugins/com.st.stm32cube.ide.mcu.externaltools.gnu-tools-for-stm32.9-2020-q2-update.win32_2.0.0.202105311346/tools/bin/../lib/gcc/arm-none-eabi/9.3.1/../../../../arm-none-eabi/lib/thumb/v6-m/nofp\libc_nano.a(lib_a-strcpy.o)
                              ./Core/Src/GSM.o (strcpy)
c:/st/stm32cubeide_1.7.0/stm32cubeide/plugins/com.st.stm32cube.ide.mcu.externaltools.gnu-tools-for-stm32.9-2020-q2-update.win32_2.0.0.202105311346/tools/bin/../lib/gcc/arm-none-eabi/9.3.1/../../../../arm-none-eabi/lib/thumb/v6-m/nofp\libc_nano.a(lib_a-strlen.o)
                              ./Core/Src/GSM.o (strlen)
[...]
Memory Configuration

Name             Origin             Length             Attributes
//RAM            0x0000000020000000 0x0000000000004000 xrw
RAM              0x00000000200000c0 0x0000000000003f40 xrw
FLASH            0x0000000008009000 0x0000000000018000 xr
*default*        0x0000000000000000 0xffffffffffffffff

Linker script and memory map

LOAD c:/st/stm32cubeide_1.7.0/stm32cubeide/plugins/com.st.stm32cube.ide.mcu.externaltools.gnu-tools-for-stm32.9-2020-q2-update.win32_2.0.0.202105311346/tools/bin/../lib/gcc/arm-none-eabi/9.3.1/thumb/v6-m/nofp/crti.o
LOAD c:/st/stm32cubeide_1.7.0/stm32cubeide/plugins/com.st.stm32cube.ide.mcu.externaltools.gnu-tools-for-stm32.9-2020-q2-update.win32_2.0.0.202105311346/tools/bin/../lib/gcc/arm-none-eabi/9.3.1/thumb/v6-m/nofp/crtbegin.o
LOAD c:/st/stm32cubeide_1.7.0/stm32cubeide/plugins/com.st.stm32cube.ide.mcu.externaltools.gnu-tools-for-stm32.9-2020-q2-update.win32_2.0.0.202105311346/tools/bin/../lib/gcc/arm-none-eabi/9.3.1/../../../../arm-none-eabi/lib/thumb/v6-m/nofp/crt0.o
LOAD ./Core/Src/Flash_Driver.o
LOAD ./Core/Src/GSM.o
LOAD ./Core/Src/bootloader.o
LOAD ./Core/Src/freertos.o
LOAD ./Core/Src/ggFSM.o
LOAD ./Core/Src/main.o
LOAD ./Core/Src/myString.o
LOAD ./Core/Src/stm32f0xx_hal_msp.o
LOAD ./Core/Src/stm32f0xx_it.o
LOAD ./Core/Src/syscalls.o
LOAD ./Core/Src/sysmem.o
LOAD ./Core/Src/system_stm32f0xx.o
LOAD ./Core/Startup/startup_stm32f072cbtx.o
LOAD ./Drivers/STM32F0xx_HAL_Driver/Src/stm32f0xx_hal.o
LOAD ./Drivers/STM32F0xx_HAL_Driver/Src/stm32f0xx_hal_cortex.o
LOAD ./Drivers/STM32F0xx_HAL_Driver/Src/stm32f0xx_hal_dma.o
LOAD ./Drivers/STM32F0xx_HAL_Driver/Src/stm32f0xx_hal_exti.o
LOAD ./Drivers/STM32F0xx_HAL_Driver/Src/stm32f0xx_hal_flash.o
LOAD ./Drivers/STM32F0xx_HAL_Driver/Src/stm32f0xx_hal_flash_ex.o
LOAD ./Drivers/STM32F0xx_HAL_Driver/Src/stm32f0xx_hal_gpio.o
LOAD ./Drivers/STM32F0xx_HAL_Driver/Src/stm32f0xx_hal_i2c.o
LOAD ./Drivers/STM32F0xx_HAL_Driver/Src/stm32f0xx_hal_i2c_ex.o
LOAD ./Drivers/STM32F0xx_HAL_Driver/Src/stm32f0xx_hal_pwr.o
LOAD ./Drivers/STM32F0xx_HAL_Driver/Src/stm32f0xx_hal_pwr_ex.o
LOAD ./Drivers/STM32F0xx_HAL_Driver/Src/stm32f0xx_hal_rcc.o
LOAD ./Drivers/STM32F0xx_HAL_Driver/Src/stm32f0xx_hal_rcc_ex.o
LOAD ./Drivers/STM32F0xx_HAL_Driver/Src/stm32f0xx_hal_spi.o
LOAD ./Drivers/STM32F0xx_HAL_Driver/Src/stm32f0xx_hal_spi_ex.o
LOAD ./Drivers/STM32F0xx_HAL_Driver/Src/stm32f0xx_hal_tim.o
LOAD ./Drivers/STM32F0xx_HAL_Driver/Src/stm32f0xx_hal_tim_ex.o
LOAD ./Drivers/STM32F0xx_HAL_Driver/Src/stm32f0xx_hal_uart.o
LOAD ./Drivers/STM32F0xx_HAL_Driver/Src/stm32f0xx_hal_uart_ex.o
LOAD ./Middlewares/Third_Party/FreeRTOS/Source/CMSIS_RTOS/cmsis_os.o
LOAD ./Middlewares/Third_Party/FreeRTOS/Source/croutine.o
LOAD ./Middlewares/Third_Party/FreeRTOS/Source/event_groups.o
LOAD ./Middlewares/Third_Party/FreeRTOS/Source/list.o
LOAD ./Middlewares/Third_Party/FreeRTOS/Source/queue.o
LOAD ./Middlewares/Third_Party/FreeRTOS/Source/stream_buffer.o
LOAD ./Middlewares/Third_Party/FreeRTOS/Source/tasks.o
LOAD ./Middlewares/Third_Party/FreeRTOS/Source/timers.o
LOAD ./Middlewares/Third_Party/FreeRTOS/Source/portable/GCC/ARM_CM0/port.o
LOAD ./Middlewares/Third_Party/FreeRTOS/Source/portable/MemMang/heap_4.o
START GROUP
LOAD c:/st/stm32cubeide_1.7.0/stm32cubeide/plugins/com.st.stm32cube.ide.mcu.externaltools.gnu-tools-for-stm32.9-2020-q2-update.win32_2.0.0.202105311346/tools/bin/../lib/gcc/arm-none-eabi/9.3.1/../../../../arm-none-eabi/lib/thumb/v6-m/nofp\libc_nano.a
LOAD c:/st/stm32cubeide_1.7.0/stm32cubeide/plugins/com.st.stm32cube.ide.mcu.externaltools.gnu-tools-for-stm32.9-2020-q2-update.win32_2.0.0.202105311346/tools/bin/../lib/gcc/arm-none-eabi/9.3.1/../../../../arm-none-eabi/lib/thumb/v6-m/nofp\libm.a
END GROUP
START GROUP
LOAD c:/st/stm32cubeide_1.7.0/stm32cubeide/plugins/com.st.stm32cube.ide.mcu.externaltools.gnu-tools-for-stm32.9-2020-q2-update.win32_2.0.0.202105311346/tools/bin/../lib/gcc/arm-none-eabi/9.3.1/thumb/v6-m/nofp\libgcc.a
LOAD c:/st/stm32cubeide_1.7.0/stm32cubeide/plugins/com.st.stm32cube.ide.mcu.externaltools.gnu-tools-for-stm32.9-2020-q2-update.win32_2.0.0.202105311346/tools/bin/../lib/gcc/arm-none-eabi/9.3.1/../../../../arm-none-eabi/lib/thumb/v6-m/nofp\libc_nano.a
END GROUP
START GROUP
LOAD c:/st/stm32cubeide_1.7.0/stm32cubeide/plugins/com.st.stm32cube.ide.mcu.externaltools.gnu-tools-for-stm32.9-2020-q2-update.win32_2.0.0.202105311346/tools/bin/../lib/gcc/arm-none-eabi/9.3.1/thumb/v6-m/nofp\libgcc.a
LOAD c:/st/stm32cubeide_1.7.0/stm32cubeide/plugins/com.st.stm32cube.ide.mcu.externaltools.gnu-tools-for-stm32.9-2020-q2-update.win32_2.0.0.202105311346/tools/bin/../lib/gcc/arm-none-eabi/9.3.1/../../../../arm-none-eabi/lib/thumb/v6-m/nofp\libc_nano.a
LOAD c:/st/stm32cubeide_1.7.0/stm32cubeide/plugins/com.st.stm32cube.ide.mcu.externaltools.gnu-tools-for-stm32.9-2020-q2-update.win32_2.0.0.202105311346/tools/bin/../lib/gcc/arm-none-eabi/9.3.1/../../../../arm-none-eabi/lib/thumb/v6-m/nofp\libnosys.a
END GROUP
START GROUP
LOAD c:/st/stm32cubeide_1.7.0/stm32cubeide/plugins/com.st.stm32cube.ide.mcu.externaltools.gnu-tools-for-stm32.9-2020-q2-update.win32_2.0.0.202105311346/tools/bin/../lib/gcc/arm-none-eabi/9.3.1/thumb/v6-m/nofp\libgcc.a
LOAD c:/st/stm32cubeide_1.7.0/stm32cubeide/plugins/com.st.stm32cube.ide.mcu.externaltools.gnu-tools-for-stm32.9-2020-q2-update.win32_2.0.0.202105311346/tools/bin/../lib/gcc/arm-none-eabi/9.3.1/../../../../arm-none-eabi/lib/thumb/v6-m/nofp\libc_nano.a
LOAD c:/st/stm32cubeide_1.7.0/stm32cubeide/plugins/com.st.stm32cube.ide.mcu.externaltools.gnu-tools-for-stm32.9-2020-q2-update.win32_2.0.0.202105311346/tools/bin/../lib/gcc/arm-none-eabi/9.3.1/../../../../arm-none-eabi/lib/thumb/v6-m/nofp\libnosys.a
END GROUP
LOAD c:/st/stm32cubeide_1.7.0/stm32cubeide/plugins/com.st.stm32cube.ide.mcu.externaltools.gnu-tools-for-stm32.9-2020-q2-update.win32_2.0.0.202105311346/tools/bin/../lib/gcc/arm-none-eabi/9.3.1/thumb/v6-m/nofp/crtend.o
LOAD c:/st/stm32cubeide_1.7.0/stm32cubeide/plugins/com.st.stm32cube.ide.mcu.externaltools.gnu-tools-for-stm32.9-2020-q2-update.win32_2.0.0.202105311346/tools/bin/../lib/gcc/arm-none-eabi/9.3.1/thumb/v6-m/nofp/crtn.o
                0x0000000020004000                _estack = (ORIGIN (RAM) + LENGTH (RAM))
                0x0000000000000200                _Min_Heap_Size = 0x200
                0x0000000000000400                _Min_Stack_Size = 0x400

.isr_vector     0x0000000008009000       0xc0
                0x0000000008009000                . = ALIGN (0x4)
 *(.isr_vector)
 .isr_vector    0x0000000008009000       0xc0 ./Core/Startup/startup_stm32f072cbtx.o
                0x0000000008009000                g_pfnVectors
                0x00000000080090c0                . = ALIGN (0x4)

.text           0x00000000080090c0     0x9430
                0x00000000080090c0                . = ALIGN (0x4)
 *(.text)
 .text          0x00000000080090c0       0x48 c:/st/stm32cubeide_1.7.0/stm32cubeide/plugins/com.st.stm32cube.ide.mcu.externaltools.gnu-tools-for-stm32.9-2020-q2-update.win32_2.0.0.202105311346/tools/bin/../lib/gcc/arm-none-eabi/9.3.1/thumb/v6-m/nofp/crtbegin.o
 .text          0x0000000008009108       0x14 c:/st/stm32cubeide_1.7.0/stm32cubeide/plugins/com.st.stm32cube.ide.mcu.externaltools.gnu-tools-for-stm32.9-2020-q2-update.win32_2.0.0.202105311346/tools/bin/../lib/gcc/arm-none-eabi/9.3.1/../../../../arm-none-eabi/lib/thumb/v6-m/nofp\libc_nano.a(lib_a-strcmp.o)
                0x0000000008009108                strcmp
 .text          0x000000000800911c        0xe c:/st/stm32cubeide_1.7.0/stm32cubeide/plugins/com.st.stm32cube.ide.mcu.externaltools.gnu-tools-for-stm32.9-2020-q2-update.win32_2.0.0.202105311346/tools/bin/../lib/gcc/arm-none-eabi/9.3.1/../../../../arm-none-eabi/lib/thumb/v6-m/nofp\libc_nano.a(lib_a-strlen.o)
                0x000000000800911c                strlen
 *fill*         0x000000000800912a        0x2 
 .text          0x000000000800912c       0x14 c:/st/stm32cubeide_1.7.0/stm32cubeide/plugins/com.st.stm32cube.ide.mcu.externaltools.gnu-tools-for-stm32.9-2020-q2-update.win32_2.0.0.202105311346/tools/bin/../lib/gcc/arm-none-eabi/9.3.1/thumb/v6-m/nofp\libgcc.a(_thumb1_case_shi.o)
                0x000000000800912c                __gnu_thumb1_case_shi
 .text          0x0000000008009140      0x114 c:/st/stm32cubeide_1.7.0/stm32cubeide/plugins/com.st.stm32cube.ide.mcu.externaltools.gnu-tools-for-stm32.9-2020-q2-update.win32_2.0.0.202105311346/tools/bin/../lib/gcc/arm-none-eabi/9.3.1/thumb/v6-m/nofp\libgcc.a(_udivsi3.o)
                0x0000000008009140                __aeabi_uidiv
                0x0000000008009140                __udivsi3
                0x000000000800924c                __aeabi_uidivmod
 .text          0x0000000008009254        0x4 c:/st/stm32cubeide_1.7.0/stm32cubeide/plugins/com.st.stm32cube.ide.mcu.externaltools.gnu-tools-for-stm32.9-2020-q2-update.win32_2.0.0.202105311346/tools/bin/../lib/gcc/arm-none-eabi/9.3.1/thumb/v6-m/nofp\libgcc.a(_dvmd_tls.o)
                0x0000000008009254                __aeabi_idiv0
                0x0000000008009254                __aeabi_ldiv0
 *(.text*)
 .text.__NVIC_SystemReset
                0x0000000008009258       0x24 ./Core/Src/GSM.o
 .text.GSM_Init
                0x000000000800927c      0x220 ./Core/Src/GSM.o
                0x000000000800927c                GSM_Init
 .text.GSM_Service
                0x000000000800949c      0xf40 ./Core/Src/GSM.o
                0x000000000800949c                GSM_Service
 .text.MQTT_ConnectF
                0x000000000800a3dc       0x84 ./Core/Src/GSM.o
                0x000000000800a3dc                MQTT_ConnectF
 .text.MQTT_SuscribeF
                0x000000000800a460       0x74 ./Core/Src/GSM.o
                0x000000000800a460                MQTT_SuscribeF
 .text.MQTT_Publish_F
                0x000000000800a4d4       0x6c ./Core/Src/GSM.o
                0x000000000800a4d4                MQTT_Publish_F
 .text.GSM_Send
                0x000000000800a540       0x58 ./Core/Src/GSM.o
                0x000000000800a540                GSM_Send
 .text.GSM_Send_Bin
                0x000000000800a598       0x4c ./Core/Src/GSM.o
                0x000000000800a598                GSM_Send_Bin
 .text.Debug_Send
                0x000000000800a5e4       0x34 ./Core/Src/GSM.o
                0x000000000800a5e4                Debug_Send
 .text.recData  0x000000000800a618      0x318 ./Core/Src/GSM.o
                0x000000000800a618                recData
 .text.procData
                0x000000000800a930      0x790 ./Core/Src/GSM.o
                0x000000000800a930                procData
 .text.getFtp   0x000000000800b0c0       0x94 ./Core/Src/GSM.o
                0x000000000800b0c0                getFtp
 .text.FileSize
                0x000000000800b154       0x90 ./Core/Src/GSM.o
                0x000000000800b154                FileSize
 .text.FS_Open_F
                0x000000000800b1e4       0x5c ./Core/Src/GSM.o
                0x000000000800b1e4                FS_Open_F
 .text.FTP_OpenF
                0x000000000800b240       0x80 ./Core/Src/GSM.o
                0x000000000800b240                FTP_OpenF
 .text.FTP_StatusF
                0x000000000800b2c0       0x60 ./Core/Src/GSM.o
                0x000000000800b2c0                FTP_StatusF
 .text.sendSMS  0x000000000800b320       0xac ./Core/Src/GSM.o
                0x000000000800b320                sendSMS
 .text.getIMEI  0x000000000800b3cc       0x6c ./Core/Src/GSM.o
                0x000000000800b3cc                getIMEI
 .text.getCCID  0x000000000800b438       0x24 ./Core/Src/GSM.o
                0x000000000800b438                getCCID
 .text.getSignal
                0x000000000800b45c       0x50 ./Core/Src/GSM.o
                0x000000000800b45c                getSignal
 .text.RegisterConfirm
                0x000000000800b4ac       0xe4 ./Core/Src/GSM.o
                0x000000000800b4ac                RegisterConfirm
 .text.CheckUser
                0x000000000800b590       0x60 ./Core/Src/GSM.o
                0x000000000800b590                CheckUser
 .text.buildInfo
                0x000000000800b5f0      0x25c ./Core/Src/GSM.o
                0x000000000800b5f0                buildInfo
 .text.BuildPower
                0x000000000800b84c      0x140 ./Core/Src/GSM.o
                0x000000000800b84c                BuildPower
 .text.Context  0x000000000800b98c       0x90 ./Core/Src/GSM.o
                0x000000000800b98c                Context
 .text.GotSMS   0x000000000800ba1c       0x60 ./Core/Src/GSM.o
                0x000000000800ba1c                GotSMS
 .text.OK       0x000000000800ba7c       0xcc ./Core/Src/GSM.o
                0x000000000800ba7c                OK
 .text.GPRS_SendData
                0x000000000800bb48       0x44 ./Core/Src/GSM.o
                0x000000000800bb48                GPRS_SendData
 .text.DataDecrypt
                0x000000000800bb8c      0x5d4 ./Core/Src/GSM.o
                0x000000000800bb8c                DataDecrypt
 .text.GSM_Receive
                0x000000000800c160       0xb0 ./Core/Src/GSM.o
                0x000000000800c160                GSM_Receive
 .text.vApplicationGetIdleTaskMemory
                0x000000000800c210       0x30 ./Core/Src/freertos.o
                0x000000000800c210                vApplicationGetIdleTaskMemory
 .text.main     0x000000000800c240       0x90 ./Core/Src/main.o
                0x000000000800c240                main
 .text.SystemClock_Config
                0x000000000800c2d0       0xae ./Core/Src/main.o
                0x000000000800c2d0                SystemClock_Config
 *fill*         0x000000000800c37e        0x2 
 .text.MX_SPI2_Init
                0x000000000800c380       0x7c ./Core/Src/main.o
 .text.MX_USART1_UART_Init
                0x000000000800c3fc       0x60 ./Core/Src/main.o
 .text.MX_USART2_UART_Init
                0x000000000800c45c       0x60 ./Core/Src/main.o
 .text.MX_GPIO_Init
                0x000000000800c4bc      0x124 ./Core/Src/main.o
 .text.remap    0x000000000800c5e0       0x9c ./Core/Src/main.o
                0x000000000800c5e0                remap
 .text.flashPut
                0x000000000800c67c      0x114 ./Core/Src/main.o
                0x000000000800c67c                flashPut
 .text.flashWrite
                0x000000000800c790       0xaa ./Core/Src/main.o
                0x000000000800c790                flashWrite
 *fill*         0x000000000800c83a        0x2 
 .text.flashRead
                0x000000000800c83c       0x7c ./Core/Src/main.o
                0x000000000800c83c                flashRead
 .text.flashBusy
                0x000000000800c8b8       0x6c ./Core/Src/main.o
                0x000000000800c8b8                flashBusy
 .text.StartDefaultTask
                0x000000000800c924       0x18 ./Core/Src/main.o
                0x000000000800c924                StartDefaultTask
 .text.StartTask02
                0x000000000800c93c       0x14 ./Core/Src/main.o
                0x000000000800c93c                StartTask02
 .text.Error_Handler
                0x000000000800c950        0xa ./Core/Src/main.o
                0x000000000800c950                Error_Handler
 .text.myStrSection
                0x000000000800c95a      0x128 ./Core/Src/myString.o
                0x000000000800c95a                myStrSection
 *fill*         0x000000000800ca82        0x2 
 .text.myLongStr
                0x000000000800ca84      0x1f0 ./Core/Src/myString.o
                0x000000000800ca84                myLongStr
 .text.myStrLong
                0x000000000800cc74       0xe4 ./Core/Src/myString.o
                0x000000000800cc74                myStrLong
 .text.HAL_MspInit
                0x000000000800cd58       0x54 ./Core/Src/stm32f0xx_hal_msp.o
                0x000000000800cd58                HAL_MspInit
 .text.HAL_SPI_MspInit
                0x000000000800cdac       0x9c ./Core/Src/stm32f0xx_hal_msp.o
                0x000000000800cdac                HAL_SPI_MspInit
 .text.HAL_UART_MspInit
                0x000000000800ce48      0x150 ./Core/Src/stm32f0xx_hal_msp.o
                0x000000000800ce48                HAL_UART_MspInit
 .text.NMI_Handler
                0x000000000800cf98        0x6 ./Core/Src/stm32f0xx_it.o
                0x000000000800cf98                NMI_Handler
 .text.HardFault_Handler
                0x000000000800cf9e        0x6 ./Core/Src/stm32f0xx_it.o
                0x000000000800cf9e                HardFault_Handler
 .text.SysTick_Handler
                0x000000000800cfa4       0x1c ./Core/Src/stm32f0xx_it.o
                0x000000000800cfa4                SysTick_Handler
 .text.USART2_IRQHandler
                0x000000000800cfc0       0x18 ./Core/Src/stm32f0xx_it.o
                0x000000000800cfc0                USART2_IRQHandler
 .text._sbrk    0x000000000800cfd8       0x6c ./Core/Src/sysmem.o
                0x000000000800cfd8                _sbrk
 .text.SystemInit
                0x000000000800d044        0xa ./Core/Src/system_stm32f0xx.o
                0x000000000800d044                SystemInit
 *fill*         0x000000000800d04e        0x2 
 .text.Reset_Handler
                0x000000000800d050       0x50 ./Core/Startup/startup_stm32f072cbtx.o
                0x000000000800d050                Reset_Handler
 .text.Default_Handler
                0x000000000800d0a0        0x2 ./Core/Startup/startup_stm32f072cbtx.o
                0x000000000800d0a0                TIM1_CC_IRQHandler
                0x000000000800d0a0                TSC_IRQHandler
                0x000000000800d0a0                ADC1_COMP_IRQHandler
                0x000000000800d0a0                I2C1_IRQHandler
                0x000000000800d0a0                RCC_CRS_IRQHandler
                0x000000000800d0a0                SPI1_IRQHandler
                0x000000000800d0a0                TIM6_DAC_IRQHandler
                0x000000000800d0a0                USART3_4_IRQHandler
                0x000000000800d0a0                EXTI2_3_IRQHandler
                0x000000000800d0a0                I2C2_IRQHandler
                0x000000000800d0a0                TIM17_IRQHandler
                0x000000000800d0a0                CEC_CAN_IRQHandler
                0x000000000800d0a0                RTC_IRQHandler
                0x000000000800d0a0                PVD_VDDIO2_IRQHandler
                0x000000000800d0a0                DMA1_Channel4_5_6_7_IRQHandler
                0x000000000800d0a0                TIM16_IRQHandler
                0x000000000800d0a0                TIM3_IRQHandler
                0x000000000800d0a0                EXTI4_15_IRQHandler
                0x000000000800d0a0                DMA1_Channel1_IRQHandler
                0x000000000800d0a0                Default_Handler
                0x000000000800d0a0                TIM14_IRQHandler
                0x000000000800d0a0                TIM7_IRQHandler
                0x000000000800d0a0                TIM15_IRQHandler
                0x000000000800d0a0                EXTI0_1_IRQHandler
                0x000000000800d0a0                USB_IRQHandler
                0x000000000800d0a0                SPI2_IRQHandler
                0x000000000800d0a0                WWDG_IRQHandler
                0x000000000800d0a0                TIM2_IRQHandler
                0x000000000800d0a0                DMA1_Channel2_3_IRQHandler
                0x000000000800d0a0                FLASH_IRQHandler
                0x000000000800d0a0                USART1_IRQHandler
                0x000000000800d0a0                TIM1_BRK_UP_TRG_COM_IRQHandler
 *fill*         0x000000000800d0a2        0x2 
 .text.HAL_Init
                0x000000000800d0a4       0x28 ./Drivers/STM32F0xx_HAL_Driver/Src/stm32f0xx_hal.o
                0x000000000800d0a4                HAL_Init
 .text.HAL_InitTick
                0x000000000800d0cc       0x68 ./Drivers/STM32F0xx_HAL_Driver/Src/stm32f0xx_hal.o
                0x000000000800d0cc                HAL_InitTick
 .text.HAL_IncTick
                0x000000000800d134       0x24 ./Drivers/STM32F0xx_HAL_Driver/Src/stm32f0xx_hal.o
                0x000000000800d134                HAL_IncTick
 .text.HAL_GetTick
                0x000000000800d158       0x14 ./Drivers/STM32F0xx_HAL_Driver/Src/stm32f0xx_hal.o
                0x000000000800d158                HAL_GetTick
 .text.HAL_Delay
                0x000000000800d16c       0x48 ./Drivers/STM32F0xx_HAL_Driver/Src/stm32f0xx_hal.o
                0x000000000800d16c                HAL_Delay
 .text.__NVIC_EnableIRQ
                0x000000000800d1b4       0x34 ./Drivers/STM32F0xx_HAL_Driver/Src/stm32f0xx_hal_cortex.o
 .text.__NVIC_SetPriority
                0x000000000800d1e8       0xdc ./Drivers/STM32F0xx_HAL_Driver/Src/stm32f0xx_hal_cortex.o
 .text.SysTick_Config
                0x000000000800d2c4       0x48 ./Drivers/STM32F0xx_HAL_Driver/Src/stm32f0xx_hal_cortex.o
 .text.HAL_NVIC_SetPriority
                0x000000000800d30c       0x2a ./Drivers/STM32F0xx_HAL_Driver/Src/stm32f0xx_hal_cortex.o
                0x000000000800d30c                HAL_NVIC_SetPriority
 .text.HAL_NVIC_EnableIRQ
                0x000000000800d336       0x20 ./Drivers/STM32F0xx_HAL_Driver/Src/stm32f0xx_hal_cortex.o
                0x000000000800d336                HAL_NVIC_EnableIRQ
 .text.HAL_SYSTICK_Config
                0x000000000800d356       0x1a ./Drivers/STM32F0xx_HAL_Driver/Src/stm32f0xx_hal_cortex.o
                0x000000000800d356                HAL_SYSTICK_Config
 .text.HAL_DMA_Abort
                0x000000000800d370       0x70 ./Drivers/STM32F0xx_HAL_Driver/Src/stm32f0xx_hal_dma.o
                0x000000000800d370                HAL_DMA_Abort
 .text.HAL_DMA_Abort_IT
                0x000000000800d3e0       0x8a ./Drivers/STM32F0xx_HAL_Driver/Src/stm32f0xx_hal_dma.o
                0x000000000800d3e0                HAL_DMA_Abort_IT
 *fill*         0x000000000800d46a        0x2 
 .text.HAL_GPIO_Init
                0x000000000800d46c      0x2f0 ./Drivers/STM32F0xx_HAL_Driver/Src/stm32f0xx_hal_gpio.o
                0x000000000800d46c                HAL_GPIO_Init
 .text.HAL_GPIO_WritePin
                0x000000000800d75c       0x3a ./Drivers/STM32F0xx_HAL_Driver/Src/stm32f0xx_hal_gpio.o
                0x000000000800d75c                HAL_GPIO_WritePin
 .text.HAL_GPIO_TogglePin
                0x000000000800d796       0x36 ./Drivers/STM32F0xx_HAL_Driver/Src/stm32f0xx_hal_gpio.o
                0x000000000800d796                HAL_GPIO_TogglePin
 .text.HAL_RCC_OscConfig
                0x000000000800d7cc      0x70c ./Drivers/STM32F0xx_HAL_Driver/Src/stm32f0xx_hal_rcc.o
                0x000000000800d7cc                HAL_RCC_OscConfig
 .text.HAL_RCC_ClockConfig
                0x000000000800ded8      0x1b4 ./Drivers/STM32F0xx_HAL_Driver/Src/stm32f0xx_hal_rcc.o
                0x000000000800ded8                HAL_RCC_ClockConfig
 .text.HAL_RCC_GetSysClockFreq
                0x000000000800e08c      0x100 ./Drivers/STM32F0xx_HAL_Driver/Src/stm32f0xx_hal_rcc.o
                0x000000000800e08c                HAL_RCC_GetSysClockFreq
 .text.HAL_RCC_GetHCLKFreq
                0x000000000800e18c       0x14 ./Drivers/STM32F0xx_HAL_Driver/Src/stm32f0xx_hal_rcc.o
                0x000000000800e18c                HAL_RCC_GetHCLKFreq
 .text.HAL_RCC_GetPCLK1Freq
                0x000000000800e1a0       0x2c ./Drivers/STM32F0xx_HAL_Driver/Src/stm32f0xx_hal_rcc.o
                0x000000000800e1a0                HAL_RCC_GetPCLK1Freq
 .text.HAL_RCCEx_PeriphCLKConfig
                0x000000000800e1cc      0x1fc ./Drivers/STM32F0xx_HAL_Driver/Src/stm32f0xx_hal_rcc_ex.o
                0x000000000800e1cc                HAL_RCCEx_PeriphCLKConfig
 .text.HAL_SPI_Init
                0x000000000800e3c8      0x170 ./Drivers/STM32F0xx_HAL_Driver/Src/stm32f0xx_hal_spi.o
                0x000000000800e3c8                HAL_SPI_Init
 .text.HAL_SPI_Transmit
                0x000000000800e538      0x2b0 ./Drivers/STM32F0xx_HAL_Driver/Src/stm32f0xx_hal_spi.o
                0x000000000800e538                HAL_SPI_Transmit
 .text.HAL_SPI_Receive
                0x000000000800e7e8      0x298 ./Drivers/STM32F0xx_HAL_Driver/Src/stm32f0xx_hal_spi.o
                0x000000000800e7e8                HAL_SPI_Receive
 .text.HAL_SPI_TransmitReceive
                0x000000000800ea80      0x3a4 ./Drivers/STM32F0xx_HAL_Driver/Src/stm32f0xx_hal_spi.o
                0x000000000800ea80                HAL_SPI_TransmitReceive
 .text.SPI_WaitFlagStateUntilTimeout
                0x000000000800ee24      0x11c ./Drivers/STM32F0xx_HAL_Driver/Src/stm32f0xx_hal_spi.o
 .text.SPI_WaitFifoStateUntilTimeout
                0x000000000800ef40      0x144 ./Drivers/STM32F0xx_HAL_Driver/Src/stm32f0xx_hal_spi.o
 .text.SPI_EndRxTransaction
                0x000000000800f084       0xbc ./Drivers/STM32F0xx_HAL_Driver/Src/stm32f0xx_hal_spi.o
 .text.SPI_EndRxTxTransaction
                0x000000000800f140       0x8c ./Drivers/STM32F0xx_HAL_Driver/Src/stm32f0xx_hal_spi.o
 .text.HAL_UART_Init
                0x000000000800f1cc       0xa8 ./Drivers/STM32F0xx_HAL_Driver/Src/stm32f0xx_hal_uart.o
                0x000000000800f1cc                HAL_UART_Init
 .text.HAL_UART_Transmit
                0x000000000800f274      0x152 ./Drivers/STM32F0xx_HAL_Driver/Src/stm32f0xx_hal_uart.o
                0x000000000800f274                HAL_UART_Transmit
 *fill*         0x000000000800f3c6        0x2 
 .text.HAL_UART_Transmit_IT
                0x000000000800f3c8      0x100 ./Drivers/STM32F0xx_HAL_Driver/Src/stm32f0xx_hal_uart.o
                0x000000000800f3c8                HAL_UART_Transmit_IT
 .text.HAL_UART_Receive_IT
                0x000000000800f4c8       0xc2 ./Drivers/STM32F0xx_HAL_Driver/Src/stm32f0xx_hal_uart.o
                0x000000000800f4c8                HAL_UART_Receive_IT
 *fill*         0x000000000800f58a        0x2 
 .text.HAL_UART_IRQHandler
                0x000000000800f58c      0x5b0 ./Drivers/STM32F0xx_HAL_Driver/Src/stm32f0xx_hal_uart.o
                0x000000000800f58c                HAL_UART_IRQHandler
 .text.HAL_UART_TxCpltCallback
                0x000000000800fb3c       0x10 ./Drivers/STM32F0xx_HAL_Driver/Src/stm32f0xx_hal_uart.o
                0x000000000800fb3c                HAL_UART_TxCpltCallback
 .text.HAL_UART_RxCpltCallback
                0x000000000800fb4c       0x10 ./Drivers/STM32F0xx_HAL_Driver/Src/stm32f0xx_hal_uart.o
                0x000000000800fb4c                HAL_UART_RxCpltCallback
 .text.HAL_UART_ErrorCallback
                0x000000000800fb5c       0x10 ./Drivers/STM32F0xx_HAL_Driver/Src/stm32f0xx_hal_uart.o
                0x000000000800fb5c                HAL_UART_ErrorCallback
 .text.HAL_UARTEx_RxEventCallback
                0x000000000800fb6c       0x16 ./Drivers/STM32F0xx_HAL_Driver/Src/stm32f0xx_hal_uart.o
                0x000000000800fb6c                HAL_UARTEx_RxEventCallback
 *fill*         0x000000000800fb82        0x2 
 .text.UART_SetConfig
                0x000000000800fb84      0x310 ./Drivers/STM32F0xx_HAL_Driver/Src/stm32f0xx_hal_uart.o
                0x000000000800fb84                UART_SetConfig
 .text.UART_AdvFeatureConfig
                0x000000000800fe94      0x168 ./Drivers/STM32F0xx_HAL_Driver/Src/stm32f0xx_hal_uart.o
                0x000000000800fe94                UART_AdvFeatureConfig
 .text.UART_CheckIdleState
                0x000000000800fffc       0x90 ./Drivers/STM32F0xx_HAL_Driver/Src/stm32f0xx_hal_uart.o
                0x000000000800fffc                UART_CheckIdleState
 .text.UART_WaitOnFlagUntilTimeout
                0x000000000801008c      0x188 ./Drivers/STM32F0xx_HAL_Driver/Src/stm32f0xx_hal_uart.o
                0x000000000801008c                UART_WaitOnFlagUntilTimeout
 .text.UART_Start_Receive_IT
                0x0000000008010214      0x160 ./Drivers/STM32F0xx_HAL_Driver/Src/stm32f0xx_hal_uart.o
                0x0000000008010214                UART_Start_Receive_IT
 .text.UART_EndRxTransfer
                0x0000000008010374       0xc4 ./Drivers/STM32F0xx_HAL_Driver/Src/stm32f0xx_hal_uart.o
 .text.UART_DMAAbortOnError
                0x0000000008010438       0x2e ./Drivers/STM32F0xx_HAL_Driver/Src/stm32f0xx_hal_uart.o
 .text.UART_TxISR_8BIT
                0x0000000008010466       0xb4 ./Drivers/STM32F0xx_HAL_Driver/Src/stm32f0xx_hal_uart.o
 .text.UART_TxISR_16BIT
                0x000000000801051a       0xbc ./Drivers/STM32F0xx_HAL_Driver/Src/stm32f0xx_hal_uart.o
 .text.UART_EndTransmit_IT
                0x00000000080105d6       0x56 ./Drivers/STM32F0xx_HAL_Driver/Src/stm32f0xx_hal_uart.o
 .text.UART_RxISR_8BIT
                0x000000000801062c      0x170 ./Drivers/STM32F0xx_HAL_Driver/Src/stm32f0xx_hal_uart.o
 .text.UART_RxISR_16BIT
                0x000000000801079c      0x168 ./Drivers/STM32F0xx_HAL_Driver/Src/stm32f0xx_hal_uart.o
 .text.HAL_UARTEx_WakeupCallback
                0x0000000008010904       0x10 ./Drivers/STM32F0xx_HAL_Driver/Src/stm32f0xx_hal_uart_ex.o
                0x0000000008010904                HAL_UARTEx_WakeupCallback
 .text.makeFreeRtosPriority
                0x0000000008010914       0x32 ./Middlewares/Third_Party/FreeRTOS/Source/CMSIS_RTOS/cmsis_os.o
 .text.osKernelStart
                0x0000000008010946       0x10 ./Middlewares/Third_Party/FreeRTOS/Source/CMSIS_RTOS/cmsis_os.o
                0x0000000008010946                osKernelStart
 .text.osThreadCreate
                0x0000000008010956       0x9a ./Middlewares/Third_Party/FreeRTOS/Source/CMSIS_RTOS/cmsis_os.o
                0x0000000008010956                osThreadCreate
 .text.osDelay  0x00000000080109f0       0x28 ./Middlewares/Third_Party/FreeRTOS/Source/CMSIS_RTOS/cmsis_os.o
                0x00000000080109f0                osDelay
 .text.vListInitialise
                0x0000000008010a18       0x3c ./Middlewares/Third_Party/FreeRTOS/Source/list.o
                0x0000000008010a18                vListInitialise
 .text.vListInitialiseItem
                0x0000000008010a54       0x16 ./Middlewares/Third_Party/FreeRTOS/Source/list.o
                0x0000000008010a54                vListInitialiseItem
 .text.vListInsertEnd
                0x0000000008010a6a       0x44 ./Middlewares/Third_Party/FreeRTOS/Source/list.o
                0x0000000008010a6a                vListInsertEnd
 .text.vListInsert
                0x0000000008010aae       0x6c ./Middlewares/Third_Party/FreeRTOS/Source/list.o
                0x0000000008010aae                vListInsert
 .text.uxListRemove
                0x0000000008010b1a       0x50 ./Middlewares/Third_Party/FreeRTOS/Source/list.o
                0x0000000008010b1a                uxListRemove
 .text.xTaskCreateStatic
                0x0000000008010b6a       0x86 ./Middlewares/Third_Party/FreeRTOS/Source/tasks.o
                0x0000000008010b6a                xTaskCreateStatic
 .text.xTaskCreate
                0x0000000008010bf0       0x98 ./Middlewares/Third_Party/FreeRTOS/Source/tasks.o
                0x0000000008010bf0                xTaskCreate
 .text.prvInitialiseNewTask
                0x0000000008010c88       0xf4 ./Middlewares/Third_Party/FreeRTOS/Source/tasks.o
 .text.prvAddNewTaskToReadyList
                0x0000000008010d7c       0xc8 ./Middlewares/Third_Party/FreeRTOS/Source/tasks.o
 .text.vTaskDelay
                0x0000000008010e44       0x4c ./Middlewares/Third_Party/FreeRTOS/Source/tasks.o
                0x0000000008010e44                vTaskDelay
 .text.vTaskStartScheduler
                0x0000000008010e90       0x9c ./Middlewares/Third_Party/FreeRTOS/Source/tasks.o
                0x0000000008010e90                vTaskStartScheduler
 .text.vTaskSuspendAll
                0x0000000008010f2c       0x18 ./Middlewares/Third_Party/FreeRTOS/Source/tasks.o
                0x0000000008010f2c                vTaskSuspendAll
 .text.xTaskResumeAll
                0x0000000008010f44      0x118 ./Middlewares/Third_Party/FreeRTOS/Source/tasks.o
                0x0000000008010f44                xTaskResumeAll
 .text.xTaskIncrementTick
                0x000000000801105c      0x168 ./Middlewares/Third_Party/FreeRTOS/Source/tasks.o
                0x000000000801105c                xTaskIncrementTick
 .text.vTaskSwitchContext
                0x00000000080111c4       0xa4 ./Middlewares/Third_Party/FreeRTOS/Source/tasks.o
                0x00000000080111c4                vTaskSwitchContext
 .text.prvIdleTask
                0x0000000008011268       0x20 ./Middlewares/Third_Party/FreeRTOS/Source/tasks.o
 .text.prvInitialiseTaskLists
                0x0000000008011288       0x88 ./Middlewares/Third_Party/FreeRTOS/Source/tasks.o
 .text.prvCheckTasksWaitingTermination
                0x0000000008011310       0x5c ./Middlewares/Third_Party/FreeRTOS/Source/tasks.o
 .text.prvDeleteTCB
                0x000000000801136c       0x50 ./Middlewares/Third_Party/FreeRTOS/Source/tasks.o
 .text.prvResetNextTaskUnblockTime
                0x00000000080113bc       0x48 ./Middlewares/Third_Party/FreeRTOS/Source/tasks.o
 .text.xTaskGetSchedulerState
                0x0000000008011404       0x38 ./Middlewares/Third_Party/FreeRTOS/Source/tasks.o
                0x0000000008011404                xTaskGetSchedulerState
 .text.prvAddCurrentTaskToDelayedList
                0x000000000801143c       0xa8 ./Middlewares/Third_Party/FreeRTOS/Source/tasks.o
 .text.pxPortInitialiseStack
                0x00000000080114e4       0x54 ./Middlewares/Third_Party/FreeRTOS/Source/portable/GCC/ARM_CM0/port.o
                0x00000000080114e4                pxPortInitialiseStack
 .text.prvTaskExitError
                0x0000000008011538       0x30 ./Middlewares/Third_Party/FreeRTOS/Source/portable/GCC/ARM_CM0/port.o
 .text.SVC_Handler
                0x0000000008011568        0xa ./Middlewares/Third_Party/FreeRTOS/Source/portable/GCC/ARM_CM0/port.o
                0x0000000008011568                SVC_Handler
 *fill*         0x0000000008011572        0xe 
 .text.vPortStartFirstTask
                0x0000000008011580       0x38 ./Middlewares/Third_Party/FreeRTOS/Source/portable/GCC/ARM_CM0/port.o
 .text.xPortStartScheduler
                0x00000000080115b8       0x48 ./Middlewares/Third_Party/FreeRTOS/Source/portable/GCC/ARM_CM0/port.o
                0x00000000080115b8                xPortStartScheduler
 .text.vPortYield
                0x0000000008011600       0x20 ./Middlewares/Third_Party/FreeRTOS/Source/portable/GCC/ARM_CM0/port.o
                0x0000000008011600                vPortYield
 .text.vPortEnterCritical
                0x0000000008011620       0x24 ./Middlewares/Third_Party/FreeRTOS/Source/portable/GCC/ARM_CM0/port.o
                0x0000000008011620                vPortEnterCritical
 .text.vPortExitCritical
                0x0000000008011644       0x30 ./Middlewares/Third_Party/FreeRTOS/Source/portable/GCC/ARM_CM0/port.o
                0x0000000008011644                vPortExitCritical
 .text.ulSetInterruptMaskFromISR
                0x0000000008011674        0xc ./Middlewares/Third_Party/FreeRTOS/Source/portable/GCC/ARM_CM0/port.o
                0x0000000008011674                ulSetInterruptMaskFromISR
 .text.vClearInterruptMaskFromISR
                0x0000000008011680        0x8 ./Middlewares/Third_Party/FreeRTOS/Source/portable/GCC/ARM_CM0/port.o
                0x0000000008011680                vClearInterruptMaskFromISR
 *fill*         0x0000000008011688        0x8 
 .text.PendSV_Handler
                0x0000000008011690       0x48 ./Middlewares/Third_Party/FreeRTOS/Source/portable/GCC/ARM_CM0/port.o
                0x0000000008011690                PendSV_Handler
 .text.xPortSysTickHandler
                0x00000000080116d8       0x34 ./Middlewares/Third_Party/FreeRTOS/Source/portable/GCC/ARM_CM0/port.o
                0x00000000080116d8                xPortSysTickHandler
 .text.prvSetupTimerInterrupt
                0x000000000801170c       0x44 ./Middlewares/Third_Party/FreeRTOS/Source/portable/GCC/ARM_CM0/port.o
 .text.pvPortMalloc
                0x0000000008011750      0x14c ./Middlewares/Third_Party/FreeRTOS/Source/portable/MemMang/heap_4.o
                0x0000000008011750                pvPortMalloc
 .text.vPortFree
                0x000000000801189c       0x90 ./Middlewares/Third_Party/FreeRTOS/Source/portable/MemMang/heap_4.o
                0x000000000801189c                vPortFree
 .text.prvHeapInit
                0x000000000801192c       0xc0 ./Middlewares/Third_Party/FreeRTOS/Source/portable/MemMang/heap_4.o
 .text.prvInsertBlockIntoFreeList
                0x00000000080119ec       0xb0 ./Middlewares/Third_Party/FreeRTOS/Source/portable/MemMang/heap_4.o
 .text.atoi     0x0000000008011a9c        0xc c:/st/stm32cubeide_1.7.0/stm32cubeide/plugins/com.st.stm32cube.ide.mcu.externaltools.gnu-tools-for-stm32.9-2020-q2-update.win32_2.0.0.202105311346/tools/bin/../lib/gcc/arm-none-eabi/9.3.1/../../../../arm-none-eabi/lib/thumb/v6-m/nofp\libc_nano.a(lib_a-atoi.o)
                0x0000000008011a9c                atoi
 .text.__errno  0x0000000008011aa8        0xc c:/st/stm32cubeide_1.7.0/stm32cubeide/plugins/com.st.stm32cube.ide.mcu.externaltools.gnu-tools-for-stm32.9-2020-q2-update.win32_2.0.0.202105311346/tools/bin/../lib/gcc/arm-none-eabi/9.3.1/../../../../arm-none-eabi/lib/thumb/v6-m/nofp\libc_nano.a(lib_a-errno.o)
                0x0000000008011aa8                __errno
 .text.__libc_init_array
                0x0000000008011ab4       0x48 c:/st/stm32cubeide_1.7.0/stm32cubeide/plugins/com.st.stm32cube.ide.mcu.externaltools.gnu-tools-for-stm32.9-2020-q2-update.win32_2.0.0.202105311346/tools/bin/../lib/gcc/arm-none-eabi/9.3.1/../../../../arm-none-eabi/lib/thumb/v6-m/nofp\libc_nano.a(lib_a-init.o)
                0x0000000008011ab4                __libc_init_array
 .text.memcpy   0x0000000008011afc       0x12 c:/st/stm32cubeide_1.7.0/stm32cubeide/plugins/com.st.stm32cube.ide.mcu.externaltools.gnu-tools-for-stm32.9-2020-q2-update.win32_2.0.0.202105311346/tools/bin/../lib/gcc/arm-none-eabi/9.3.1/../../../../arm-none-eabi/lib/thumb/v6-m/nofp\libc_nano.a(lib_a-memcpy-stub.o)
                0x0000000008011afc                memcpy
 .text.memset   0x0000000008011b0e       0x10 c:/st/stm32cubeide_1.7.0/stm32cubeide/plugins/com.st.stm32cube.ide.mcu.externaltools.gnu-tools-for-stm32.9-2020-q2-update.win32_2.0.0.202105311346/tools/bin/../lib/gcc/arm-none-eabi/9.3.1/../../../../arm-none-eabi/lib/thumb/v6-m/nofp\libc_nano.a(lib_a-memset.o)
                0x0000000008011b0e                memset
 *fill*         0x0000000008011b1e        0x2 
 .text.sprintf  0x0000000008011b20       0x40 c:/st/stm32cubeide_1.7.0/stm32cubeide/plugins/com.st.stm32cube.ide.mcu.externaltools.gnu-tools-for-stm32.9-2020-q2-update.win32_2.0.0.202105311346/tools/bin/../lib/gcc/arm-none-eabi/9.3.1/../../../../arm-none-eabi/lib/thumb/v6-m/nofp\libc_nano.a(lib_a-sprintf.o)
                0x0000000008011b20                siprintf
                0x0000000008011b20                sprintf
 .text.strcat   0x0000000008011b60       0x1a c:/st/stm32cubeide_1.7.0/stm32cubeide/plugins/com.st.stm32cube.ide.mcu.externaltools.gnu-tools-for-stm32.9-2020-q2-update.win32_2.0.0.202105311346/tools/bin/../lib/gcc/arm-none-eabi/9.3.1/../../../../arm-none-eabi/lib/thumb/v6-m/nofp\libc_nano.a(lib_a-strcat.o)
                0x0000000008011b60                strcat
 .text.strcpy   0x0000000008011b7a       0x10 c:/st/stm32cubeide_1.7.0/stm32cubeide/plugins/com.st.stm32cube.ide.mcu.externaltools.gnu-tools-for-stm32.9-2020-q2-update.win32_2.0.0.202105311346/tools/bin/../lib/gcc/arm-none-eabi/9.3.1/../../../../arm-none-eabi/lib/thumb/v6-m/nofp\libc_nano.a(lib_a-strcpy.o)
                0x0000000008011b7a                strcpy
 .text.strncmp  0x0000000008011b8a       0x22 c:/st/stm32cubeide_1.7.0/stm32cubeide/plugins/com.st.stm32cube.ide.mcu.externaltools.gnu-tools-for-stm32.9-2020-q2-update.win32_2.0.0.202105311346/tools/bin/../lib/gcc/arm-none-eabi/9.3.1/../../../../arm-none-eabi/lib/thumb/v6-m/nofp\libc_nano.a(lib_a-strncmp.o)
                0x0000000008011b8a                strncmp
 .text._strtol_l.isra.0
                0x0000000008011bac      0x11c c:/st/stm32cubeide_1.7.0/stm32cubeide/plugins/com.st.stm32cube.ide.mcu.externaltools.gnu-tools-for-stm32.9-2020-q2-update.win32_2.0.0.202105311346/tools/bin/../lib/gcc/arm-none-eabi/9.3.1/../../../../arm-none-eabi/lib/thumb/v6-m/nofp\libc_nano.a(lib_a-strtol.o)
 .text.strtol   0x0000000008011cc8       0x18 c:/st/stm32cubeide_1.7.0/stm32cubeide/plugins/com.st.stm32cube.ide.mcu.externaltools.gnu-tools-for-stm32.9-2020-q2-update.win32_2.0.0.202105311346/tools/bin/../lib/gcc/arm-none-eabi/9.3.1/../../../../arm-none-eabi/lib/thumb/v6-m/nofp\libc_nano.a(lib_a-strtol.o)
                0x0000000008011cc8                strtol
 .text.__ssputs_r
                0x0000000008011ce0       0xc4 c:/st/stm32cubeide_1.7.0/stm32cubeide/plugins/com.st.stm32cube.ide.mcu.externaltools.gnu-tools-for-stm32.9-2020-q2-update.win32_2.0.0.202105311346/tools/bin/../lib/gcc/arm-none-eabi/9.3.1/../../../../arm-none-eabi/lib/thumb/v6-m/nofp\libc_nano.a(lib_a-nano-svfprintf.o)
                0x0000000008011ce0                __ssputs_r
 .text._svfprintf_r
                0x0000000008011da4      0x200 c:/st/stm32cubeide_1.7.0/stm32cubeide/plugins/com.st.stm32cube.ide.mcu.externaltools.gnu-tools-for-stm32.9-2020-q2-update.win32_2.0.0.202105311346/tools/bin/../lib/gcc/arm-none-eabi/9.3.1/../../../../arm-none-eabi/lib/thumb/v6-m/nofp\libc_nano.a(lib_a-nano-svfprintf.o)
                0x0000000008011da4                _svfiprintf_r
                0x0000000008011da4                _svfprintf_r
 .text._printf_common
                0x0000000008011fa4       0xde c:/st/stm32cubeide_1.7.0/stm32cubeide/plugins/com.st.stm32cube.ide.mcu.externaltools.gnu-tools-for-stm32.9-2020-q2-update.win32_2.0.0.202105311346/tools/bin/../lib/gcc/arm-none-eabi/9.3.1/../../../../arm-none-eabi/lib/thumb/v6-m/nofp\libc_nano.a(lib_a-nano-vfprintf_i.o)
                0x0000000008011fa4                _printf_common
 *fill*         0x0000000008012082        0x2 
 .text._printf_i
                0x0000000008012084      0x224 c:/st/stm32cubeide_1.7.0/stm32cubeide/plugins/com.st.stm32cube.ide.mcu.externaltools.gnu-tools-for-stm32.9-2020-q2-update.win32_2.0.0.202105311346/tools/bin/../lib/gcc/arm-none-eabi/9.3.1/../../../../arm-none-eabi/lib/thumb/v6-m/nofp\libc_nano.a(lib_a-nano-vfprintf_i.o)
                0x0000000008012084                _printf_i
 .text.memchr   0x00000000080122a8       0x16 c:/st/stm32cubeide_1.7.0/stm32cubeide/plugins/com.st.stm32cube.ide.mcu.externaltools.gnu-tools-for-stm32.9-2020-q2-update.win32_2.0.0.202105311346/tools/bin/../lib/gcc/arm-none-eabi/9.3.1/../../../../arm-none-eabi/lib/thumb/v6-m/nofp\libc_nano.a(lib_a-memchr-stub.o)
                0x00000000080122a8                memchr
 .text.memmove  0x00000000080122be       0x26 c:/st/stm32cubeide_1.7.0/stm32cubeide/plugins/com.st.stm32cube.ide.mcu.externaltools.gnu-tools-for-stm32.9-2020-q2-update.win32_2.0.0.202105311346/tools/bin/../lib/gcc/arm-none-eabi/9.3.1/../../../../arm-none-eabi/lib/thumb/v6-m/nofp\libc_nano.a(lib_a-memmove.o)
                0x00000000080122be                memmove
 .text._free_r  0x00000000080122e4       0x94 c:/st/stm32cubeide_1.7.0/stm32cubeide/plugins/com.st.stm32cube.ide.mcu.externaltools.gnu-tools-for-stm32.9-2020-q2-update.win32_2.0.0.202105311346/tools/bin/../lib/gcc/arm-none-eabi/9.3.1/../../../../arm-none-eabi/lib/thumb/v6-m/nofp\libc_nano.a(lib_a-nano-freer.o)
                0x00000000080122e4                _free_r
 .text._malloc_r
                0x0000000008012378       0xbc c:/st/stm32cubeide_1.7.0/stm32cubeide/plugins/com.st.stm32cube.ide.mcu.externaltools.gnu-tools-for-stm32.9-2020-q2-update.win32_2.0.0.202105311346/tools/bin/../lib/gcc/arm-none-eabi/9.3.1/../../../../arm-none-eabi/lib/thumb/v6-m/nofp\libc_nano.a(lib_a-nano-mallocr.o)
                0x0000000008012378                _malloc_r
 .text._realloc_r
                0x0000000008012434       0x4c c:/st/stm32cubeide_1.7.0/stm32cubeide/plugins/com.st.stm32cube.ide.mcu.externaltools.gnu-tools-for-stm32.9-2020-q2-update.win32_2.0.0.202105311346/tools/bin/../lib/gcc/arm-none-eabi/9.3.1/../../../../arm-none-eabi/lib/thumb/v6-m/nofp\libc_nano.a(lib_a-nano-reallocr.o)
                0x0000000008012434                _realloc_r
 .text._sbrk_r  0x0000000008012480       0x24 c:/st/stm32cubeide_1.7.0/stm32cubeide/plugins/com.st.stm32cube.ide.mcu.externaltools.gnu-tools-for-stm32.9-2020-q2-update.win32_2.0.0.202105311346/tools/bin/../lib/gcc/arm-none-eabi/9.3.1/../../../../arm-none-eabi/lib/thumb/v6-m/nofp\libc_nano.a(lib_a-sbrkr.o)
                0x0000000008012480                _sbrk_r
 .text.__malloc_lock
                0x00000000080124a4       0x10 c:/st/stm32cubeide_1.7.0/stm32cubeide/plugins/com.st.stm32cube.ide.mcu.externaltools.gnu-tools-for-stm32.9-2020-q2-update.win32_2.0.0.202105311346/tools/bin/../lib/gcc/arm-none-eabi/9.3.1/../../../../arm-none-eabi/lib/thumb/v6-m/nofp\libc_nano.a(lib_a-mlock.o)
                0x00000000080124a4                __malloc_lock
 .text.__malloc_unlock
                0x00000000080124b4       0x10 c:/st/stm32cubeide_1.7.0/stm32cubeide/plugins/com.st.stm32cube.ide.mcu.externaltools.gnu-tools-for-stm32.9-2020-q2-update.win32_2.0.0.202105311346/tools/bin/../lib/gcc/arm-none-eabi/9.3.1/../../../../arm-none-eabi/lib/thumb/v6-m/nofp\libc_nano.a(lib_a-mlock.o)
                0x00000000080124b4                __malloc_unlock
 .text._malloc_usable_size_r
                0x00000000080124c4       0x10 c:/st/stm32cubeide_1.7.0/stm32cubeide/plugins/com.st.stm32cube.ide.mcu.externaltools.gnu-tools-for-stm32.9-2020-q2-update.win32_2.0.0.202105311346/tools/bin/../lib/gcc/arm-none-eabi/9.3.1/../../../../arm-none-eabi/lib/thumb/v6-m/nofp\libc_nano.a(lib_a-nano-msizer.o)
                0x00000000080124c4                _malloc_usable_size_r
 .text.__retarget_lock_acquire_recursive
                0x00000000080124d4        0x2 c:/st/stm32cubeide_1.7.0/stm32cubeide/plugins/com.st.stm32cube.ide.mcu.externaltools.gnu-tools-for-stm32.9-2020-q2-update.win32_2.0.0.202105311346/tools/bin/../lib/gcc/arm-none-eabi/9.3.1/../../../../arm-none-eabi/lib/thumb/v6-m/nofp\libc_nano.a(lib_a-lock.o)
                0x00000000080124d4                __retarget_lock_acquire_recursive
 .text.__retarget_lock_release_recursive
                0x00000000080124d6        0x2 c:/st/stm32cubeide_1.7.0/stm32cubeide/plugins/com.st.stm32cube.ide.mcu.externaltools.gnu-tools-for-stm32.9-2020-q2-update.win32_2.0.0.202105311346/tools/bin/../lib/gcc/arm-none-eabi/9.3.1/../../../../arm-none-eabi/lib/thumb/v6-m/nofp\libc_nano.a(lib_a-lock.o)
                0x00000000080124d6                __retarget_lock_release_recursive
 *(.glue_7)
 .glue_7        0x00000000080124d8        0x0 linker stubs
 *(.glue_7t)
 .glue_7t       0x00000000080124d8        0x0 linker stubs
 *(.eh_frame)
 .eh_frame      0x00000000080124d8        0x0 c:/st/stm32cubeide_1.7.0/stm32cubeide/plugins/com.st.stm32cube.ide.mcu.externaltools.gnu-tools-for-stm32.9-2020-q2-update.win32_2.0.0.202105311346/tools/bin/../lib/gcc/arm-none-eabi/9.3.1/thumb/v6-m/nofp/crtbegin.o
 *(.init)
 .init          0x00000000080124d8        0x4 c:/st/stm32cubeide_1.7.0/stm32cubeide/plugins/com.st.stm32cube.ide.mcu.externaltools.gnu-tools-for-stm32.9-2020-q2-update.win32_2.0.0.202105311346/tools/bin/../lib/gcc/arm-none-eabi/9.3.1/thumb/v6-m/nofp/crti.o
                0x00000000080124d8                _init
 .init          0x00000000080124dc        0x8 c:/st/stm32cubeide_1.7.0/stm32cubeide/plugins/com.st.stm32cube.ide.mcu.externaltools.gnu-tools-for-stm32.9-2020-q2-update.win32_2.0.0.202105311346/tools/bin/../lib/gcc/arm-none-eabi/9.3.1/thumb/v6-m/nofp/crtn.o
 *(.fini)
 .fini          0x00000000080124e4        0x4 c:/st/stm32cubeide_1.7.0/stm32cubeide/plugins/com.st.stm32cube.ide.mcu.externaltools.gnu-tools-for-stm32.9-2020-q2-update.win32_2.0.0.202105311346/tools/bin/../lib/gcc/arm-none-eabi/9.3.1/thumb/v6-m/nofp/crti.o
                0x00000000080124e4                _fini
 .fini          0x00000000080124e8        0x8 c:/st/stm32cubeide_1.7.0/stm32cubeide/plugins/com.st.stm32cube.ide.mcu.externaltools.gnu-tools-for-stm32.9-2020-q2-update.win32_2.0.0.202105311346/tools/bin/../lib/gcc/arm-none-eabi/9.3.1/thumb/v6-m/nofp/crtn.o
                0x00000000080124f0                . = ALIGN (0x4)
                0x00000000080124f0                _etext = .

.vfp11_veneer   0x00000000080124f0        0x0
 .vfp11_veneer  0x00000000080124f0        0x0 linker stubs

.v4_bx          0x00000000080124f0        0x0
 .v4_bx         0x00000000080124f0        0x0 linker stubs

.iplt           0x00000000080124f0        0x0
 .iplt          0x00000000080124f0        0x0 c:/st/stm32cubeide_1.7.0/stm32cubeide/plugins/com.st.stm32cube.ide.mcu.externaltools.gnu-tools-for-stm32.9-2020-q2-update.win32_2.0.0.202105311346/tools/bin/../lib/gcc/arm-none-eabi/9.3.1/thumb/v6-m/nofp/crtbegin.o

.rodata         0x00000000080124f0      0xf20
                0x00000000080124f0                . = ALIGN (0x4)
 *(.rodata)
 .rodata        0x00000000080124f0      0xc40 ./Core/Src/GSM.o
 .rodata        0x0000000008013130       0x8f ./Core/Src/main.o
 *fill*         0x00000000080131bf        0x1 
 .rodata        0x00000000080131c0       0x20 ./Drivers/STM32F0xx_HAL_Driver/Src/stm32f0xx_hal_rcc.o
 .rodata        0x00000000080131e0        0x5 ./Middlewares/Third_Party/FreeRTOS/Source/tasks.o
 *(.rodata*)
 *fill*         0x00000000080131e5        0x3 
 .rodata.GSM_Service
                0x00000000080131e8       0xdc ./Core/Src/GSM.o
 .rodata.AHBPrescTable
                0x00000000080132c4       0x10 ./Core/Src/system_stm32f0xx.o
                0x00000000080132c4                AHBPrescTable
 .rodata.APBPrescTable
                0x00000000080132d4        0x8 ./Core/Src/system_stm32f0xx.o
                0x00000000080132d4                APBPrescTable
 .rodata._ctype_
                0x00000000080132dc      0x101 c:/st/stm32cubeide_1.7.0/stm32cubeide/plugins/com.st.stm32cube.ide.mcu.externaltools.gnu-tools-for-stm32.9-2020-q2-update.win32_2.0.0.202105311346/tools/bin/../lib/gcc/arm-none-eabi/9.3.1/../../../../arm-none-eabi/lib/thumb/v6-m/nofp\libc_nano.a(lib_a-ctype_.o)
                0x00000000080132dc                _ctype_
 .rodata._svfprintf_r.str1.1
                0x00000000080133dd       0x11 c:/st/stm32cubeide_1.7.0/stm32cubeide/plugins/com.st.stm32cube.ide.mcu.externaltools.gnu-tools-for-stm32.9-2020-q2-update.win32_2.0.0.202105311346/tools/bin/../lib/gcc/arm-none-eabi/9.3.1/../../../../arm-none-eabi/lib/thumb/v6-m/nofp\libc_nano.a(lib_a-nano-svfprintf.o)
 .rodata._printf_i.str1.1
                0x00000000080133ee       0x22 c:/st/stm32cubeide_1.7.0/stm32cubeide/plugins/com.st.stm32cube.ide.mcu.externaltools.gnu-tools-for-stm32.9-2020-q2-update.win32_2.0.0.202105311346/tools/bin/../lib/gcc/arm-none-eabi/9.3.1/../../../../arm-none-eabi/lib/thumb/v6-m/nofp\libc_nano.a(lib_a-nano-vfprintf_i.o)
                0x0000000008013410                . = ALIGN (0x4)

.rel.dyn        0x0000000008013410        0x0
 .rel.iplt      0x0000000008013410        0x0 c:/st/stm32cubeide_1.7.0/stm32cubeide/plugins/com.st.stm32cube.ide.mcu.externaltools.gnu-tools-for-stm32.9-2020-q2-update.win32_2.0.0.202105311346/tools/bin/../lib/gcc/arm-none-eabi/9.3.1/thumb/v6-m/nofp/crtbegin.o

.ARM.extab      0x0000000008013410        0x0
                0x0000000008013410                . = ALIGN (0x4)
 *(.ARM.extab* .gnu.linkonce.armextab.*)
                0x0000000008013410                . = ALIGN (0x4)

.ARM            0x0000000008013410        0x0
                0x0000000008013410                . = ALIGN (0x4)
                0x0000000008013410                __exidx_start = .
 *(.ARM.exidx*)
                0x0000000008013410                __exidx_end = .
                0x0000000008013410                . = ALIGN (0x4)

.preinit_array  0x0000000008013410        0x0
                0x0000000008013410                . = ALIGN (0x4)
                0x0000000008013410                PROVIDE (__preinit_array_start = .)
 *(.preinit_array*)
                0x0000000008013410                PROVIDE (__preinit_array_end = .)
                0x0000000008013410                . = ALIGN (0x4)

.init_array     0x0000000008013410        0x4
                0x0000000008013410                . = ALIGN (0x4)
                0x0000000008013410                PROVIDE (__init_array_start = .)
 *(SORT_BY_NAME(.init_array.*))
 *(.init_array*)
 .init_array    0x0000000008013410        0x4 c:/st/stm32cubeide_1.7.0/stm32cubeide/plugins/com.st.stm32cube.ide.mcu.externaltools.gnu-tools-for-stm32.9-2020-q2-update.win32_2.0.0.202105311346/tools/bin/../lib/gcc/arm-none-eabi/9.3.1/thumb/v6-m/nofp/crtbegin.o
                0x0000000008013414                PROVIDE (__init_array_end = .)
                0x0000000008013414                . = ALIGN (0x4)

.fini_array     0x0000000008013414        0x4
                0x0000000008013414                . = ALIGN (0x4)
                [!provide]                        PROVIDE (__fini_array_start = .)
 *(SORT_BY_NAME(.fini_array.*))
 *(.fini_array*)
 .fini_array    0x0000000008013414        0x4 c:/st/stm32cubeide_1.7.0/stm32cubeide/plugins/com.st.stm32cube.ide.mcu.externaltools.gnu-tools-for-stm32.9-2020-q2-update.win32_2.0.0.202105311346/tools/bin/../lib/gcc/arm-none-eabi/9.3.1/thumb/v6-m/nofp/crtbegin.o
                [!provide]                        PROVIDE (__fini_array_end = .)
                0x0000000008013418                . = ALIGN (0x4)
                0x0000000008013418                _sidata = LOADADDR (.data)

.data           0x00000000200000c0       0x88 load address 0x0000000008013418
                0x00000000200000c0                . = ALIGN (0x4)
                0x00000000200000c0                _sdata = .
 *(.data)
 *(.data*)
 .data.gsmState
                0x00000000200000c0        0x1 ./Core/Src/GSM.o
                0x00000000200000c0                gsmState
 *fill*         0x00000000200000c1        0x3 
 .data.ftpseek  0x00000000200000c4        0x4 ./Core/Src/GSM.o
                0x00000000200000c4                ftpseek
 .data.ftpinc   0x00000000200000c8        0x4 ./Core/Src/GSM.o
                0x00000000200000c8                ftpinc
 .data.ftpPacket
                0x00000000200000cc        0x4 ./Core/Src/GSM.o
                0x00000000200000cc                ftpPacket
 .data.mqttState
                0x00000000200000d0        0x1 ./Core/Src/GSM.o
                0x00000000200000d0                mqttState
 *fill*         0x00000000200000d1        0x3 
 .data.SystemCoreClock
                0x00000000200000d4        0x4 ./Core/Src/system_stm32f0xx.o
                0x00000000200000d4                SystemCoreClock
 .data.uwTickPrio
                0x00000000200000d8        0x4 ./Drivers/STM32F0xx_HAL_Driver/Src/stm32f0xx_hal.o
                0x00000000200000d8                uwTickPrio
 .data.uwTickFreq
                0x00000000200000dc        0x1 ./Drivers/STM32F0xx_HAL_Driver/Src/stm32f0xx_hal.o
                0x00000000200000dc                uwTickFreq
 *fill*         0x00000000200000dd        0x3 
 .data.uxCriticalNesting
                0x00000000200000e0        0x4 ./Middlewares/Third_Party/FreeRTOS/Source/portable/GCC/ARM_CM0/port.o
 .data._impure_ptr
                0x00000000200000e4        0x4 c:/st/stm32cubeide_1.7.0/stm32cubeide/plugins/com.st.stm32cube.ide.mcu.externaltools.gnu-tools-for-stm32.9-2020-q2-update.win32_2.0.0.202105311346/tools/bin/../lib/gcc/arm-none-eabi/9.3.1/../../../../arm-none-eabi/lib/thumb/v6-m/nofp\libc_nano.a(lib_a-impure.o)
                0x00000000200000e4                _impure_ptr
 .data.impure_data
                0x00000000200000e8       0x60 c:/st/stm32cubeide_1.7.0/stm32cubeide/plugins/com.st.stm32cube.ide.mcu.externaltools.gnu-tools-for-stm32.9-2020-q2-update.win32_2.0.0.202105311346/tools/bin/../lib/gcc/arm-none-eabi/9.3.1/../../../../arm-none-eabi/lib/thumb/v6-m/nofp\libc_nano.a(lib_a-impure.o)
 *(.RamFunc)
 *(.RamFunc*)
                0x0000000020000148                . = ALIGN (0x4)
                0x0000000020000148                _edata = .

.igot.plt       0x0000000020000148        0x0 load address 0x00000000080134a0
 .igot.plt      0x0000000020000148        0x0 c:/st/stm32cubeide_1.7.0/stm32cubeide/plugins/com.st.stm32cube.ide.mcu.externaltools.gnu-tools-for-stm32.9-2020-q2-update.win32_2.0.0.202105311346/tools/bin/../lib/gcc/arm-none-eabi/9.3.1/thumb/v6-m/nofp/crtbegin.o
                0x0000000020000148                . = ALIGN (0x4)

.bss            0x0000000020000148     0x19e0 load address 0x00000000080134a0
                0x0000000020000148                _sbss = .
                0x0000000020000148                __bss_start__ = _sbss
 *(.bss)
 .bss           0x0000000020000148       0x1c c:/st/stm32cubeide_1.7.0/stm32cubeide/plugins/com.st.stm32cube.ide.mcu.externaltools.gnu-tools-for-stm32.9-2020-q2-update.win32_2.0.0.202105311346/tools/bin/../lib/gcc/arm-none-eabi/9.3.1/thumb/v6-m/nofp/crtbegin.o
 *(.bss*)
 .bss.onTimer   0x0000000020000164        0x2 ./Core/Src/GSM.o
                0x0000000020000164                onTimer
 *fill*         0x0000000020000166        0x2 
 .bss.recBuffPointerWrite
                0x0000000020000168        0x4 ./Core/Src/GSM.o
                0x0000000020000168                recBuffPointerWrite
 .bss.recBuffPointerRead
                0x000000002000016c        0x4 ./Core/Src/GSM.o
                0x000000002000016c                recBuffPointerRead
 .bss.procBuffpointer
                0x0000000020000170        0x4 ./Core/Src/GSM.o
                0x0000000020000170                procBuffpointer
 .bss.MQTTBuffpointer
                0x0000000020000174        0x4 ./Core/Src/GSM.o
                0x0000000020000174                MQTTBuffpointer
 .bss.errorTimer
                0x0000000020000178        0x4 ./Core/Src/GSM.o
                0x0000000020000178                errorTimer
 .bss.restartTimer
                0x000000002000017c        0x4 ./Core/Src/GSM.o
                0x000000002000017c                restartTimer
 .bss.gsmTimeout
                0x0000000020000180        0x4 ./Core/Src/GSM.o
                0x0000000020000180                gsmTimeout
 .bss.gsmSend   0x0000000020000184        0x4 ./Core/Src/GSM.o
                0x0000000020000184                gsmSend
 .bss.xIdleTaskTCBBuffer
                0x0000000020000188       0x54 ./Core/Src/freertos.o
 .bss.xIdleStack
                0x00000000200001dc      0x200 ./Core/Src/freertos.o
 .bss.__sbrk_heap_end
                0x00000000200003dc        0x4 ./Core/Src/sysmem.o
 .bss.pxCurrentTCB
                0x00000000200003e0        0x4 ./Middlewares/Third_Party/FreeRTOS/Source/tasks.o
                0x00000000200003e0                pxCurrentTCB
 .bss.pxReadyTasksLists
                0x00000000200003e4       0x8c ./Middlewares/Third_Party/FreeRTOS/Source/tasks.o
 .bss.xDelayedTaskList1
                0x0000000020000470       0x14 ./Middlewares/Third_Party/FreeRTOS/Source/tasks.o
 .bss.xDelayedTaskList2
                0x0000000020000484       0x14 ./Middlewares/Third_Party/FreeRTOS/Source/tasks.o
 .bss.pxDelayedTaskList
                0x0000000020000498        0x4 ./Middlewares/Third_Party/FreeRTOS/Source/tasks.o
 .bss.pxOverflowDelayedTaskList
                0x000000002000049c        0x4 ./Middlewares/Third_Party/FreeRTOS/Source/tasks.o
 .bss.xPendingReadyList
                0x00000000200004a0       0x14 ./Middlewares/Third_Party/FreeRTOS/Source/tasks.o
 .bss.xTasksWaitingTermination
                0x00000000200004b4       0x14 ./Middlewares/Third_Party/FreeRTOS/Source/tasks.o
 .bss.uxDeletedTasksWaitingCleanUp
                0x00000000200004c8        0x4 ./Middlewares/Third_Party/FreeRTOS/Source/tasks.o
 .bss.xSuspendedTaskList
                0x00000000200004cc       0x14 ./Middlewares/Third_Party/FreeRTOS/Source/tasks.o
 .bss.uxCurrentNumberOfTasks
                0x00000000200004e0        0x4 ./Middlewares/Third_Party/FreeRTOS/Source/tasks.o
 .bss.xTickCount
                0x00000000200004e4        0x4 ./Middlewares/Third_Party/FreeRTOS/Source/tasks.o
 .bss.uxTopReadyPriority
                0x00000000200004e8        0x4 ./Middlewares/Third_Party/FreeRTOS/Source/tasks.o
 .bss.xSchedulerRunning
                0x00000000200004ec        0x4 ./Middlewares/Third_Party/FreeRTOS/Source/tasks.o
 .bss.uxPendedTicks
                0x00000000200004f0        0x4 ./Middlewares/Third_Party/FreeRTOS/Source/tasks.o
 .bss.xYieldPending
                0x00000000200004f4        0x4 ./Middlewares/Third_Party/FreeRTOS/Source/tasks.o
 .bss.xNumOfOverflows
                0x00000000200004f8        0x4 ./Middlewares/Third_Party/FreeRTOS/Source/tasks.o
 .bss.uxTaskNumber
                0x00000000200004fc        0x4 ./Middlewares/Third_Party/FreeRTOS/Source/tasks.o
 .bss.xNextTaskUnblockTime
                0x0000000020000500        0x4 ./Middlewares/Third_Party/FreeRTOS/Source/tasks.o
 .bss.xIdleTaskHandle
                0x0000000020000504        0x4 ./Middlewares/Third_Party/FreeRTOS/Source/tasks.o
 .bss.uxSchedulerSuspended
                0x0000000020000508        0x4 ./Middlewares/Third_Party/FreeRTOS/Source/tasks.o
 .bss.ucHeap    0x000000002000050c      0xc00 ./Middlewares/Third_Party/FreeRTOS/Source/portable/MemMang/heap_4.o
 .bss.xStart    0x000000002000110c        0x8 ./Middlewares/Third_Party/FreeRTOS/Source/portable/MemMang/heap_4.o
 .bss.pxEnd     0x0000000020001114        0x4 ./Middlewares/Third_Party/FreeRTOS/Source/portable/MemMang/heap_4.o
 .bss.xFreeBytesRemaining
                0x0000000020001118        0x4 ./Middlewares/Third_Party/FreeRTOS/Source/portable/MemMang/heap_4.o
 .bss.xMinimumEverFreeBytesRemaining
                0x000000002000111c        0x4 ./Middlewares/Third_Party/FreeRTOS/Source/portable/MemMang/heap_4.o
 .bss.xBlockAllocatedBit
                0x0000000020001120        0x4 ./Middlewares/Third_Party/FreeRTOS/Source/portable/MemMang/heap_4.o
 .bss.__malloc_free_list
                0x0000000020001124        0x4 c:/st/stm32cubeide_1.7.0/stm32cubeide/plugins/com.st.stm32cube.ide.mcu.externaltools.gnu-tools-for-stm32.9-2020-q2-update.win32_2.0.0.202105311346/tools/bin/../lib/gcc/arm-none-eabi/9.3.1/../../../../arm-none-eabi/lib/thumb/v6-m/nofp\libc_nano.a(lib_a-nano-mallocr.o)
                0x0000000020001124                __malloc_free_list
 .bss.__malloc_sbrk_start
                0x0000000020001128        0x4 c:/st/stm32cubeide_1.7.0/stm32cubeide/plugins/com.st.stm32cube.ide.mcu.externaltools.gnu-tools-for-stm32.9-2020-q2-update.win32_2.0.0.202105311346/tools/bin/../lib/gcc/arm-none-eabi/9.3.1/../../../../arm-none-eabi/lib/thumb/v6-m/nofp\libc_nano.a(lib_a-nano-mallocr.o)
                0x0000000020001128                __malloc_sbrk_start
 *(COMMON)
 COMMON         0x000000002000112c      0x871 ./Core/Src/GSM.o
                0x000000002000112c                smsFlags
                0x000000002000115c                recBuffDebug
                0x0000000020001288                v1s
                0x0000000020001290                GPRSresult
                0x0000000020001298                smsInfo
                0x0000000020001434                temp
                0x0000000020001498                v2s
                0x00000000200014a0                tempGPRS
                0x00000000200014c8                SMScontent
                0x0000000020001568                mqttCounter
                0x000000002000156c                gsmTimer
                0x0000000020001570                voltage
                0x0000000020001574                filesize
                0x0000000020001578                temp1
                0x000000002000158c                quality
                0x0000000020001598                gprsTimer
                0x000000002000159c                resetFunc
                0x00000000200015a0                procBuff
                0x0000000020001688                mqttReceived
                0x0000000020001720                gsmInfo
                0x00000000200018ac                dummy
                0x00000000200018e0                ftpReceived
                0x0000000020001978                ftpReceive
                0x000000002000197c                ftpRead
                0x0000000020001980                smsTimer
                0x0000000020001984                FID
                0x0000000020001998                current1
                0x000000002000199c                ftpPad
 *fill*         0x000000002000199d        0x3 
 COMMON         0x00000000200019a0      0x174 ./Core/Src/main.o
                0x00000000200019a0                defaultTaskHandle
                0x00000000200019a4                hspi2
                0x0000000020001a08                huart1
                0x0000000020001a8c                myTask02Handle
                0x0000000020001a90                huart2
 COMMON         0x0000000020001b14        0x4 ./Drivers/STM32F0xx_HAL_Driver/Src/stm32f0xx_hal.o
                0x0000000020001b14                uwTick
 COMMON         0x0000000020001b18        0x4 c:/st/stm32cubeide_1.7.0/stm32cubeide/plugins/com.st.stm32cube.ide.mcu.externaltools.gnu-tools-for-stm32.9-2020-q2-update.win32_2.0.0.202105311346/tools/bin/../lib/gcc/arm-none-eabi/9.3.1/../../../../arm-none-eabi/lib/thumb/v6-m/nofp\libc_nano.a(lib_a-reent.o)
                0x0000000020001b18                errno
 COMMON         0x0000000020001b1c        0x9 c:/st/stm32cubeide_1.7.0/stm32cubeide/plugins/com.st.stm32cube.ide.mcu.externaltools.gnu-tools-for-stm32.9-2020-q2-update.win32_2.0.0.202105311346/tools/bin/../lib/gcc/arm-none-eabi/9.3.1/../../../../arm-none-eabi/lib/thumb/v6-m/nofp\libc_nano.a(lib_a-lock.o)
                0x0000000020001b1c                __lock___atexit_recursive_mutex
                0x0000000020001b1d                __lock___arc4random_mutex
                0x0000000020001b1e                __lock___env_recursive_mutex
                0x0000000020001b1f                __lock___sinit_recursive_mutex
                0x0000000020001b20                __lock___malloc_recursive_mutex
                0x0000000020001b21                __lock___at_quick_exit_mutex
                0x0000000020001b22                __lock___dd_hash_mutex
                0x0000000020001b23                __lock___tz_mutex
                0x0000000020001b24                __lock___sfp_recursive_mutex
                0x0000000020001b28                . = ALIGN (0x4)
 *fill*         0x0000000020001b25        0x3 
                0x0000000020001b28                _ebss = .
                0x0000000020001b28                __bss_end__ = _ebss

._user_heap_stack
                0x0000000020001b28      0x600 load address 0x00000000080134a0
                0x0000000020001b28                . = ALIGN (0x8)
                [!provide]                        PROVIDE (end = .)
                0x0000000020001b28                PROVIDE (_end = .)
                0x0000000020001d28                . = (. + _Min_Heap_Size)
 *fill*         0x0000000020001b28      0x200 
                0x0000000020002128                . = (. + _Min_Stack_Size)
 *fill*         0x0000000020001d28      0x400 
                0x0000000020002128                . = ALIGN (0x8)

/DISCARD/
 libc.a(*)
 libm.a(*)
 libgcc.a(*)

.ARM.attributes
                0x0000000000000000       0x28
 *(.ARM.attributes)
 .ARM.attributes
                0x0000000000000000       0x1e c:/st/stm32cubeide_1.7.0/stm32cubeide/plugins/com.st.stm32cube.ide.mcu.externaltools.gnu-tools-for-stm32.9-2020-q2-update.win32_2.0.0.202105311346/tools/bin/../lib/gcc/arm-none-eabi/9.3.1/thumb/v6-m/nofp/crti.o
 .ARM.attributes
                0x000000000000001e       0x2c c:/st/stm32cubeide_1.7.0/stm32cubeide/plugins/com.st.stm32cube.ide.mcu.externaltools.gnu-tools-for-stm32.9-2020-q2-update.win32_2.0.0.202105311346/tools/bin/../lib/gcc/arm-none-eabi/9.3.1/thumb/v6-m/nofp/crtbegin.o
 .ARM.attributes
                0x000000000000004a       0x2c ./Core/Src/GSM.o
 .ARM.attributes
                0x0000000000000076       0x2c ./Core/Src/freertos.o
 .ARM.attributes
                0x00000000000000a2       0x2c ./Core/Src/main.o
 .ARM.attributes
                0x00000000000000ce       0x2c ./Core/Src/myString.o
 .ARM.attributes
                0x00000000000000fa       0x2c ./Core/Src/stm32f0xx_hal_msp.o
 .ARM.attributes
                0x0000000000000126       0x2c ./Core/Src/stm32f0xx_it.o
 .ARM.attributes
                0x0000000000000152       0x2c ./Core/Src/sysmem.o
 .ARM.attributes
                0x000000000000017e       0x2c ./Core/Src/system_stm32f0xx.o
 .ARM.attributes
                0x00000000000001aa       0x21 ./Core/Startup/startup_stm32f072cbtx.o
 .ARM.attributes
                0x00000000000001cb       0x2c ./Drivers/STM32F0xx_HAL_Driver/Src/stm32f0xx_hal.o
 .ARM.attributes
                0x00000000000001f7       0x2c ./Drivers/STM32F0xx_HAL_Driver/Src/stm32f0xx_hal_cortex.o
 .ARM.attributes
                0x0000000000000223       0x2c ./Drivers/STM32F0xx_HAL_Driver/Src/stm32f0xx_hal_dma.o
 .ARM.attributes
                0x000000000000024f       0x2c ./Drivers/STM32F0xx_HAL_Driver/Src/stm32f0xx_hal_gpio.o
 .ARM.attributes
                0x000000000000027b       0x2c ./Drivers/STM32F0xx_HAL_Driver/Src/stm32f0xx_hal_rcc.o
 .ARM.attributes
                0x00000000000002a7       0x2c ./Drivers/STM32F0xx_HAL_Driver/Src/stm32f0xx_hal_rcc_ex.o
 .ARM.attributes
                0x00000000000002d3       0x2c ./Drivers/STM32F0xx_HAL_Driver/Src/stm32f0xx_hal_spi.o
 .ARM.attributes
                0x00000000000002ff       0x2c ./Drivers/STM32F0xx_HAL_Driver/Src/stm32f0xx_hal_uart.o
 .ARM.attributes
                0x000000000000032b       0x2c ./Drivers/STM32F0xx_HAL_Driver/Src/stm32f0xx_hal_uart_ex.o
 .ARM.attributes
                0x0000000000000357       0x2c ./Middlewares/Third_Party/FreeRTOS/Source/CMSIS_RTOS/cmsis_os.o
 .ARM.attributes
                0x0000000000000383       0x2c ./Middlewares/Third_Party/FreeRTOS/Source/list.o
 .ARM.attributes
                0x00000000000003af       0x2c ./Middlewares/Third_Party/FreeRTOS/Source/tasks.o
 .ARM.attributes
                0x00000000000003db       0x2c ./Middlewares/Third_Party/FreeRTOS/Source/portable/GCC/ARM_CM0/port.o
 .ARM.attributes
                0x0000000000000407       0x2c ./Middlewares/Third_Party/FreeRTOS/Source/portable/MemMang/heap_4.o
 .ARM.attributes
                0x0000000000000433       0x2c c:/st/stm32cubeide_1.7.0/stm32cubeide/plugins/com.st.stm32cube.ide.mcu.externaltools.gnu-tools-for-stm32.9-2020-q2-update.win32_2.0.0.202105311346/tools/bin/../lib/gcc/arm-none-eabi/9.3.1/../../../../arm-none-eabi/lib/thumb/v6-m/nofp\libc_nano.a(lib_a-atoi.o)
 .ARM.attributes
                0x000000000000045f       0x2c c:/st/stm32cubeide_1.7.0/stm32cubeide/plugins/com.st.stm32cube.ide.mcu.externaltools.gnu-tools-for-stm32.9-2020-q2-update.win32_2.0.0.202105311346/tools/bin/../lib/gcc/arm-none-eabi/9.3.1/../../../../arm-none-eabi/lib/thumb/v6-m/nofp\libc_nano.a(lib_a-errno.o)
 .ARM.attributes
                0x000000000000048b       0x2c c:/st/stm32cubeide_1.7.0/stm32cubeide/plugins/com.st.stm32cube.ide.mcu.externaltools.gnu-tools-for-stm32.9-2020-q2-update.win32_2.0.0.202105311346/tools/bin/../lib/gcc/arm-none-eabi/9.3.1/../../../../arm-none-eabi/lib/thumb/v6-m/nofp\libc_nano.a(lib_a-impure.o)
 .ARM.attributes
                0x00000000000004b7       0x2c c:/st/stm32cubeide_1.7.0/stm32cubeide/plugins/com.st.stm32cube.ide.mcu.externaltools.gnu-tools-for-stm32.9-2020-q2-update.win32_2.0.0.202105311346/tools/bin/../lib/gcc/arm-none-eabi/9.3.1/../../../../arm-none-eabi/lib/thumb/v6-m/nofp\libc_nano.a(lib_a-init.o)
 .ARM.attributes
                0x00000000000004e3       0x2c c:/st/stm32cubeide_1.7.0/stm32cubeide/plugins/com.st.stm32cube.ide.mcu.externaltools.gnu-tools-for-stm32.9-2020-q2-update.win32_2.0.0.202105311346/tools/bin/../lib/gcc/arm-none-eabi/9.3.1/../../../../arm-none-eabi/lib/thumb/v6-m/nofp\libc_nano.a(lib_a-memcpy-stub.o)
 .ARM.attributes
                0x000000000000050f       0x2c c:/st/stm32cubeide_1.7.0/stm32cubeide/plugins/com.st.stm32cube.ide.mcu.externaltools.gnu-tools-for-stm32.9-2020-q2-update.win32_2.0.0.202105311346/tools/bin/../lib/gcc/arm-none-eabi/9.3.1/../../../../arm-none-eabi/lib/thumb/v6-m/nofp\libc_nano.a(lib_a-memset.o)
 .ARM.attributes
                0x000000000000053b       0x2c c:/st/stm32cubeide_1.7.0/stm32cubeide/plugins/com.st.stm32cube.ide.mcu.externaltools.gnu-tools-for-stm32.9-2020-q2-update.win32_2.0.0.202105311346/tools/bin/../lib/gcc/arm-none-eabi/9.3.1/../../../../arm-none-eabi/lib/thumb/v6-m/nofp\libc_nano.a(lib_a-sprintf.o)
 .ARM.attributes
                0x0000000000000567       0x2c c:/st/stm32cubeide_1.7.0/stm32cubeide/plugins/com.st.stm32cube.ide.mcu.externaltools.gnu-tools-for-stm32.9-2020-q2-update.win32_2.0.0.202105311346/tools/bin/../lib/gcc/arm-none-eabi/9.3.1/../../../../arm-none-eabi/lib/thumb/v6-m/nofp\libc_nano.a(lib_a-strcat.o)
 .ARM.attributes
                0x0000000000000593       0x1c c:/st/stm32cubeide_1.7.0/stm32cubeide/plugins/com.st.stm32cube.ide.mcu.externaltools.gnu-tools-for-stm32.9-2020-q2-update.win32_2.0.0.202105311346/tools/bin/../lib/gcc/arm-none-eabi/9.3.1/../../../../arm-none-eabi/lib/thumb/v6-m/nofp\libc_nano.a(lib_a-strcmp.o)
 .ARM.attributes
                0x00000000000005af       0x2c c:/st/stm32cubeide_1.7.0/stm32cubeide/plugins/com.st.stm32cube.ide.mcu.externaltools.gnu-tools-for-stm32.9-2020-q2-update.win32_2.0.0.202105311346/tools/bin/../lib/gcc/arm-none-eabi/9.3.1/../../../../arm-none-eabi/lib/thumb/v6-m/nofp\libc_nano.a(lib_a-strcpy.o)
 .ARM.attributes
                0x00000000000005db       0x1c c:/st/stm32cubeide_1.7.0/stm32cubeide/plugins/com.st.stm32cube.ide.mcu.externaltools.gnu-tools-for-stm32.9-2020-q2-update.win32_2.0.0.202105311346/tools/bin/../lib/gcc/arm-none-eabi/9.3.1/../../../../arm-none-eabi/lib/thumb/v6-m/nofp\libc_nano.a(lib_a-strlen.o)
 .ARM.attributes
                0x00000000000005f7       0x2c c:/st/stm32cubeide_1.7.0/stm32cubeide/plugins/com.st.stm32cube.ide.mcu.externaltools.gnu-tools-for-stm32.9-2020-q2-update.win32_2.0.0.202105311346/tools/bin/../lib/gcc/arm-none-eabi/9.3.1/../../../../arm-none-eabi/lib/thumb/v6-m/nofp\libc_nano.a(lib_a-strncmp.o)
 .ARM.attributes
                0x0000000000000623       0x2c c:/st/stm32cubeide_1.7.0/stm32cubeide/plugins/com.st.stm32cube.ide.mcu.externaltools.gnu-tools-for-stm32.9-2020-q2-update.win32_2.0.0.202105311346/tools/bin/../lib/gcc/arm-none-eabi/9.3.1/../../../../arm-none-eabi/lib/thumb/v6-m/nofp\libc_nano.a(lib_a-strtol.o)
 .ARM.attributes
                0x000000000000064f       0x2c c:/st/stm32cubeide_1.7.0/stm32cubeide/plugins/com.st.stm32cube.ide.mcu.externaltools.gnu-tools-for-stm32.9-2020-q2-update.win32_2.0.0.202105311346/tools/bin/../lib/gcc/arm-none-eabi/9.3.1/../../../../arm-none-eabi/lib/thumb/v6-m/nofp\libc_nano.a(lib_a-ctype_.o)
 .ARM.attributes
                0x000000000000067b       0x2c c:/st/stm32cubeide_1.7.0/stm32cubeide/plugins/com.st.stm32cube.ide.mcu.externaltools.gnu-tools-for-stm32.9-2020-q2-update.win32_2.0.0.202105311346/tools/bin/../lib/gcc/arm-none-eabi/9.3.1/../../../../arm-none-eabi/lib/thumb/v6-m/nofp\libc_nano.a(lib_a-nano-svfprintf.o)
 .ARM.attributes
                0x00000000000006a7       0x2c c:/st/stm32cubeide_1.7.0/stm32cubeide/plugins/com.st.stm32cube.ide.mcu.externaltools.gnu-tools-for-stm32.9-2020-q2-update.win32_2.0.0.202105311346/tools/bin/../lib/gcc/arm-none-eabi/9.3.1/../../../../arm-none-eabi/lib/thumb/v6-m/nofp\libc_nano.a(lib_a-nano-vfprintf_i.o)
 .ARM.attributes
                0x00000000000006d3       0x2c c:/st/stm32cubeide_1.7.0/stm32cubeide/plugins/com.st.stm32cube.ide.mcu.externaltools.gnu-tools-for-stm32.9-2020-q2-update.win32_2.0.0.202105311346/tools/bin/../lib/gcc/arm-none-eabi/9.3.1/../../../../arm-none-eabi/lib/thumb/v6-m/nofp\libc_nano.a(lib_a-memchr-stub.o)
 .ARM.attributes
                0x00000000000006ff       0x2c c:/st/stm32cubeide_1.7.0/stm32cubeide/plugins/com.st.stm32cube.ide.mcu.externaltools.gnu-tools-for-stm32.9-2020-q2-update.win32_2.0.0.202105311346/tools/bin/../lib/gcc/arm-none-eabi/9.3.1/../../../../arm-none-eabi/lib/thumb/v6-m/nofp\libc_nano.a(lib_a-memmove.o)
 .ARM.attributes
                0x000000000000072b       0x2c c:/st/stm32cubeide_1.7.0/stm32cubeide/plugins/com.st.stm32cube.ide.mcu.externaltools.gnu-tools-for-stm32.9-2020-q2-update.win32_2.0.0.202105311346/tools/bin/../lib/gcc/arm-none-eabi/9.3.1/../../../../arm-none-eabi/lib/thumb/v6-m/nofp\libc_nano.a(lib_a-nano-freer.o)
 .ARM.attributes
                0x0000000000000757       0x2c c:/st/stm32cubeide_1.7.0/stm32cubeide/plugins/com.st.stm32cube.ide.mcu.externaltools.gnu-tools-for-stm32.9-2020-q2-update.win32_2.0.0.202105311346/tools/bin/../lib/gcc/arm-none-eabi/9.3.1/../../../../arm-none-eabi/lib/thumb/v6-m/nofp\libc_nano.a(lib_a-nano-mallocr.o)
 .ARM.attributes
                0x0000000000000783       0x2c c:/st/stm32cubeide_1.7.0/stm32cubeide/plugins/com.st.stm32cube.ide.mcu.externaltools.gnu-tools-for-stm32.9-2020-q2-update.win32_2.0.0.202105311346/tools/bin/../lib/gcc/arm-none-eabi/9.3.1/../../../../arm-none-eabi/lib/thumb/v6-m/nofp\libc_nano.a(lib_a-nano-reallocr.o)
 .ARM.attributes
                0x00000000000007af       0x2c c:/st/stm32cubeide_1.7.0/stm32cubeide/plugins/com.st.stm32cube.ide.mcu.externaltools.gnu-tools-for-stm32.9-2020-q2-update.win32_2.0.0.202105311346/tools/bin/../lib/gcc/arm-none-eabi/9.3.1/../../../../arm-none-eabi/lib/thumb/v6-m/nofp\libc_nano.a(lib_a-sbrkr.o)
 .ARM.attributes
                0x00000000000007db       0x2c c:/st/stm32cubeide_1.7.0/stm32cubeide/plugins/com.st.stm32cube.ide.mcu.externaltools.gnu-tools-for-stm32.9-2020-q2-update.win32_2.0.0.202105311346/tools/bin/../lib/gcc/arm-none-eabi/9.3.1/../../../../arm-none-eabi/lib/thumb/v6-m/nofp\libc_nano.a(lib_a-mlock.o)
 .ARM.attributes
                0x0000000000000807       0x2c c:/st/stm32cubeide_1.7.0/stm32cubeide/plugins/com.st.stm32cube.ide.mcu.externaltools.gnu-tools-for-stm32.9-2020-q2-update.win32_2.0.0.202105311346/tools/bin/../lib/gcc/arm-none-eabi/9.3.1/../../../../arm-none-eabi/lib/thumb/v6-m/nofp\libc_nano.a(lib_a-nano-msizer.o)
 .ARM.attributes
                0x0000000000000833       0x2c c:/st/stm32cubeide_1.7.0/stm32cubeide/plugins/com.st.stm32cube.ide.mcu.externaltools.gnu-tools-for-stm32.9-2020-q2-update.win32_2.0.0.202105311346/tools/bin/../lib/gcc/arm-none-eabi/9.3.1/../../../../arm-none-eabi/lib/thumb/v6-m/nofp\libc_nano.a(lib_a-reent.o)
 .ARM.attributes
                0x000000000000085f       0x2c c:/st/stm32cubeide_1.7.0/stm32cubeide/plugins/com.st.stm32cube.ide.mcu.externaltools.gnu-tools-for-stm32.9-2020-q2-update.win32_2.0.0.202105311346/tools/bin/../lib/gcc/arm-none-eabi/9.3.1/../../../../arm-none-eabi/lib/thumb/v6-m/nofp\libc_nano.a(lib_a-lock.o)
 .ARM.attributes
                0x000000000000088b       0x1e c:/st/stm32cubeide_1.7.0/stm32cubeide/plugins/com.st.stm32cube.ide.mcu.externaltools.gnu-tools-for-stm32.9-2020-q2-update.win32_2.0.0.202105311346/tools/bin/../lib/gcc/arm-none-eabi/9.3.1/thumb/v6-m/nofp\libgcc.a(_thumb1_case_shi.o)
 .ARM.attributes
                0x00000000000008a9       0x1e c:/st/stm32cubeide_1.7.0/stm32cubeide/plugins/com.st.stm32cube.ide.mcu.externaltools.gnu-tools-for-stm32.9-2020-q2-update.win32_2.0.0.202105311346/tools/bin/../lib/gcc/arm-none-eabi/9.3.1/thumb/v6-m/nofp\libgcc.a(_udivsi3.o)
 .ARM.attributes
                0x00000000000008c7       0x1e c:/st/stm32cubeide_1.7.0/stm32cubeide/plugins/com.st.stm32cube.ide.mcu.externaltools.gnu-tools-for-stm32.9-2020-q2-update.win32_2.0.0.202105311346/tools/bin/../lib/gcc/arm-none-eabi/9.3.1/thumb/v6-m/nofp\libgcc.a(_dvmd_tls.o)
 .ARM.attributes
                0x00000000000008e5       0x1e c:/st/stm32cubeide_1.7.0/stm32cubeide/plugins/com.st.stm32cube.ide.mcu.externaltools.gnu-tools-for-stm32.9-2020-q2-update.win32_2.0.0.202105311346/tools/bin/../lib/gcc/arm-none-eabi/9.3.1/thumb/v6-m/nofp/crtn.o
OUTPUT(M0_Test.elf elf32-littlearm)
LOAD linker stubs
LOAD c:/st/stm32cubeide_1.7.0/stm32cubeide/plugins/com.st.stm32cube.ide.mcu.externaltools.gnu-tools-for-stm32.9-2020-q2-update.win32_2.0.0.202105311346/tools/bin/../lib/gcc/arm-none-eabi/9.3.1/../../../../arm-none-eabi/lib/thumb/v6-m/nofp\libc.a
LOAD c:/st/stm32cubeide_1.7.0/stm32cubeide/plugins/com.st.stm32cube.ide.mcu.externaltools.gnu-tools-for-stm32.9-2020-q2-update.win32_2.0.0.202105311346/tools/bin/../lib/gcc/arm-none-eabi/9.3.1/../../../../arm-none-eabi/lib/thumb/v6-m/nofp\libm.a
LOAD c:/st/stm32cubeide_1.7.0/stm32cubeide/plugins/com.st.stm32cube.ide.mcu.externaltools.gnu-tools-for-stm32.9-2020-q2-update.win32_2.0.0.202105311346/tools/bin/../lib/gcc/arm-none-eabi/9.3.1/thumb/v6-m/nofp\libgcc.a

.debug_info     0x0000000000000000    0x1516b
 .debug_info    0x0000000000000000     0x25e2 ./Core/Src/GSM.o
 .debug_info    0x00000000000025e2      0x346 ./Core/Src/freertos.o
 .debug_info    0x0000000000002928     0x149e ./Core/Src/main.o
 .debug_info    0x0000000000003dc6      0xb0d ./Core/Src/myString.o
 .debug_info    0x00000000000048d3      0xe19 ./Core/Src/stm32f0xx_hal_msp.o
 .debug_info    0x00000000000056ec      0x74d ./Core/Src/stm32f0xx_it.o
 .debug_info    0x0000000000005e39      0xa25 ./Core/Src/sysmem.o
 .debug_info    0x000000000000685e      0x2c3 ./Core/Src/system_stm32f0xx.o
 .debug_info    0x0000000000006b21       0x22 ./Core/Startup/startup_stm32f072cbtx.o
 .debug_info    0x0000000000006b43      0x717 ./Drivers/STM32F0xx_HAL_Driver/Src/stm32f0xx_hal.o
 .debug_info    0x000000000000725a      0x7e8 ./Drivers/STM32F0xx_HAL_Driver/Src/stm32f0xx_hal_cortex.o
 .debug_info    0x0000000000007a42      0x814 ./Drivers/STM32F0xx_HAL_Driver/Src/stm32f0xx_hal_dma.o
 .debug_info    0x0000000000008256      0x6ed ./Drivers/STM32F0xx_HAL_Driver/Src/stm32f0xx_hal_gpio.o
 .debug_info    0x0000000000008943      0x8b1 ./Drivers/STM32F0xx_HAL_Driver/Src/stm32f0xx_hal_rcc.o
 .debug_info    0x00000000000091f4      0x6da ./Drivers/STM32F0xx_HAL_Driver/Src/stm32f0xx_hal_rcc_ex.o
 .debug_info    0x00000000000098ce     0x17c1 ./Drivers/STM32F0xx_HAL_Driver/Src/stm32f0xx_hal_spi.o
 .debug_info    0x000000000000b08f     0x3c3d ./Drivers/STM32F0xx_HAL_Driver/Src/stm32f0xx_hal_uart.o
 .debug_info    0x000000000000eccc      0xc8f ./Drivers/STM32F0xx_HAL_Driver/Src/stm32f0xx_hal_uart_ex.o
 .debug_info    0x000000000000f95b     0x1f95 ./Middlewares/Third_Party/FreeRTOS/Source/CMSIS_RTOS/cmsis_os.o
 .debug_info    0x00000000000118f0      0xb7c ./Middlewares/Third_Party/FreeRTOS/Source/list.o
 .debug_info    0x000000000001246c     0x1ea6 ./Middlewares/Third_Party/FreeRTOS/Source/tasks.o
 .debug_info    0x0000000000014312      0x288 ./Middlewares/Third_Party/FreeRTOS/Source/portable/GCC/ARM_CM0/port.o
 .debug_info    0x000000000001459a      0xbd1 ./Middlewares/Third_Party/FreeRTOS/Source/portable/MemMang/heap_4.o

.debug_abbrev   0x0000000000000000     0x31c6
 .debug_abbrev  0x0000000000000000      0x45b ./Core/Src/GSM.o
 .debug_abbrev  0x000000000000045b      0x11d ./Core/Src/freertos.o
 .debug_abbrev  0x0000000000000578      0x2f3 ./Core/Src/main.o
 .debug_abbrev  0x000000000000086b      0x233 ./Core/Src/myString.o
 .debug_abbrev  0x0000000000000a9e      0x1b5 ./Core/Src/stm32f0xx_hal_msp.o
 .debug_abbrev  0x0000000000000c53      0x163 ./Core/Src/stm32f0xx_it.o
 .debug_abbrev  0x0000000000000db6      0x1bf ./Core/Src/sysmem.o
 .debug_abbrev  0x0000000000000f75      0x145 ./Core/Src/system_stm32f0xx.o
 .debug_abbrev  0x00000000000010ba       0x12 ./Core/Startup/startup_stm32f072cbtx.o
 .debug_abbrev  0x00000000000010cc      0x1ed ./Drivers/STM32F0xx_HAL_Driver/Src/stm32f0xx_hal.o
 .debug_abbrev  0x00000000000012b9      0x2a9 ./Drivers/STM32F0xx_HAL_Driver/Src/stm32f0xx_hal_cortex.o
 .debug_abbrev  0x0000000000001562      0x242 ./Drivers/STM32F0xx_HAL_Driver/Src/stm32f0xx_hal_dma.o
 .debug_abbrev  0x00000000000017a4      0x1e8 ./Drivers/STM32F0xx_HAL_Driver/Src/stm32f0xx_hal_gpio.o
 .debug_abbrev  0x000000000000198c      0x23b ./Drivers/STM32F0xx_HAL_Driver/Src/stm32f0xx_hal_rcc.o
 .debug_abbrev  0x0000000000001bc7      0x1c9 ./Drivers/STM32F0xx_HAL_Driver/Src/stm32f0xx_hal_rcc_ex.o
 .debug_abbrev  0x0000000000001d90      0x254 ./Drivers/STM32F0xx_HAL_Driver/Src/stm32f0xx_hal_spi.o
 .debug_abbrev  0x0000000000001fe4      0x2c9 ./Drivers/STM32F0xx_HAL_Driver/Src/stm32f0xx_hal_uart.o
 .debug_abbrev  0x00000000000022ad      0x28f ./Drivers/STM32F0xx_HAL_Driver/Src/stm32f0xx_hal_uart_ex.o
 .debug_abbrev  0x000000000000253c      0x342 ./Middlewares/Third_Party/FreeRTOS/Source/CMSIS_RTOS/cmsis_os.o
 .debug_abbrev  0x000000000000287e      0x1f7 ./Middlewares/Third_Party/FreeRTOS/Source/list.o
 .debug_abbrev  0x0000000000002a75      0x31c ./Middlewares/Third_Party/FreeRTOS/Source/tasks.o
 .debug_abbrev  0x0000000000002d91      0x1c4 ./Middlewares/Third_Party/FreeRTOS/Source/portable/GCC/ARM_CM0/port.o
 .debug_abbrev  0x0000000000002f55      0x271 ./Middlewares/Third_Party/FreeRTOS/Source/portable/MemMang/heap_4.o

.debug_aranges  0x0000000000000000      0xfc0
 .debug_aranges
                0x0000000000000000      0x198 ./Core/Src/GSM.o
 .debug_aranges
                0x0000000000000198       0x20 ./Core/Src/freertos.o
 .debug_aranges
                0x00000000000001b8       0x88 ./Core/Src/main.o
 .debug_aranges
                0x0000000000000240       0x30 ./Core/Src/myString.o
 .debug_aranges
                0x0000000000000270       0x40 ./Core/Src/stm32f0xx_hal_msp.o
 .debug_aranges
                0x00000000000002b0       0x38 ./Core/Src/stm32f0xx_it.o
 .debug_aranges
                0x00000000000002e8       0x20 ./Core/Src/sysmem.o
 .debug_aranges
                0x0000000000000308       0x28 ./Core/Src/system_stm32f0xx.o
 .debug_aranges
                0x0000000000000330       0x28 ./Core/Startup/startup_stm32f072cbtx.o
 .debug_aranges
                0x0000000000000358       0xd0 ./Drivers/STM32F0xx_HAL_Driver/Src/stm32f0xx_hal.o
 .debug_aranges
                0x0000000000000428       0xc0 ./Drivers/STM32F0xx_HAL_Driver/Src/stm32f0xx_hal_cortex.o
 .debug_aranges
                0x00000000000004e8       0x88 ./Drivers/STM32F0xx_HAL_Driver/Src/stm32f0xx_hal_dma.o
 .debug_aranges
                0x0000000000000570       0x58 ./Drivers/STM32F0xx_HAL_Driver/Src/stm32f0xx_hal_gpio.o
 .debug_aranges
                0x00000000000005c8       0x80 ./Drivers/STM32F0xx_HAL_Driver/Src/stm32f0xx_hal_rcc.o
 .debug_aranges
                0x0000000000000648       0x78 ./Drivers/STM32F0xx_HAL_Driver/Src/stm32f0xx_hal_rcc_ex.o
 .debug_aranges
                0x00000000000006c0      0x1d8 ./Drivers/STM32F0xx_HAL_Driver/Src/stm32f0xx_hal_spi.o
 .debug_aranges
                0x0000000000000898      0x228 ./Drivers/STM32F0xx_HAL_Driver/Src/stm32f0xx_hal_uart.o
 .debug_aranges
                0x0000000000000ac0       0x68 ./Drivers/STM32F0xx_HAL_Driver/Src/stm32f0xx_hal_uart_ex.o
 .debug_aranges
                0x0000000000000b28      0x1d8 ./Middlewares/Third_Party/FreeRTOS/Source/CMSIS_RTOS/cmsis_os.o
 .debug_aranges
                0x0000000000000d00       0x40 ./Middlewares/Third_Party/FreeRTOS/Source/list.o
 .debug_aranges
                0x0000000000000d40      0x1a8 ./Middlewares/Third_Party/FreeRTOS/Source/tasks.o
 .debug_aranges
                0x0000000000000ee8       0x88 ./Middlewares/Third_Party/FreeRTOS/Source/portable/GCC/ARM_CM0/port.o
 .debug_aranges
                0x0000000000000f70       0x50 ./Middlewares/Third_Party/FreeRTOS/Source/portable/MemMang/heap_4.o

.debug_ranges   0x0000000000000000      0xe88
 .debug_ranges  0x0000000000000000      0x188 ./Core/Src/GSM.o
 .debug_ranges  0x0000000000000188       0x10 ./Core/Src/freertos.o
 .debug_ranges  0x0000000000000198       0x78 ./Core/Src/main.o
 .debug_ranges  0x0000000000000210       0x20 ./Core/Src/myString.o
 .debug_ranges  0x0000000000000230       0x30 ./Core/Src/stm32f0xx_hal_msp.o
 .debug_ranges  0x0000000000000260       0x28 ./Core/Src/stm32f0xx_it.o
 .debug_ranges  0x0000000000000288       0x10 ./Core/Src/sysmem.o
 .debug_ranges  0x0000000000000298       0x18 ./Core/Src/system_stm32f0xx.o
 .debug_ranges  0x00000000000002b0       0x20 ./Core/Startup/startup_stm32f072cbtx.o
 .debug_ranges  0x00000000000002d0       0xc0 ./Drivers/STM32F0xx_HAL_Driver/Src/stm32f0xx_hal.o
 .debug_ranges  0x0000000000000390       0xb0 ./Drivers/STM32F0xx_HAL_Driver/Src/stm32f0xx_hal_cortex.o
 .debug_ranges  0x0000000000000440       0x78 ./Drivers/STM32F0xx_HAL_Driver/Src/stm32f0xx_hal_dma.o
 .debug_ranges  0x00000000000004b8       0x48 ./Drivers/STM32F0xx_HAL_Driver/Src/stm32f0xx_hal_gpio.o
 .debug_ranges  0x0000000000000500       0x70 ./Drivers/STM32F0xx_HAL_Driver/Src/stm32f0xx_hal_rcc.o
 .debug_ranges  0x0000000000000570       0x68 ./Drivers/STM32F0xx_HAL_Driver/Src/stm32f0xx_hal_rcc_ex.o
 .debug_ranges  0x00000000000005d8      0x1c8 ./Drivers/STM32F0xx_HAL_Driver/Src/stm32f0xx_hal_spi.o
 .debug_ranges  0x00000000000007a0      0x248 ./Drivers/STM32F0xx_HAL_Driver/Src/stm32f0xx_hal_uart.o
 .debug_ranges  0x00000000000009e8       0x58 ./Drivers/STM32F0xx_HAL_Driver/Src/stm32f0xx_hal_uart_ex.o
 .debug_ranges  0x0000000000000a40      0x1c8 ./Middlewares/Third_Party/FreeRTOS/Source/CMSIS_RTOS/cmsis_os.o
 .debug_ranges  0x0000000000000c08       0x30 ./Middlewares/Third_Party/FreeRTOS/Source/list.o
 .debug_ranges  0x0000000000000c38      0x198 ./Middlewares/Third_Party/FreeRTOS/Source/tasks.o
 .debug_ranges  0x0000000000000dd0       0x78 ./Middlewares/Third_Party/FreeRTOS/Source/portable/GCC/ARM_CM0/port.o
 .debug_ranges  0x0000000000000e48       0x40 ./Middlewares/Third_Party/FreeRTOS/Source/portable/MemMang/heap_4.o

.debug_macro    0x0000000000000000     0x3f21
 .debug_macro   0x0000000000000000      0x2c6 ./Core/Src/GSM.o
 .debug_macro   0x00000000000002c6      0x23a ./Core/Src/freertos.o
 .debug_macro   0x0000000000000500       0xac ./Core/Src/freertos.o
 .debug_macro   0x00000000000005ac      0x15a ./Core/Src/freertos.o
 .debug_macro   0x0000000000000706       0xac ./Core/Src/freertos.o
 .debug_macro   0x00000000000007b2       0x10 ./Core/Src/freertos.o
 .debug_macro   0x00000000000007c2       0x1f ./Core/Src/freertos.o
 .debug_macro   0x00000000000007e1      0x4c5 ./Core/Src/freertos.o
 .debug_macro   0x0000000000000ca6       0xb5 ./Core/Src/freertos.o
 .debug_macro   0x0000000000000d5b       0x8c ./Core/Src/freertos.o
 .debug_macro   0x0000000000000de7      0x2a3 ./Core/Src/main.o
 .debug_macro   0x000000000000108a       0x91 ./Core/Src/main.o
 .debug_macro   0x000000000000111b       0x8d ./Core/Src/main.o
 .debug_macro   0x00000000000011a8       0x7e ./Core/Src/main.o
 .debug_macro   0x0000000000001226       0x19 ./Core/Src/main.o
 .debug_macro   0x000000000000123f       0xf2 ./Core/Src/main.o
 .debug_macro   0x0000000000001331      0x229 ./Core/Src/myString.o
 .debug_macro   0x000000000000155a       0x1c ./Core/Src/myString.o
 .debug_macro   0x0000000000001576       0x10 ./Core/Src/myString.o
 .debug_macro   0x0000000000001586       0x10 ./Core/Src/myString.o
 .debug_macro   0x0000000000001596       0x1c ./Core/Src/myString.o
 .debug_macro   0x00000000000015b2       0x52 ./Core/Src/myString.o
 .debug_macro   0x0000000000001604       0x22 ./Core/Src/myString.o
 .debug_macro   0x0000000000001626       0x10 ./Core/Src/myString.o
 .debug_macro   0x0000000000001636       0x40 ./Core/Src/myString.o
 .debug_macro   0x0000000000001676       0xd5 ./Core/Src/myString.o
 .debug_macro   0x000000000000174b       0x1c ./Core/Src/myString.o
 .debug_macro   0x0000000000001767       0x3d ./Core/Src/myString.o
 .debug_macro   0x00000000000017a4       0x16 ./Core/Src/myString.o
 .debug_macro   0x00000000000017ba      0x145 ./Core/Src/myString.o
 .debug_macro   0x00000000000018ff       0x16 ./Core/Src/myString.o
 .debug_macro   0x0000000000001915       0x16 ./Core/Src/myString.o
 .debug_macro   0x000000000000192b       0x29 ./Core/Src/myString.o
 .debug_macro   0x0000000000001954      0x1a9 ./Core/Src/myString.o
 .debug_macro   0x0000000000001afd      0x11f ./Core/Src/myString.o
 .debug_macro   0x0000000000001c1c      0x1d2 ./Core/Src/stm32f0xx_hal_msp.o
 .debug_macro   0x0000000000001dee      0x244 ./Core/Src/stm32f0xx_it.o
 .debug_macro   0x0000000000002032       0xff ./Core/Src/sysmem.o
 .debug_macro   0x0000000000002131      0x23b ./Core/Src/sysmem.o
 .debug_macro   0x000000000000236c      0x1c3 ./Core/Src/system_stm32f0xx.o
 .debug_macro   0x000000000000252f      0x1e7 ./Drivers/STM32F0xx_HAL_Driver/Src/stm32f0xx_hal.o
 .debug_macro   0x0000000000002716      0x1c3 ./Drivers/STM32F0xx_HAL_Driver/Src/stm32f0xx_hal_cortex.o
 .debug_macro   0x00000000000028d9      0x1c3 ./Drivers/STM32F0xx_HAL_Driver/Src/stm32f0xx_hal_dma.o
 .debug_macro   0x0000000000002a9c      0x1ca ./Drivers/STM32F0xx_HAL_Driver/Src/stm32f0xx_hal_gpio.o
 .debug_macro   0x0000000000002c66      0x1d5 ./Drivers/STM32F0xx_HAL_Driver/Src/stm32f0xx_hal_rcc.o
 .debug_macro   0x0000000000002e3b      0x1d5 ./Drivers/STM32F0xx_HAL_Driver/Src/stm32f0xx_hal_rcc_ex.o
 .debug_macro   0x0000000000003010      0x1cb ./Drivers/STM32F0xx_HAL_Driver/Src/stm32f0xx_hal_spi.o
 .debug_macro   0x00000000000031db      0x1e0 ./Drivers/STM32F0xx_HAL_Driver/Src/stm32f0xx_hal_uart.o
 .debug_macro   0x00000000000033bb      0x1c3 ./Drivers/STM32F0xx_HAL_Driver/Src/stm32f0xx_hal_uart_ex.o
 .debug_macro   0x000000000000357e      0x1fe ./Middlewares/Third_Party/FreeRTOS/Source/CMSIS_RTOS/cmsis_os.o
 .debug_macro   0x000000000000377c       0x9d ./Middlewares/Third_Party/FreeRTOS/Source/CMSIS_RTOS/cmsis_os.o
 .debug_macro   0x0000000000003819      0x187 ./Middlewares/Third_Party/FreeRTOS/Source/list.o
 .debug_macro   0x00000000000039a0      0x287 ./Middlewares/Third_Party/FreeRTOS/Source/tasks.o
 .debug_macro   0x0000000000003c27       0x10 ./Middlewares/Third_Party/FreeRTOS/Source/tasks.o
 .debug_macro   0x0000000000003c37      0x13c ./Middlewares/Third_Party/FreeRTOS/Source/portable/GCC/ARM_CM0/port.o
 .debug_macro   0x0000000000003d73      0x1ae ./Middlewares/Third_Party/FreeRTOS/Source/portable/MemMang/heap_4.o

.debug_line     0x0000000000000000    0x12fea
 .debug_line    0x0000000000000000     0x1d4f ./Core/Src/GSM.o
 .debug_line    0x0000000000001d4f      0x7e0 ./Core/Src/freertos.o
 .debug_line    0x000000000000252f      0xb96 ./Core/Src/main.o
 .debug_line    0x00000000000030c5      0x804 ./Core/Src/myString.o
 .debug_line    0x00000000000038c9      0x7c3 ./Core/Src/stm32f0xx_hal_msp.o
 .debug_line    0x000000000000408c      0x844 ./Core/Src/stm32f0xx_it.o
 .debug_line    0x00000000000048d0      0x4f8 ./Core/Src/sysmem.o