Archive member included to satisfy reference by file (symbol)

c:/st/stm32cubeide_1.7.0/stm32cubeide/plugins/com.st.stm32cube.ide.mcu.externaltools.gnu-tools-for-stm32.9-2020-q2-update.win32_2.0.0.202105311346/tools/bin/../lib/gcc/arm-none-eabi/9.3.1/../../../../arm-none-eabi/lib/thumb/v6-m/nofp\libc_nano.a(lib_a-atoi.o)
                              ./Core/Src/GSM.o (atoi)
c:/st/stm32cubeide_1.7.0/stm32cubeide/plugins/com.st.stm32cube.ide.mcu.externaltools.gnu-tools-for-stm32.9-2020-q2-update.win32_2.0.0.202105311346/tools/bin/../lib/gcc/arm-none-eabi/9.3.1/../../../../arm-none-eabi/lib/thumb/v6-m/nofp\libc_nano.a(lib_a-errno.o)
                              ./Core/Src/syscalls.o (__errno)
c:/st/stm32cubeide_1.7.0/stm32cubeide/plugins/com.st.stm32cube.ide.mcu.externaltools.gnu-tools-for-stm32.9-2020-q2-update.win32_2.0.0.202105311346/tools/bin/../lib/gcc/arm-none-eabi/9.3.1/../../../../arm-none-eabi/lib/thumb/v6-m/nofp\libc_nano.a(lib_a-exit.o)
                              c:/st/stm32cubeide_1.7.0/stm32cubeide/plugins/com.st.stm32cube.ide.mcu.externaltools.gnu-tools-for-stm32.9-2020-q2-update.win32_2.0.0.202105311346/tools/bin/../lib/gcc/arm-none-eabi/9.3.1/../../../../arm-none-eabi/lib/thumb/v6-m/nofp/crt0.o (exit)
c:/st/stm32cubeide_1.7.0/stm32cubeide/plugins/com.st.stm32cube.ide.mcu.externaltools.gnu-tools-for-stm32.9-2020-q2-update.win32_2.0.0.202105311346/tools/bin/../lib/gcc/arm-none-eabi/9.3.1/../../../../arm-none-eabi/lib/thumb/v6-m/nofp\libc_nano.a(lib_a-impure.o)
                              c:/st/stm32cubeide_1.7.0/stm32cubeide/plugins/com.st.stm32cube.ide.mcu.externaltools.gnu-tools-for-stm32.9-2020-q2-update.win32_2.0.0.202105311346/tools/bin/../lib/gcc/arm-none-eabi/9.3.1/../../../../arm-none-eabi/lib/thumb/v6-m/nofp\libc_nano.a(lib_a-exit.o) (_global_impure_ptr)
c:/st/stm32cubeide_1.7.0/stm32cubeide/plugins/com.st.stm32cube.ide.mcu.externaltools.gnu-tools-for-stm32.9-2020-q2-update.win32_2.0.0.202105311346/tools/bin/../lib/gcc/arm-none-eabi/9.3.1/../../../../arm-none-eabi/lib/thumb/v6-m/nofp\libc_nano.a(lib_a-init.o)
                              c:/st/stm32cubeide_1.7.0/stm32cubeide/plugins/com.st.stm32cube.ide.mcu.externaltools.gnu-tools-for-stm32.9-2020-q2-update.win32_2.0.0.202105311346/tools/bin/../lib/gcc/arm-none-eabi/9.3.1/../../../../arm-none-eabi/lib/thumb/v6-m/nofp/crt0.o (__libc_init_array)
c:/st/stm32cubeide_1.7.0/stm32cubeide/plugins/com.st.stm32cube.ide.mcu.externaltools.gnu-tools-for-stm32.9-2020-q2-update.win32_2.0.0.202105311346/tools/bin/../lib/gcc/arm-none-eabi/9.3.1/../../../../arm-none-eabi/lib/thumb/v6-m/nofp\libc_nano.a(lib_a-memcpy-stub.o)
                              ./Core/Src/GSM.o (memcpy)
c:/st/stm32cubeide_1.7.0/stm32cubeide/plugins/com.st.stm32cube.ide.mcu.externaltools.gnu-tools-for-stm32.9-2020-q2-update.win32_2.0.0.202105311346/tools/bin/../lib/gcc/arm-none-eabi/9.3.1/../../../../arm-none-eabi/lib/thumb/v6-m/nofp\libc_nano.a(lib_a-memset.o)
                              c:/st/stm32cubeide_1.7.0/stm32cubeide/plugins/com.st.stm32cube.ide.mcu.externaltools.gnu-tools-for-stm32.9-2020-q2-update.win32_2.0.0.202105311346/tools/bin/../lib/gcc/arm-none-eabi/9.3.1/../../../../arm-none-eabi/lib/thumb/v6-m/nofp/crt0.o (memset)
c:/st/stm32cubeide_1.7.0/stm32cubeide/plugins/com.st.stm32cube.ide.mcu.externaltools.gnu-tools-for-stm32.9-2020-q2-update.win32_2.0.0.202105311346/tools/bin/../lib/gcc/arm-none-eabi/9.3.1/../../../../arm-none-eabi/lib/thumb/v6-m/nofp\libc_nano.a(lib_a-sprintf.o)
                              ./Core/Src/GSM.o (sprintf)
c:/st/stm32cubeide_1.7.0/stm32cubeide/plugins/com.st.stm32cube.ide.mcu.externaltools.gnu-tools-for-stm32.9-2020-q2-update.win32_2.0.0.202105311346/tools/bin/../lib/gcc/arm-none-eabi/9.3.1/../../../../arm-none-eabi/lib/thumb/v6-m/nofp\libc_nano.a(lib_a-strcat.o)
                              ./Core/Src/GSM.o (strcat)
c:/st/stm32cubeide_1.7.0/stm32cubeide/plugins/com.st.stm32cube.ide.mcu.externaltools.gnu-tools-for-stm32.9-2020-q2-update.win32_2.0.0.202105311346/tools/bin/../lib/gcc/arm-none-eabi/9.3.1/../../../../arm-none-eabi/lib/thumb/v6-m/nofp\libc_nano.a(lib_a-strcmp.o)
                              ./Core/Src/GSM.o (strcmp)
c:/st/stm32cubeide_1.7.0/stm32cubeide/plugins/com.st.stm32cube.ide.mcu.externaltools.gnu-tools-for-stm32.9-2020-q2-update.win32_2.0.0.202105311346/tools/bin/../lib/gcc/arm-none-eabi/9.3.1/../../../../arm-none-eabi/lib/thumb/v6-m/nofp\libc_nano.a(lib_a-strcpy.o)
                              ./Core/Src/GSM.o (strcpy)
c:/st/stm32cubeide_1.7.0/stm32cubeide/plugins/com.st.stm32cube.ide.mcu.externaltools.gnu-tools-for-stm32.9-2020-q2-update.win32_2.0.0.202105311346/tools/bin/../lib/gcc/arm-none-eabi/9.3.1/../../../../arm-none-eabi/lib/thumb/v6-m/nofp\libc_nano.a(lib_a-strlen.o)
                              ./Core/Src/GSM.o (strlen)
[...]
Memory Configuration

Name             Origin             Length             Attributes
//RAM            0x0000000020000000 0x0000000000004000 xrw
RAM              0x00000000200000c0 0x0000000000003f40 xrw
FLASH            0x0000000008009000 0x0000000000018000 xr
*default*        0x0000000000000000 0xffffffffffffffff

Linker script and memory map

LOAD c:/st/stm32cubeide_1.7.0/stm32cubeide/plugins/com.st.stm32cube.ide.mcu.externaltools.gnu-tools-for-stm32.9-2020-q2-update.win32_2.0.0.202105311346/tools/bin/../lib/gcc/arm-none-eabi/9.3.1/thumb/v6-m/nofp/crti.o
LOAD c:/st/stm32cubeide_1.7.0/stm32cubeide/plugins/com.st.stm32cube.ide.mcu.externaltools.gnu-tools-for-stm32.9-2020-q2-update.win32_2.0.0.202105311346/tools/bin/../lib/gcc/arm-none-eabi/9.3.1/thumb/v6-m/nofp/crtbegin.o
LOAD c:/st/stm32cubeide_1.7.0/stm32cubeide/plugins/com.st.stm32cube.ide.mcu.externaltools.gnu-tools-for-stm32.9-2020-q2-update.win32_2.0.0.202105311346/tools/bin/../lib/gcc/arm-none-eabi/9.3.1/../../../../arm-none-eabi/lib/thumb/v6-m/nofp/crt0.o
LOAD ./Core/Src/Flash_Driver.o
LOAD ./Core/Src/GSM.o
LOAD ./Core/Src/Relay.o
LOAD ./Core/Src/Wifi.o
LOAD ./Core/Src/bootloader.o
LOAD ./Core/Src/freertos.o
LOAD ./Core/Src/ggFSM.o
LOAD ./Core/Src/main.o
LOAD ./Core/Src/myString.o
LOAD ./Core/Src/stm32f0xx_hal_msp.o
LOAD ./Core/Src/stm32f0xx_it.o
LOAD ./Core/Src/syscalls.o
LOAD ./Core/Src/sysmem.o
LOAD ./Core/Src/system_stm32f0xx.o
LOAD ./Core/Startup/startup_stm32f072cbtx.o
LOAD ./Drivers/STM32F0xx_HAL_Driver/Src/stm32f0xx_hal.o
LOAD ./Drivers/STM32F0xx_HAL_Driver/Src/stm32f0xx_hal_cortex.o
LOAD ./Drivers/STM32F0xx_HAL_Driver/Src/stm32f0xx_hal_dma.o
LOAD ./Drivers/STM32F0xx_HAL_Driver/Src/stm32f0xx_hal_exti.o
LOAD ./Drivers/STM32F0xx_HAL_Driver/Src/stm32f0xx_hal_flash.o
LOAD ./Drivers/STM32F0xx_HAL_Driver/Src/stm32f0xx_hal_flash_ex.o
LOAD ./Drivers/STM32F0xx_HAL_Driver/Src/stm32f0xx_hal_gpio.o
LOAD ./Drivers/STM32F0xx_HAL_Driver/Src/stm32f0xx_hal_i2c.o
LOAD ./Drivers/STM32F0xx_HAL_Driver/Src/stm32f0xx_hal_i2c_ex.o
LOAD ./Drivers/STM32F0xx_HAL_Driver/Src/stm32f0xx_hal_pcd.o
LOAD ./Drivers/STM32F0xx_HAL_Driver/Src/stm32f0xx_hal_pcd_ex.o
LOAD ./Drivers/STM32F0xx_HAL_Driver/Src/stm32f0xx_hal_pwr.o
LOAD ./Drivers/STM32F0xx_HAL_Driver/Src/stm32f0xx_hal_pwr_ex.o
LOAD ./Drivers/STM32F0xx_HAL_Driver/Src/stm32f0xx_hal_rcc.o
LOAD ./Drivers/STM32F0xx_HAL_Driver/Src/stm32f0xx_hal_rcc_ex.o
LOAD ./Drivers/STM32F0xx_HAL_Driver/Src/stm32f0xx_hal_spi.o
LOAD ./Drivers/STM32F0xx_HAL_Driver/Src/stm32f0xx_hal_spi_ex.o
LOAD ./Drivers/STM32F0xx_HAL_Driver/Src/stm32f0xx_hal_tim.o
LOAD ./Drivers/STM32F0xx_HAL_Driver/Src/stm32f0xx_hal_tim_ex.o
LOAD ./Drivers/STM32F0xx_HAL_Driver/Src/stm32f0xx_hal_uart.o
LOAD ./Drivers/STM32F0xx_HAL_Driver/Src/stm32f0xx_hal_uart_ex.o
LOAD ./Drivers/STM32F0xx_HAL_Driver/Src/stm32f0xx_ll_usb.o
LOAD ./Middlewares/ST/STM32_USB_Device_Library/Class/CDC/Src/usbd_cdc.o
LOAD ./Middlewares/ST/STM32_USB_Device_Library/Core/Src/usbd_core.o
LOAD ./Middlewares/ST/STM32_USB_Device_Library/Core/Src/usbd_ctlreq.o
LOAD ./Middlewares/ST/STM32_USB_Device_Library/Core/Src/usbd_ioreq.o
LOAD ./Middlewares/Third_Party/FreeRTOS/Source/CMSIS_RTOS/cmsis_os.o
LOAD ./Middlewares/Third_Party/FreeRTOS/Source/croutine.o
LOAD ./Middlewares/Third_Party/FreeRTOS/Source/event_groups.o
LOAD ./Middlewares/Third_Party/FreeRTOS/Source/list.o
LOAD ./Middlewares/Third_Party/FreeRTOS/Source/queue.o
LOAD ./Middlewares/Third_Party/FreeRTOS/Source/stream_buffer.o
LOAD ./Middlewares/Third_Party/FreeRTOS/Source/tasks.o
LOAD ./Middlewares/Third_Party/FreeRTOS/Source/timers.o
LOAD ./Middlewares/Third_Party/FreeRTOS/Source/portable/GCC/ARM_CM0/port.o
LOAD ./Middlewares/Third_Party/FreeRTOS/Source/portable/MemMang/heap_4.o
LOAD ./USB_DEVICE/App/usb_device.o
LOAD ./USB_DEVICE/App/usbd_cdc_if.o
LOAD ./USB_DEVICE/App/usbd_desc.o
LOAD ./USB_DEVICE/Target/usbd_conf.o
START GROUP
LOAD c:/st/stm32cubeide_1.7.0/stm32cubeide/plugins/com.st.stm32cube.ide.mcu.externaltools.gnu-tools-for-stm32.9-2020-q2-update.win32_2.0.0.202105311346/tools/bin/../lib/gcc/arm-none-eabi/9.3.1/../../../../arm-none-eabi/lib/thumb/v6-m/nofp\libc_nano.a
LOAD c:/st/stm32cubeide_1.7.0/stm32cubeide/plugins/com.st.stm32cube.ide.mcu.externaltools.gnu-tools-for-stm32.9-2020-q2-update.win32_2.0.0.202105311346/tools/bin/../lib/gcc/arm-none-eabi/9.3.1/../../../../arm-none-eabi/lib/thumb/v6-m/nofp\libm.a
END GROUP
START GROUP
LOAD c:/st/stm32cubeide_1.7.0/stm32cubeide/plugins/com.st.stm32cube.ide.mcu.externaltools.gnu-tools-for-stm32.9-2020-q2-update.win32_2.0.0.202105311346/tools/bin/../lib/gcc/arm-none-eabi/9.3.1/thumb/v6-m/nofp\libgcc.a
LOAD c:/st/stm32cubeide_1.7.0/stm32cubeide/plugins/com.st.stm32cube.ide.mcu.externaltools.gnu-tools-for-stm32.9-2020-q2-update.win32_2.0.0.202105311346/tools/bin/../lib/gcc/arm-none-eabi/9.3.1/../../../../arm-none-eabi/lib/thumb/v6-m/nofp\libc_nano.a
END GROUP
START GROUP
LOAD c:/st/stm32cubeide_1.7.0/stm32cubeide/plugins/com.st.stm32cube.ide.mcu.externaltools.gnu-tools-for-stm32.9-2020-q2-update.win32_2.0.0.202105311346/tools/bin/../lib/gcc/arm-none-eabi/9.3.1/thumb/v6-m/nofp\libgcc.a
LOAD c:/st/stm32cubeide_1.7.0/stm32cubeide/plugins/com.st.stm32cube.ide.mcu.externaltools.gnu-tools-for-stm32.9-2020-q2-update.win32_2.0.0.202105311346/tools/bin/../lib/gcc/arm-none-eabi/9.3.1/../../../../arm-none-eabi/lib/thumb/v6-m/nofp\libc_nano.a
LOAD c:/st/stm32cubeide_1.7.0/stm32cubeide/plugins/com.st.stm32cube.ide.mcu.externaltools.gnu-tools-for-stm32.9-2020-q2-update.win32_2.0.0.202105311346/tools/bin/../lib/gcc/arm-none-eabi/9.3.1/../../../../arm-none-eabi/lib/thumb/v6-m/nofp\libnosys.a
END GROUP
START GROUP
LOAD c:/st/stm32cubeide_1.7.0/stm32cubeide/plugins/com.st.stm32cube.ide.mcu.externaltools.gnu-tools-for-stm32.9-2020-q2-update.win32_2.0.0.202105311346/tools/bin/../lib/gcc/arm-none-eabi/9.3.1/thumb/v6-m/nofp\libgcc.a
LOAD c:/st/stm32cubeide_1.7.0/stm32cubeide/plugins/com.st.stm32cube.ide.mcu.externaltools.gnu-tools-for-stm32.9-2020-q2-update.win32_2.0.0.202105311346/tools/bin/../lib/gcc/arm-none-eabi/9.3.1/../../../../arm-none-eabi/lib/thumb/v6-m/nofp\libc_nano.a
LOAD c:/st/stm32cubeide_1.7.0/stm32cubeide/plugins/com.st.stm32cube.ide.mcu.externaltools.gnu-tools-for-stm32.9-2020-q2-update.win32_2.0.0.202105311346/tools/bin/../lib/gcc/arm-none-eabi/9.3.1/../../../../arm-none-eabi/lib/thumb/v6-m/nofp\libnosys.a
END GROUP
LOAD c:/st/stm32cubeide_1.7.0/stm32cubeide/plugins/com.st.stm32cube.ide.mcu.externaltools.gnu-tools-for-stm32.9-2020-q2-update.win32_2.0.0.202105311346/tools/bin/../lib/gcc/arm-none-eabi/9.3.1/thumb/v6-m/nofp/crtend.o
LOAD c:/st/stm32cubeide_1.7.0/stm32cubeide/plugins/com.st.stm32cube.ide.mcu.externaltools.gnu-tools-for-stm32.9-2020-q2-update.win32_2.0.0.202105311346/tools/bin/../lib/gcc/arm-none-eabi/9.3.1/thumb/v6-m/nofp/crtn.o
                0x0000000020004000                _estack = (ORIGIN (RAM) + LENGTH (RAM))
                0x0000000000000200                _Min_Heap_Size = 0x200
                0x0000000000000400                _Min_Stack_Size = 0x400

.isr_vector     0x0000000008009000       0xc0
                0x0000000008009000                . = ALIGN (0x4)
 *(.isr_vector)
 .isr_vector    0x0000000008009000       0xc0 ./Core/Startup/startup_stm32f072cbtx.o
                0x0000000008009000                g_pfnVectors
                0x00000000080090c0                . = ALIGN (0x4)

.text           0x00000000080090c0     0xfc88
                0x00000000080090c0                . = ALIGN (0x4)
 *(.text)
 .text          0x00000000080090c0       0x48 c:/st/stm32cubeide_1.7.0/stm32cubeide/plugins/com.st.stm32cube.ide.mcu.externaltools.gnu-tools-for-stm32.9-2020-q2-update.win32_2.0.0.202105311346/tools/bin/../lib/gcc/arm-none-eabi/9.3.1/thumb/v6-m/nofp/crtbegin.o
 .text          0x0000000008009108       0x14 c:/st/stm32cubeide_1.7.0/stm32cubeide/plugins/com.st.stm32cube.ide.mcu.externaltools.gnu-tools-for-stm32.9-2020-q2-update.win32_2.0.0.202105311346/tools/bin/../lib/gcc/arm-none-eabi/9.3.1/../../../../arm-none-eabi/lib/thumb/v6-m/nofp\libc_nano.a(lib_a-strcmp.o)
                0x0000000008009108                strcmp
 .text          0x000000000800911c        0xe c:/st/stm32cubeide_1.7.0/stm32cubeide/plugins/com.st.stm32cube.ide.mcu.externaltools.gnu-tools-for-stm32.9-2020-q2-update.win32_2.0.0.202105311346/tools/bin/../lib/gcc/arm-none-eabi/9.3.1/../../../../arm-none-eabi/lib/thumb/v6-m/nofp\libc_nano.a(lib_a-strlen.o)
                0x000000000800911c                strlen
 *fill*         0x000000000800912a        0x2 
 .text          0x000000000800912c       0x14 c:/st/stm32cubeide_1.7.0/stm32cubeide/plugins/com.st.stm32cube.ide.mcu.externaltools.gnu-tools-for-stm32.9-2020-q2-update.win32_2.0.0.202105311346/tools/bin/../lib/gcc/arm-none-eabi/9.3.1/thumb/v6-m/nofp\libgcc.a(_thumb1_case_shi.o)
                0x000000000800912c                __gnu_thumb1_case_shi
 .text          0x0000000008009140      0x114 c:/st/stm32cubeide_1.7.0/stm32cubeide/plugins/com.st.stm32cube.ide.mcu.externaltools.gnu-tools-for-stm32.9-2020-q2-update.win32_2.0.0.202105311346/tools/bin/../lib/gcc/arm-none-eabi/9.3.1/thumb/v6-m/nofp\libgcc.a(_udivsi3.o)
                0x0000000008009140                __aeabi_uidiv
                0x0000000008009140                __udivsi3
                0x000000000800924c                __aeabi_uidivmod
 .text          0x0000000008009254        0x4 c:/st/stm32cubeide_1.7.0/stm32cubeide/plugins/com.st.stm32cube.ide.mcu.externaltools.gnu-tools-for-stm32.9-2020-q2-update.win32_2.0.0.202105311346/tools/bin/../lib/gcc/arm-none-eabi/9.3.1/thumb/v6-m/nofp\libgcc.a(_dvmd_tls.o)
                0x0000000008009254                __aeabi_idiv0
                0x0000000008009254                __aeabi_ldiv0
 *(.text*)
 .text.__NVIC_SystemReset
                0x0000000008009258       0x24 ./Core/Src/GSM.o
 .text.GSM_Init
                0x000000000800927c      0x21c ./Core/Src/GSM.o
                0x000000000800927c                GSM_Init
 .text.GSM_Service
                0x0000000008009498     0x1064 ./Core/Src/GSM.o
                0x0000000008009498                GSM_Service
 .text.GSM_Send
                0x000000000800a4fc       0x58 ./Core/Src/GSM.o
                0x000000000800a4fc                GSM_Send
 .text.GSM_Send_Bin
                0x000000000800a554       0x4c ./Core/Src/GSM.o
                0x000000000800a554                GSM_Send_Bin
 .text.Debug_Send
                0x000000000800a5a0       0x34 ./Core/Src/GSM.o
                0x000000000800a5a0                Debug_Send
 .text.recData  0x000000000800a5d4      0x2dc ./Core/Src/GSM.o
                0x000000000800a5d4                recData
 .text.MQTT_ConnectF
                0x000000000800a8b0       0x90 ./Core/Src/GSM.o
                0x000000000800a8b0                MQTT_ConnectF
 .text.MQTT_SuscribeF
                0x000000000800a940       0x74 ./Core/Src/GSM.o
                0x000000000800a940                MQTT_SuscribeF
 .text.MQTT_Publish_F
                0x000000000800a9b4      0x11c ./Core/Src/GSM.o
                0x000000000800a9b4                MQTT_Publish_F
 .text.MQTT_Ping_F
                0x000000000800aad0       0x48 ./Core/Src/GSM.o
                0x000000000800aad0                MQTT_Ping_F
 .text.MQTT_Process
                0x000000000800ab18      0x2f0 ./Core/Src/GSM.o
                0x000000000800ab18                MQTT_Process
 .text.procData
                0x000000000800ae08      0x830 ./Core/Src/GSM.o
                0x000000000800ae08                procData
 .text.getFtp   0x000000000800b638       0x94 ./Core/Src/GSM.o
                0x000000000800b638                getFtp
 .text.FileSize
                0x000000000800b6cc       0x90 ./Core/Src/GSM.o
                0x000000000800b6cc                FileSize
 .text.FS_Open_F
                0x000000000800b75c       0x5c ./Core/Src/GSM.o
                0x000000000800b75c                FS_Open_F
 .text.FTP_OpenF
                0x000000000800b7b8       0x80 ./Core/Src/GSM.o
                0x000000000800b7b8                FTP_OpenF
 .text.FTP_StatusF
                0x000000000800b838       0x60 ./Core/Src/GSM.o
                0x000000000800b838                FTP_StatusF
 .text.sendSMS  0x000000000800b898       0xac ./Core/Src/GSM.o
                0x000000000800b898                sendSMS
 .text.getIMEI  0x000000000800b944       0x6c ./Core/Src/GSM.o
                0x000000000800b944                getIMEI
 .text.getCCID  0x000000000800b9b0       0x24 ./Core/Src/GSM.o
                0x000000000800b9b0                getCCID
 .text.getSignal
                0x000000000800b9d4       0x50 ./Core/Src/GSM.o
                0x000000000800b9d4                getSignal
 .text.RegisterConfirm
                0x000000000800ba24       0xe4 ./Core/Src/GSM.o
                0x000000000800ba24                RegisterConfirm
 .text.CheckUser
                0x000000000800bb08       0x60 ./Core/Src/GSM.o
                0x000000000800bb08                CheckUser
 .text.buildInfo
                0x000000000800bb68      0x254 ./Core/Src/GSM.o
                0x000000000800bb68                buildInfo
 .text.BuildPower
                0x000000000800bdbc      0x140 ./Core/Src/GSM.o
                0x000000000800bdbc                BuildPower
 .text.Context  0x000000000800befc       0x88 ./Core/Src/GSM.o
                0x000000000800befc                Context
 .text.GotSMS   0x000000000800bf84       0x60 ./Core/Src/GSM.o
                0x000000000800bf84                GotSMS
 .text.OK       0x000000000800bfe4       0xcc ./Core/Src/GSM.o
                0x000000000800bfe4                OK
 .text.GPRS_SendData
                0x000000000800c0b0       0x44 ./Core/Src/GSM.o
                0x000000000800c0b0                GPRS_SendData
 .text.DataDecrypt
                0x000000000800c0f4      0x5d4 ./Core/Src/GSM.o
                0x000000000800c0f4                DataDecrypt
 .text.GSM_Receive
                0x000000000800c6c8       0xb0 ./Core/Src/GSM.o
                0x000000000800c6c8                GSM_Receive
 .text.RelayOn  0x000000000800c778       0x2c ./Core/Src/Relay.o
                0x000000000800c778                RelayOn
 .text.RelayOff
                0x000000000800c7a4       0x2c ./Core/Src/Relay.o
                0x000000000800c7a4                RelayOff
 .text.byteCopy
                0x000000000800c7d0       0xbc ./Core/Src/Wifi.o
                0x000000000800c7d0                byteCopy
 .text.vApplicationGetIdleTaskMemory
                0x000000000800c88c       0x30 ./Core/Src/freertos.o
                0x000000000800c88c                vApplicationGetIdleTaskMemory
 .text.main     0x000000000800c8bc       0xa0 ./Core/Src/main.o
                0x000000000800c8bc                main
 .text.SystemClock_Config
                0x000000000800c95c       0xb8 ./Core/Src/main.o
                0x000000000800c95c                SystemClock_Config
 .text.MX_SPI2_Init
                0x000000000800ca14       0x7c ./Core/Src/main.o
 .text.MX_USART1_UART_Init
                0x000000000800ca90       0x60 ./Core/Src/main.o
 .text.MX_USART2_UART_Init
                0x000000000800caf0       0x60 ./Core/Src/main.o
 .text.MX_GPIO_Init
                0x000000000800cb50      0x124 ./Core/Src/main.o
 .text.remap    0x000000000800cc74       0x9c ./Core/Src/main.o
                0x000000000800cc74                remap
 .text.flashPut
                0x000000000800cd10      0x114 ./Core/Src/main.o
                0x000000000800cd10                flashPut
 .text.flashWrite
                0x000000000800ce24       0xaa ./Core/Src/main.o
                0x000000000800ce24                flashWrite
 *fill*         0x000000000800cece        0x2 
 .text.flashRead
                0x000000000800ced0       0x7c ./Core/Src/main.o
                0x000000000800ced0                flashRead
 .text.flashBusy
                0x000000000800cf4c       0x6c ./Core/Src/main.o
                0x000000000800cf4c                flashBusy
 .text.StartDefaultTask
                0x000000000800cfb8       0x3c ./Core/Src/main.o
                0x000000000800cfb8                StartDefaultTask
 .text.StartTask02
                0x000000000800cff4       0x14 ./Core/Src/main.o
                0x000000000800cff4                StartTask02
 .text.Error_Handler
                0x000000000800d008        0xa ./Core/Src/main.o
                0x000000000800d008                Error_Handler
 .text.myStrSection
                0x000000000800d012      0x128 ./Core/Src/myString.o
                0x000000000800d012                myStrSection
 *fill*         0x000000000800d13a        0x2 
 .text.myLongStr
                0x000000000800d13c      0x1f0 ./Core/Src/myString.o
                0x000000000800d13c                myLongStr
 .text.myStrLong
                0x000000000800d32c       0xe4 ./Core/Src/myString.o
                0x000000000800d32c                myStrLong
 .text.HAL_MspInit
                0x000000000800d410       0x54 ./Core/Src/stm32f0xx_hal_msp.o
                0x000000000800d410                HAL_MspInit
 .text.HAL_SPI_MspInit
                0x000000000800d464       0x9c ./Core/Src/stm32f0xx_hal_msp.o
                0x000000000800d464                HAL_SPI_MspInit
 .text.HAL_UART_MspInit
                0x000000000800d500      0x150 ./Core/Src/stm32f0xx_hal_msp.o
                0x000000000800d500                HAL_UART_MspInit
 .text.NMI_Handler
                0x000000000800d650        0x6 ./Core/Src/stm32f0xx_it.o
                0x000000000800d650                NMI_Handler
 .text.HardFault_Handler
                0x000000000800d656        0x6 ./Core/Src/stm32f0xx_it.o
                0x000000000800d656                HardFault_Handler
 .text.SysTick_Handler
                0x000000000800d65c       0x1c ./Core/Src/stm32f0xx_it.o
                0x000000000800d65c                SysTick_Handler
 .text.USART2_IRQHandler
                0x000000000800d678       0x18 ./Core/Src/stm32f0xx_it.o
                0x000000000800d678                USART2_IRQHandler
 .text.USB_IRQHandler
                0x000000000800d690       0x18 ./Core/Src/stm32f0xx_it.o
                0x000000000800d690                USB_IRQHandler
 .text._sbrk    0x000000000800d6a8       0x6c ./Core/Src/sysmem.o
                0x000000000800d6a8                _sbrk
 .text.SystemInit
                0x000000000800d714        0xa ./Core/Src/system_stm32f0xx.o
                0x000000000800d714                SystemInit
 *fill*         0x000000000800d71e        0x2 
 .text.Reset_Handler
                0x000000000800d720       0x50 ./Core/Startup/startup_stm32f072cbtx.o
                0x000000000800d720                Reset_Handler
 .text.Default_Handler
                0x000000000800d770        0x2 ./Core/Startup/startup_stm32f072cbtx.o
                0x000000000800d770                TIM1_CC_IRQHandler
                0x000000000800d770                TSC_IRQHandler
                0x000000000800d770                ADC1_COMP_IRQHandler
                0x000000000800d770                I2C1_IRQHandler
                0x000000000800d770                RCC_CRS_IRQHandler
                0x000000000800d770                SPI1_IRQHandler
                0x000000000800d770                TIM6_DAC_IRQHandler
                0x000000000800d770                USART3_4_IRQHandler
                0x000000000800d770                EXTI2_3_IRQHandler
                0x000000000800d770                I2C2_IRQHandler
                0x000000000800d770                TIM17_IRQHandler
                0x000000000800d770                CEC_CAN_IRQHandler
                0x000000000800d770                RTC_IRQHandler
                0x000000000800d770                PVD_VDDIO2_IRQHandler
                0x000000000800d770                DMA1_Channel4_5_6_7_IRQHandler
                0x000000000800d770                TIM16_IRQHandler
                0x000000000800d770                TIM3_IRQHandler
                0x000000000800d770                EXTI4_15_IRQHandler
                0x000000000800d770                DMA1_Channel1_IRQHandler
                0x000000000800d770                Default_Handler
                0x000000000800d770                TIM14_IRQHandler
                0x000000000800d770                TIM7_IRQHandler
                0x000000000800d770                TIM15_IRQHandler
                0x000000000800d770                EXTI0_1_IRQHandler
                0x000000000800d770                SPI2_IRQHandler
                0x000000000800d770                WWDG_IRQHandler
                0x000000000800d770                TIM2_IRQHandler
                0x000000000800d770                DMA1_Channel2_3_IRQHandler
                0x000000000800d770                FLASH_IRQHandler
                0x000000000800d770                USART1_IRQHandler
                0x000000000800d770                TIM1_BRK_UP_TRG_COM_IRQHandler
 *fill*         0x000000000800d772        0x2 
 .text.HAL_Init
                0x000000000800d774       0x28 ./Drivers/STM32F0xx_HAL_Driver/Src/stm32f0xx_hal.o
                0x000000000800d774                HAL_Init
 .text.HAL_InitTick
                0x000000000800d79c       0x68 ./Drivers/STM32F0xx_HAL_Driver/Src/stm32f0xx_hal.o
                0x000000000800d79c                HAL_InitTick
 .text.HAL_IncTick
                0x000000000800d804       0x24 ./Drivers/STM32F0xx_HAL_Driver/Src/stm32f0xx_hal.o
                0x000000000800d804                HAL_IncTick
 .text.HAL_GetTick
                0x000000000800d828       0x14 ./Drivers/STM32F0xx_HAL_Driver/Src/stm32f0xx_hal.o
                0x000000000800d828                HAL_GetTick
 .text.HAL_Delay
                0x000000000800d83c       0x48 ./Drivers/STM32F0xx_HAL_Driver/Src/stm32f0xx_hal.o
                0x000000000800d83c                HAL_Delay
 .text.__NVIC_EnableIRQ
                0x000000000800d884       0x34 ./Drivers/STM32F0xx_HAL_Driver/Src/stm32f0xx_hal_cortex.o
 .text.__NVIC_SetPriority
                0x000000000800d8b8       0xdc ./Drivers/STM32F0xx_HAL_Driver/Src/stm32f0xx_hal_cortex.o
 .text.SysTick_Config
                0x000000000800d994       0x48 ./Drivers/STM32F0xx_HAL_Driver/Src/stm32f0xx_hal_cortex.o
 .text.HAL_NVIC_SetPriority
                0x000000000800d9dc       0x2a ./Drivers/STM32F0xx_HAL_Driver/Src/stm32f0xx_hal_cortex.o
                0x000000000800d9dc                HAL_NVIC_SetPriority
 .text.HAL_NVIC_EnableIRQ
                0x000000000800da06       0x20 ./Drivers/STM32F0xx_HAL_Driver/Src/stm32f0xx_hal_cortex.o
                0x000000000800da06                HAL_NVIC_EnableIRQ
 .text.HAL_SYSTICK_Config
                0x000000000800da26       0x1a ./Drivers/STM32F0xx_HAL_Driver/Src/stm32f0xx_hal_cortex.o
                0x000000000800da26                HAL_SYSTICK_Config
 .text.HAL_DMA_Abort
                0x000000000800da40       0x70 ./Drivers/STM32F0xx_HAL_Driver/Src/stm32f0xx_hal_dma.o
                0x000000000800da40                HAL_DMA_Abort
 .text.HAL_DMA_Abort_IT
                0x000000000800dab0       0x8a ./Drivers/STM32F0xx_HAL_Driver/Src/stm32f0xx_hal_dma.o
                0x000000000800dab0                HAL_DMA_Abort_IT
 *fill*         0x000000000800db3a        0x2 
 .text.HAL_GPIO_Init
                0x000000000800db3c      0x2f0 ./Drivers/STM32F0xx_HAL_Driver/Src/stm32f0xx_hal_gpio.o
                0x000000000800db3c                HAL_GPIO_Init
 .text.HAL_GPIO_WritePin
                0x000000000800de2c       0x3a ./Drivers/STM32F0xx_HAL_Driver/Src/stm32f0xx_hal_gpio.o
                0x000000000800de2c                HAL_GPIO_WritePin
 .text.HAL_GPIO_TogglePin
                0x000000000800de66       0x36 ./Drivers/STM32F0xx_HAL_Driver/Src/stm32f0xx_hal_gpio.o
                0x000000000800de66                HAL_GPIO_TogglePin
 .text.HAL_PCD_Init
                0x000000000800de9c      0x220 ./Drivers/STM32F0xx_HAL_Driver/Src/stm32f0xx_hal_pcd.o
                0x000000000800de9c                HAL_PCD_Init
 .text.HAL_PCD_Start
                0x000000000800e0bc       0x4a ./Drivers/STM32F0xx_HAL_Driver/Src/stm32f0xx_hal_pcd.o
                0x000000000800e0bc                HAL_PCD_Start
 *fill*         0x000000000800e106        0x2 
 .text.HAL_PCD_IRQHandler
                0x000000000800e108      0x2f8 ./Drivers/STM32F0xx_HAL_Driver/Src/stm32f0xx_hal_pcd.o
                0x000000000800e108                HAL_PCD_IRQHandler
 .text.HAL_PCD_SetAddress
                0x000000000800e400       0x56 ./Drivers/STM32F0xx_HAL_Driver/Src/stm32f0xx_hal_pcd.o
                0x000000000800e400                HAL_PCD_SetAddress
 .text.HAL_PCD_EP_Open
                0x000000000800e456       0xf0 ./Drivers/STM32F0xx_HAL_Driver/Src/stm32f0xx_hal_pcd.o
                0x000000000800e456                HAL_PCD_EP_Open
 .text.HAL_PCD_EP_Close
                0x000000000800e546       0xa2 ./Drivers/STM32F0xx_HAL_Driver/Src/stm32f0xx_hal_pcd.o
                0x000000000800e546                HAL_PCD_EP_Close
 .text.HAL_PCD_EP_Receive
                0x000000000800e5e8       0x88 ./Drivers/STM32F0xx_HAL_Driver/Src/stm32f0xx_hal_pcd.o
                0x000000000800e5e8                HAL_PCD_EP_Receive
 .text.HAL_PCD_EP_GetRxCount
                0x000000000800e670       0x32 ./Drivers/STM32F0xx_HAL_Driver/Src/stm32f0xx_hal_pcd.o
                0x000000000800e670                HAL_PCD_EP_GetRxCount
 .text.HAL_PCD_EP_Transmit
                0x000000000800e6a2       0x92 ./Drivers/STM32F0xx_HAL_Driver/Src/stm32f0xx_hal_pcd.o
                0x000000000800e6a2                HAL_PCD_EP_Transmit
 .text.HAL_PCD_EP_SetStall
                0x000000000800e734       0xb8 ./Drivers/STM32F0xx_HAL_Driver/Src/stm32f0xx_hal_pcd.o
                0x000000000800e734                HAL_PCD_EP_SetStall
 .text.HAL_PCD_EP_ClrStall
                0x000000000800e7ec       0xbc ./Drivers/STM32F0xx_HAL_Driver/Src/stm32f0xx_hal_pcd.o
                0x000000000800e7ec                HAL_PCD_EP_ClrStall
 .text.PCD_EP_ISR_Handler
                0x000000000800e8a8      0x7e4 ./Drivers/STM32F0xx_HAL_Driver/Src/stm32f0xx_hal_pcd.o
 .text.HAL_PCD_EP_DB_Receive
                0x000000000800f08c      0x238 ./Drivers/STM32F0xx_HAL_Driver/Src/stm32f0xx_hal_pcd.o
 .text.HAL_PCD_EP_DB_Transmit
                0x000000000800f2c4      0x7b4 ./Drivers/STM32F0xx_HAL_Driver/Src/stm32f0xx_hal_pcd.o
 .text.HAL_PCDEx_PMAConfig
                0x000000000800fa78       0x9c ./Drivers/STM32F0xx_HAL_Driver/Src/stm32f0xx_hal_pcd_ex.o
                0x000000000800fa78                HAL_PCDEx_PMAConfig
 .text.HAL_PCDEx_ActivateLPM
                0x000000000800fb14       0x54 ./Drivers/STM32F0xx_HAL_Driver/Src/stm32f0xx_hal_pcd_ex.o
                0x000000000800fb14                HAL_PCDEx_ActivateLPM
 .text.HAL_PCDEx_LPM_Callback
                0x000000000800fb68       0x16 ./Drivers/STM32F0xx_HAL_Driver/Src/stm32f0xx_hal_pcd_ex.o
                0x000000000800fb68                HAL_PCDEx_LPM_Callback
 *fill*         0x000000000800fb7e        0x2 
 .text.HAL_RCC_OscConfig
                0x000000000800fb80      0x70c ./Drivers/STM32F0xx_HAL_Driver/Src/stm32f0xx_hal_rcc.o
                0x000000000800fb80                HAL_RCC_OscConfig
 .text.HAL_RCC_ClockConfig
                0x000000000801028c      0x1b4 ./Drivers/STM32F0xx_HAL_Driver/Src/stm32f0xx_hal_rcc.o
                0x000000000801028c                HAL_RCC_ClockConfig
 .text.HAL_RCC_GetSysClockFreq
                0x0000000008010440      0x100 ./Drivers/STM32F0xx_HAL_Driver/Src/stm32f0xx_hal_rcc.o
                0x0000000008010440                HAL_RCC_GetSysClockFreq
 .text.HAL_RCC_GetHCLKFreq
                0x0000000008010540       0x14 ./Drivers/STM32F0xx_HAL_Driver/Src/stm32f0xx_hal_rcc.o
                0x0000000008010540                HAL_RCC_GetHCLKFreq
 .text.HAL_RCC_GetPCLK1Freq
                0x0000000008010554       0x2c ./Drivers/STM32F0xx_HAL_Driver/Src/stm32f0xx_hal_rcc.o
                0x0000000008010554                HAL_RCC_GetPCLK1Freq
 .text.HAL_RCCEx_PeriphCLKConfig
                0x0000000008010580      0x1fc ./Drivers/STM32F0xx_HAL_Driver/Src/stm32f0xx_hal_rcc_ex.o
                0x0000000008010580                HAL_RCCEx_PeriphCLKConfig
 .text.HAL_SPI_Init
                0x000000000801077c      0x170 ./Drivers/STM32F0xx_HAL_Driver/Src/stm32f0xx_hal_spi.o
                0x000000000801077c                HAL_SPI_Init
 .text.HAL_SPI_Transmit
                0x00000000080108ec      0x2b0 ./Drivers/STM32F0xx_HAL_Driver/Src/stm32f0xx_hal_spi.o
                0x00000000080108ec                HAL_SPI_Transmit
 .text.HAL_SPI_Receive
                0x0000000008010b9c      0x298 ./Drivers/STM32F0xx_HAL_Driver/Src/stm32f0xx_hal_spi.o
                0x0000000008010b9c                HAL_SPI_Receive
 .text.HAL_SPI_TransmitReceive
                0x0000000008010e34      0x3a4 ./Drivers/STM32F0xx_HAL_Driver/Src/stm32f0xx_hal_spi.o
                0x0000000008010e34                HAL_SPI_TransmitReceive
 .text.SPI_WaitFlagStateUntilTimeout
                0x00000000080111d8      0x11c ./Drivers/STM32F0xx_HAL_Driver/Src/stm32f0xx_hal_spi.o
 .text.SPI_WaitFifoStateUntilTimeout
                0x00000000080112f4      0x144 ./Drivers/STM32F0xx_HAL_Driver/Src/stm32f0xx_hal_spi.o
 .text.SPI_EndRxTransaction
                0x0000000008011438       0xbc ./Drivers/STM32F0xx_HAL_Driver/Src/stm32f0xx_hal_spi.o
 .text.SPI_EndRxTxTransaction
                0x00000000080114f4       0x8c ./Drivers/STM32F0xx_HAL_Driver/Src/stm32f0xx_hal_spi.o
 .text.HAL_UART_Init
                0x0000000008011580       0xa8 ./Drivers/STM32F0xx_HAL_Driver/Src/stm32f0xx_hal_uart.o
                0x0000000008011580                HAL_UART_Init
 .text.HAL_UART_Transmit
                0x0000000008011628      0x152 ./Drivers/STM32F0xx_HAL_Driver/Src/stm32f0xx_hal_uart.o
                0x0000000008011628                HAL_UART_Transmit
 *fill*         0x000000000801177a        0x2 
 .text.HAL_UART_Transmit_IT
                0x000000000801177c      0x100 ./Drivers/STM32F0xx_HAL_Driver/Src/stm32f0xx_hal_uart.o
                0x000000000801177c                HAL_UART_Transmit_IT
 .text.HAL_UART_Receive_IT
                0x000000000801187c       0xc2 ./Drivers/STM32F0xx_HAL_Driver/Src/stm32f0xx_hal_uart.o
                0x000000000801187c                HAL_UART_Receive_IT
 *fill*         0x000000000801193e        0x2 
 .text.HAL_UART_IRQHandler
                0x0000000008011940      0x5b0 ./Drivers/STM32F0xx_HAL_Driver/Src/stm32f0xx_hal_uart.o
                0x0000000008011940                HAL_UART_IRQHandler
 .text.HAL_UART_TxCpltCallback
                0x0000000008011ef0       0x10 ./Drivers/STM32F0xx_HAL_Driver/Src/stm32f0xx_hal_uart.o
                0x0000000008011ef0                HAL_UART_TxCpltCallback
 .text.HAL_UART_RxCpltCallback
                0x0000000008011f00       0x10 ./Drivers/STM32F0xx_HAL_Driver/Src/stm32f0xx_hal_uart.o
                0x0000000008011f00                HAL_UART_RxCpltCallback
 .text.HAL_UART_ErrorCallback
                0x0000000008011f10       0x10 ./Drivers/STM32F0xx_HAL_Driver/Src/stm32f0xx_hal_uart.o
                0x0000000008011f10                HAL_UART_ErrorCallback
 .text.HAL_UARTEx_RxEventCallback
                0x0000000008011f20       0x16 ./Drivers/STM32F0xx_HAL_Driver/Src/stm32f0xx_hal_uart.o
                0x0000000008011f20                HAL_UARTEx_RxEventCallback
 *fill*         0x0000000008011f36        0x2 
 .text.UART_SetConfig
                0x0000000008011f38      0x310 ./Drivers/STM32F0xx_HAL_Driver/Src/stm32f0xx_hal_uart.o
                0x0000000008011f38                UART_SetConfig
 .text.UART_AdvFeatureConfig
                0x0000000008012248      0x168 ./Drivers/STM32F0xx_HAL_Driver/Src/stm32f0xx_hal_uart.o
                0x0000000008012248                UART_AdvFeatureConfig
 .text.UART_CheckIdleState
                0x00000000080123b0       0x90 ./Drivers/STM32F0xx_HAL_Driver/Src/stm32f0xx_hal_uart.o
                0x00000000080123b0                UART_CheckIdleState
 .text.UART_WaitOnFlagUntilTimeout
                0x0000000008012440      0x188 ./Drivers/STM32F0xx_HAL_Driver/Src/stm32f0xx_hal_uart.o
                0x0000000008012440                UART_WaitOnFlagUntilTimeout
 .text.UART_Start_Receive_IT
                0x00000000080125c8      0x160 ./Drivers/STM32F0xx_HAL_Driver/Src/stm32f0xx_hal_uart.o
                0x00000000080125c8                UART_Start_Receive_IT
 .text.UART_EndRxTransfer
                0x0000000008012728       0xc4 ./Drivers/STM32F0xx_HAL_Driver/Src/stm32f0xx_hal_uart.o
 .text.UART_DMAAbortOnError
                0x00000000080127ec       0x2e ./Drivers/STM32F0xx_HAL_Driver/Src/stm32f0xx_hal_uart.o
 .text.UART_TxISR_8BIT
                0x000000000801281a       0xb4 ./Drivers/STM32F0xx_HAL_Driver/Src/stm32f0xx_hal_uart.o
 .text.UART_TxISR_16BIT
                0x00000000080128ce       0xbc ./Drivers/STM32F0xx_HAL_Driver/Src/stm32f0xx_hal_uart.o
 .text.UART_EndTransmit_IT
                0x000000000801298a       0x56 ./Drivers/STM32F0xx_HAL_Driver/Src/stm32f0xx_hal_uart.o
 .text.UART_RxISR_8BIT
                0x00000000080129e0      0x170 ./Drivers/STM32F0xx_HAL_Driver/Src/stm32f0xx_hal_uart.o
 .text.UART_RxISR_16BIT
                0x0000000008012b50      0x168 ./Drivers/STM32F0xx_HAL_Driver/Src/stm32f0xx_hal_uart.o
 .text.HAL_UARTEx_WakeupCallback
                0x0000000008012cb8       0x10 ./Drivers/STM32F0xx_HAL_Driver/Src/stm32f0xx_hal_uart_ex.o
                0x0000000008012cb8                HAL_UARTEx_WakeupCallback
 .text.USB_EnableGlobalInt
                0x0000000008012cc8       0x2c ./Drivers/STM32F0xx_HAL_Driver/Src/stm32f0xx_ll_usb.o
                0x0000000008012cc8                USB_EnableGlobalInt
 .text.USB_DisableGlobalInt
                0x0000000008012cf4       0x34 ./Drivers/STM32F0xx_HAL_Driver/Src/stm32f0xx_ll_usb.o
                0x0000000008012cf4                USB_DisableGlobalInt
 .text.USB_DevInit
                0x0000000008012d28       0x58 ./Drivers/STM32F0xx_HAL_Driver/Src/stm32f0xx_ll_usb.o
                0x0000000008012d28                USB_DevInit
 .text.USB_ActivateEndpoint
                0x0000000008012d80      0x6e8 ./Drivers/STM32F0xx_HAL_Driver/Src/stm32f0xx_ll_usb.o
                0x0000000008012d80                USB_ActivateEndpoint
 .text.USB_DeactivateEndpoint
                0x0000000008013468      0x380 ./Drivers/STM32F0xx_HAL_Driver/Src/stm32f0xx_ll_usb.o
                0x0000000008013468                USB_DeactivateEndpoint
 .text.USB_EPStartXfer
                0x00000000080137e8     0x1174 ./Drivers/STM32F0xx_HAL_Driver/Src/stm32f0xx_ll_usb.o
                0x00000000080137e8                USB_EPStartXfer
 .text.USB_EPSetStall
                0x000000000801495c       0xa0 ./Drivers/STM32F0xx_HAL_Driver/Src/stm32f0xx_ll_usb.o
                0x000000000801495c                USB_EPSetStall
 .text.USB_EPClearStall
                0x00000000080149fc      0x164 ./Drivers/STM32F0xx_HAL_Driver/Src/stm32f0xx_ll_usb.o
                0x00000000080149fc                USB_EPClearStall
 .text.USB_SetDevAddress
                0x0000000008014b60       0x28 ./Drivers/STM32F0xx_HAL_Driver/Src/stm32f0xx_ll_usb.o
                0x0000000008014b60                USB_SetDevAddress
 .text.USB_DevConnect
                0x0000000008014b88       0x2c ./Drivers/STM32F0xx_HAL_Driver/Src/stm32f0xx_ll_usb.o
                0x0000000008014b88                USB_DevConnect
 .text.USB_ReadInterrupts
                0x0000000008014bb4       0x1c ./Drivers/STM32F0xx_HAL_Driver/Src/stm32f0xx_ll_usb.o
                0x0000000008014bb4                USB_ReadInterrupts
 .text.USB_WritePMA
                0x0000000008014bd0       0x88 ./Drivers/STM32F0xx_HAL_Driver/Src/stm32f0xx_ll_usb.o
                0x0000000008014bd0                USB_WritePMA
 .text.USB_ReadPMA
                0x0000000008014c58       0x9e ./Drivers/STM32F0xx_HAL_Driver/Src/stm32f0xx_ll_usb.o
                0x0000000008014c58                USB_ReadPMA
 .text.USBD_CDC_Init
                0x0000000008014cf6      0x118 ./Middlewares/ST/STM32_USB_Device_Library/Class/CDC/Src/usbd_cdc.o
 .text.USBD_CDC_DeInit
                0x0000000008014e0e       0x88 ./Middlewares/ST/STM32_USB_Device_Library/Class/CDC/Src/usbd_cdc.o
 *fill*         0x0000000008014e96        0x2 
 .text.USBD_CDC_Setup
                0x0000000008014e98      0x190 ./Middlewares/ST/STM32_USB_Device_Library/Class/CDC/Src/usbd_cdc.o
 .text.USBD_CDC_DataIn
                0x0000000008015028       0xb6 ./Middlewares/ST/STM32_USB_Device_Library/Class/CDC/Src/usbd_cdc.o
 .text.USBD_CDC_DataOut
                0x00000000080150de       0x6a ./Middlewares/ST/STM32_USB_Device_Library/Class/CDC/Src/usbd_cdc.o
 .text.USBD_CDC_EP0_RxReady
                0x0000000008015148       0x60 ./Middlewares/ST/STM32_USB_Device_Library/Class/CDC/Src/usbd_cdc.o
 .text.USBD_CDC_GetFSCfgDesc
                0x00000000080151a8       0x1c ./Middlewares/ST/STM32_USB_Device_Library/Class/CDC/Src/usbd_cdc.o
 .text.USBD_CDC_GetHSCfgDesc
                0x00000000080151c4       0x1c ./Middlewares/ST/STM32_USB_Device_Library/Class/CDC/Src/usbd_cdc.o
 .text.USBD_CDC_GetOtherSpeedCfgDesc
                0x00000000080151e0       0x1c ./Middlewares/ST/STM32_USB_Device_Library/Class/CDC/Src/usbd_cdc.o
 .text.USBD_CDC_GetDeviceQualifierDescriptor
                0x00000000080151fc       0x1c ./Middlewares/ST/STM32_USB_Device_Library/Class/CDC/Src/usbd_cdc.o
                0x00000000080151fc                USBD_CDC_GetDeviceQualifierDescriptor
 .text.USBD_CDC_RegisterInterface
                0x0000000008015218       0x36 ./Middlewares/ST/STM32_USB_Device_Library/Class/CDC/Src/usbd_cdc.o
                0x0000000008015218                USBD_CDC_RegisterInterface
 .text.USBD_CDC_SetTxBuffer
                0x000000000801524e       0x38 ./Middlewares/ST/STM32_USB_Device_Library/Class/CDC/Src/usbd_cdc.o
                0x000000000801524e                USBD_CDC_SetTxBuffer
 .text.USBD_CDC_SetRxBuffer
                0x0000000008015286       0x28 ./Middlewares/ST/STM32_USB_Device_Library/Class/CDC/Src/usbd_cdc.o
                0x0000000008015286                USBD_CDC_SetRxBuffer
 .text.USBD_CDC_ReceivePacket
                0x00000000080152ae       0x5c ./Middlewares/ST/STM32_USB_Device_Library/Class/CDC/Src/usbd_cdc.o
                0x00000000080152ae                USBD_CDC_ReceivePacket
 .text.USBD_Init
                0x000000000801530a       0x62 ./Middlewares/ST/STM32_USB_Device_Library/Core/Src/usbd_core.o
                0x000000000801530a                USBD_Init
 .text.USBD_RegisterClass
                0x000000000801536c       0x40 ./Middlewares/ST/STM32_USB_Device_Library/Core/Src/usbd_core.o
                0x000000000801536c                USBD_RegisterClass
 .text.USBD_Start
                0x00000000080153ac       0x1a ./Middlewares/ST/STM32_USB_Device_Library/Core/Src/usbd_core.o
                0x00000000080153ac                USBD_Start
 .text.USBD_RunTestMode
                0x00000000080153c6       0x12 ./Middlewares/ST/STM32_USB_Device_Library/Core/Src/usbd_core.o
                0x00000000080153c6                USBD_RunTestMode
 .text.USBD_SetClassConfig
                0x00000000080153d8       0x4e ./Middlewares/ST/STM32_USB_Device_Library/Core/Src/usbd_core.o
                0x00000000080153d8                USBD_SetClassConfig
 .text.USBD_ClrClassConfig
                0x0000000008015426       0x2c ./Middlewares/ST/STM32_USB_Device_Library/Core/Src/usbd_core.o
                0x0000000008015426                USBD_ClrClassConfig
 *fill*         0x0000000008015452        0x2 
 .text.USBD_LL_SetupStage
                0x0000000008015454       0xbc ./Middlewares/ST/STM32_USB_Device_Library/Core/Src/usbd_core.o
                0x0000000008015454                USBD_LL_SetupStage
 .text.USBD_LL_DataOutStage
                0x0000000008015510      0x104 ./Middlewares/ST/STM32_USB_Device_Library/Core/Src/usbd_core.o
                0x0000000008015510                USBD_LL_DataOutStage
 .text.USBD_LL_DataInStage
                0x0000000008015614      0x17a ./Middlewares/ST/STM32_USB_Device_Library/Core/Src/usbd_core.o
                0x0000000008015614                USBD_LL_DataInStage
 .text.USBD_LL_Reset
                0x000000000801578e       0x90 ./Middlewares/ST/STM32_USB_Device_Library/Core/Src/usbd_core.o
                0x000000000801578e                USBD_LL_Reset
 .text.USBD_LL_SetSpeed
                0x000000000801581e       0x20 ./Middlewares/ST/STM32_USB_Device_Library/Core/Src/usbd_core.o
                0x000000000801581e                USBD_LL_SetSpeed
 *fill*         0x000000000801583e        0x2 
 .text.USBD_LL_Suspend
                0x0000000008015840       0x30 ./Middlewares/ST/STM32_USB_Device_Library/Core/Src/usbd_core.o
                0x0000000008015840                USBD_LL_Suspend
 .text.USBD_LL_Resume
                0x0000000008015870       0x30 ./Middlewares/ST/STM32_USB_Device_Library/Core/Src/usbd_core.o
                0x0000000008015870                USBD_LL_Resume
 .text.USBD_LL_SOF
                0x00000000080158a0       0x3c ./Middlewares/ST/STM32_USB_Device_Library/Core/Src/usbd_core.o
                0x00000000080158a0                USBD_LL_SOF
 .text.USBD_StdDevReq
                0x00000000080158dc       0xe4 ./Middlewares/ST/STM32_USB_Device_Library/Core/Src/usbd_ctlreq.o
                0x00000000080158dc                USBD_StdDevReq
 .text.USBD_StdItfReq
                0x00000000080159c0       0xae ./Middlewares/ST/STM32_USB_Device_Library/Core/Src/usbd_ctlreq.o
                0x00000000080159c0                USBD_StdItfReq
 .text.USBD_StdEPReq
                0x0000000008015a6e      0x36c ./Middlewares/ST/STM32_USB_Device_Library/Core/Src/usbd_ctlreq.o
                0x0000000008015a6e                USBD_StdEPReq
 *fill*         0x0000000008015dda        0x2 
 .text.USBD_GetDescriptor
                0x0000000008015ddc      0x364 ./Middlewares/ST/STM32_USB_Device_Library/Core/Src/usbd_ctlreq.o
 .text.USBD_SetAddress
                0x0000000008016140       0xa8 ./Middlewares/ST/STM32_USB_Device_Library/Core/Src/usbd_ctlreq.o
 .text.USBD_SetConfig
                0x00000000080161e8      0x148 ./Middlewares/ST/STM32_USB_Device_Library/Core/Src/usbd_ctlreq.o
 .text.USBD_GetConfig
                0x0000000008016330       0x76 ./Middlewares/ST/STM32_USB_Device_Library/Core/Src/usbd_ctlreq.o
 .text.USBD_GetStatus
                0x00000000080163a6       0x74 ./Middlewares/ST/STM32_USB_Device_Library/Core/Src/usbd_ctlreq.o
 .text.USBD_SetFeature
                0x000000000801641a       0x2c ./Middlewares/ST/STM32_USB_Device_Library/Core/Src/usbd_ctlreq.o
 .text.USBD_ClrFeature
                0x0000000008016446       0x4c ./Middlewares/ST/STM32_USB_Device_Library/Core/Src/usbd_ctlreq.o
 .text.USBD_ParseSetupRequest
                0x0000000008016492       0x76 ./Middlewares/ST/STM32_USB_Device_Library/Core/Src/usbd_ctlreq.o
                0x0000000008016492                USBD_ParseSetupRequest
 .text.USBD_CtlError
                0x0000000008016508       0x26 ./Middlewares/ST/STM32_USB_Device_Library/Core/Src/usbd_ctlreq.o
                0x0000000008016508                USBD_CtlError
 .text.USBD_GetString
                0x000000000801652e       0x9c ./Middlewares/ST/STM32_USB_Device_Library/Core/Src/usbd_ctlreq.o
                0x000000000801652e                USBD_GetString
 .text.USBD_GetLen
                0x00000000080165ca       0x3a ./Middlewares/ST/STM32_USB_Device_Library/Core/Src/usbd_ctlreq.o
 .text.USBD_CtlSendData
                0x0000000008016604       0x40 ./Middlewares/ST/STM32_USB_Device_Library/Core/Src/usbd_ioreq.o
                0x0000000008016604                USBD_CtlSendData
 .text.USBD_CtlContinueSendData
                0x0000000008016644       0x26 ./Middlewares/ST/STM32_USB_Device_Library/Core/Src/usbd_ioreq.o
                0x0000000008016644                USBD_CtlContinueSendData
 .text.USBD_CtlPrepareRx
                0x000000000801666a       0x48 ./Middlewares/ST/STM32_USB_Device_Library/Core/Src/usbd_ioreq.o
                0x000000000801666a                USBD_CtlPrepareRx
 .text.USBD_CtlContinueRx
                0x00000000080166b2       0x26 ./Middlewares/ST/STM32_USB_Device_Library/Core/Src/usbd_ioreq.o
                0x00000000080166b2                USBD_CtlContinueRx
 .text.USBD_CtlSendStatus
                0x00000000080166d8       0x28 ./Middlewares/ST/STM32_USB_Device_Library/Core/Src/usbd_ioreq.o
                0x00000000080166d8                USBD_CtlSendStatus
 .text.USBD_CtlReceiveStatus
                0x0000000008016700       0x28 ./Middlewares/ST/STM32_USB_Device_Library/Core/Src/usbd_ioreq.o
                0x0000000008016700                USBD_CtlReceiveStatus
 .text.makeFreeRtosPriority
                0x0000000008016728       0x32 ./Middlewares/Third_Party/FreeRTOS/Source/CMSIS_RTOS/cmsis_os.o
 .text.osKernelStart
                0x000000000801675a       0x10 ./Middlewares/Third_Party/FreeRTOS/Source/CMSIS_RTOS/cmsis_os.o
                0x000000000801675a                osKernelStart
 .text.osThreadCreate
                0x000000000801676a       0x9a ./Middlewares/Third_Party/FreeRTOS/Source/CMSIS_RTOS/cmsis_os.o
                0x000000000801676a                osThreadCreate
 .text.osDelay  0x0000000008016804       0x28 ./Middlewares/Third_Party/FreeRTOS/Source/CMSIS_RTOS/cmsis_os.o
                0x0000000008016804                osDelay
 .text.vListInitialise
                0x000000000801682c       0x3c ./Middlewares/Third_Party/FreeRTOS/Source/list.o
                0x000000000801682c                vListInitialise
 .text.vListInitialiseItem
                0x0000000008016868       0x16 ./Middlewares/Third_Party/FreeRTOS/Source/list.o
                0x0000000008016868                vListInitialiseItem
 .text.vListInsertEnd
                0x000000000801687e       0x44 ./Middlewares/Third_Party/FreeRTOS/Source/list.o
                0x000000000801687e                vListInsertEnd
 .text.vListInsert
                0x00000000080168c2       0x6c ./Middlewares/Third_Party/FreeRTOS/Source/list.o
                0x00000000080168c2                vListInsert
 .text.uxListRemove
                0x000000000801692e       0x50 ./Middlewares/Third_Party/FreeRTOS/Source/list.o
                0x000000000801692e                uxListRemove
 .text.xTaskCreateStatic
                0x000000000801697e       0x86 ./Middlewares/Third_Party/FreeRTOS/Source/tasks.o
                0x000000000801697e                xTaskCreateStatic
 .text.xTaskCreate
                0x0000000008016a04       0x98 ./Middlewares/Third_Party/FreeRTOS/Source/tasks.o
                0x0000000008016a04                xTaskCreate
 .text.prvInitialiseNewTask
                0x0000000008016a9c       0xf4 ./Middlewares/Third_Party/FreeRTOS/Source/tasks.o
 .text.prvAddNewTaskToReadyList
                0x0000000008016b90       0xc8 ./Middlewares/Third_Party/FreeRTOS/Source/tasks.o
 .text.vTaskDelay
                0x0000000008016c58       0x4c ./Middlewares/Third_Party/FreeRTOS/Source/tasks.o
                0x0000000008016c58                vTaskDelay
 .text.vTaskStartScheduler
                0x0000000008016ca4       0x9c ./Middlewares/Third_Party/FreeRTOS/Source/tasks.o
                0x0000000008016ca4                vTaskStartScheduler
 .text.vTaskSuspendAll
                0x0000000008016d40       0x18 ./Middlewares/Third_Party/FreeRTOS/Source/tasks.o
                0x0000000008016d40                vTaskSuspendAll
 .text.xTaskResumeAll
                0x0000000008016d58      0x118 ./Middlewares/Third_Party/FreeRTOS/Source/tasks.o
                0x0000000008016d58                xTaskResumeAll
 .text.xTaskIncrementTick
                0x0000000008016e70      0x168 ./Middlewares/Third_Party/FreeRTOS/Source/tasks.o
                0x0000000008016e70                xTaskIncrementTick
 .text.vTaskSwitchContext
                0x0000000008016fd8       0xa4 ./Middlewares/Third_Party/FreeRTOS/Source/tasks.o
                0x0000000008016fd8                vTaskSwitchContext
 .text.prvIdleTask
                0x000000000801707c       0x20 ./Middlewares/Third_Party/FreeRTOS/Source/tasks.o
 .text.prvInitialiseTaskLists
                0x000000000801709c       0x88 ./Middlewares/Third_Party/FreeRTOS/Source/tasks.o
 .text.prvCheckTasksWaitingTermination
                0x0000000008017124       0x5c ./Middlewares/Third_Party/FreeRTOS/Source/tasks.o
 .text.prvDeleteTCB
                0x0000000008017180       0x50 ./Middlewares/Third_Party/FreeRTOS/Source/tasks.o
 .text.prvResetNextTaskUnblockTime
                0x00000000080171d0       0x48 ./Middlewares/Third_Party/FreeRTOS/Source/tasks.o
 .text.xTaskGetSchedulerState
                0x0000000008017218       0x38 ./Middlewares/Third_Party/FreeRTOS/Source/tasks.o
                0x0000000008017218                xTaskGetSchedulerState
 .text.prvAddCurrentTaskToDelayedList
                0x0000000008017250       0xa8 ./Middlewares/Third_Party/FreeRTOS/Source/tasks.o
 .text.pxPortInitialiseStack
                0x00000000080172f8       0x54 ./Middlewares/Third_Party/FreeRTOS/Source/portable/GCC/ARM_CM0/port.o
                0x00000000080172f8                pxPortInitialiseStack
 .text.prvTaskExitError
                0x000000000801734c       0x30 ./Middlewares/Third_Party/FreeRTOS/Source/portable/GCC/ARM_CM0/port.o
 .text.SVC_Handler
                0x000000000801737c        0xa ./Middlewares/Third_Party/FreeRTOS/Source/portable/GCC/ARM_CM0/port.o
                0x000000000801737c                SVC_Handler
 *fill*         0x0000000008017386        0xa 
 .text.vPortStartFirstTask
                0x0000000008017390       0x38 ./Middlewares/Third_Party/FreeRTOS/Source/portable/GCC/ARM_CM0/port.o
 .text.xPortStartScheduler
                0x00000000080173c8       0x48 ./Middlewares/Third_Party/FreeRTOS/Source/portable/GCC/ARM_CM0/port.o
                0x00000000080173c8                xPortStartScheduler
 .text.vPortYield
                0x0000000008017410       0x20 ./Middlewares/Third_Party/FreeRTOS/Source/portable/GCC/ARM_CM0/port.o
                0x0000000008017410                vPortYield
 .text.vPortEnterCritical
                0x0000000008017430       0x24 ./Middlewares/Third_Party/FreeRTOS/Source/portable/GCC/ARM_CM0/port.o
                0x0000000008017430                vPortEnterCritical
 .text.vPortExitCritical
                0x0000000008017454       0x30 ./Middlewares/Third_Party/FreeRTOS/Source/portable/GCC/ARM_CM0/port.o
                0x0000000008017454                vPortExitCritical
 .text.ulSetInterruptMaskFromISR
                0x0000000008017484        0xc ./Middlewares/Third_Party/FreeRTOS/Source/portable/GCC/ARM_CM0/port.o
                0x0000000008017484                ulSetInterruptMaskFromISR
 .text.vClearInterruptMaskFromISR
                0x0000000008017490        0x8 ./Middlewares/Third_Party/FreeRTOS/Source/portable/GCC/ARM_CM0/port.o
                0x0000000008017490                vClearInterruptMaskFromISR
 *fill*         0x0000000008017498        0x8 
 .text.PendSV_Handler
                0x00000000080174a0       0x48 ./Middlewares/Third_Party/FreeRTOS/Source/portable/GCC/ARM_CM0/port.o
                0x00000000080174a0                PendSV_Handler
 .text.xPortSysTickHandler
                0x00000000080174e8       0x34 ./Middlewares/Third_Party/FreeRTOS/Source/portable/GCC/ARM_CM0/port.o
                0x00000000080174e8                xPortSysTickHandler
 .text.prvSetupTimerInterrupt
                0x000000000801751c       0x44 ./Middlewares/Third_Party/FreeRTOS/Source/portable/GCC/ARM_CM0/port.o
 .text.pvPortMalloc
                0x0000000008017560      0x14c ./Middlewares/Third_Party/FreeRTOS/Source/portable/MemMang/heap_4.o
                0x0000000008017560                pvPortMalloc
 .text.vPortFree
                0x00000000080176ac       0x90 ./Middlewares/Third_Party/FreeRTOS/Source/portable/MemMang/heap_4.o
                0x00000000080176ac                vPortFree
 .text.prvHeapInit
                0x000000000801773c       0xc0 ./Middlewares/Third_Party/FreeRTOS/Source/portable/MemMang/heap_4.o
 .text.prvInsertBlockIntoFreeList
                0x00000000080177fc       0xb0 ./Middlewares/Third_Party/FreeRTOS/Source/portable/MemMang/heap_4.o
 .text.MX_USB_DEVICE_Init
                0x00000000080178ac       0x68 ./USB_DEVICE/App/usb_device.o
                0x00000000080178ac                MX_USB_DEVICE_Init
 .text.CDC_Init_FS
                0x0000000008017914       0x30 ./USB_DEVICE/App/usbd_cdc_if.o
 .text.CDC_DeInit_FS
                0x0000000008017944        0xc ./USB_DEVICE/App/usbd_cdc_if.o
 .text.CDC_Control_FS
                0x0000000008017950       0x38 ./USB_DEVICE/App/usbd_cdc_if.o
 .text.CDC_Receive_FS
                0x0000000008017988       0x2c ./USB_DEVICE/App/usbd_cdc_if.o
 .text.USBD_FS_DeviceDescriptor
                0x00000000080179b4       0x24 ./USB_DEVICE/App/usbd_desc.o
                0x00000000080179b4                USBD_FS_DeviceDescriptor
 .text.USBD_FS_LangIDStrDescriptor
                0x00000000080179d8       0x24 ./USB_DEVICE/App/usbd_desc.o
                0x00000000080179d8                USBD_FS_LangIDStrDescriptor
 .text.USBD_FS_ProductStrDescriptor
                0x00000000080179fc       0x44 ./USB_DEVICE/App/usbd_desc.o
                0x00000000080179fc                USBD_FS_ProductStrDescriptor
 .text.USBD_FS_ManufacturerStrDescriptor
                0x0000000008017a40       0x2c ./USB_DEVICE/App/usbd_desc.o
                0x0000000008017a40                USBD_FS_ManufacturerStrDescriptor
 .text.USBD_FS_SerialStrDescriptor
                0x0000000008017a6c       0x28 ./USB_DEVICE/App/usbd_desc.o
                0x0000000008017a6c                USBD_FS_SerialStrDescriptor
 .text.USBD_FS_ConfigStrDescriptor
                0x0000000008017a94       0x44 ./USB_DEVICE/App/usbd_desc.o
                0x0000000008017a94                USBD_FS_ConfigStrDescriptor
 .text.USBD_FS_InterfaceStrDescriptor
                0x0000000008017ad8       0x44 ./USB_DEVICE/App/usbd_desc.o
                0x0000000008017ad8                USBD_FS_InterfaceStrDescriptor
 .text.Get_SerialNum
                0x0000000008017b1c       0x5c ./USB_DEVICE/App/usbd_desc.o
 .text.IntToUnicode
                0x0000000008017b78       0x96 ./USB_DEVICE/App/usbd_desc.o
 *fill*         0x0000000008017c0e        0x2 
 .text.HAL_PCD_MspInit
                0x0000000008017c10       0x50 ./USB_DEVICE/Target/usbd_conf.o
                0x0000000008017c10                HAL_PCD_MspInit
 .text.HAL_PCD_SetupStageCallback
                0x0000000008017c60       0x2a ./USB_DEVICE/Target/usbd_conf.o
                0x0000000008017c60                HAL_PCD_SetupStageCallback
 .text.HAL_PCD_DataOutStageCallback
                0x0000000008017c8a       0x42 ./USB_DEVICE/Target/usbd_conf.o
                0x0000000008017c8a                HAL_PCD_DataOutStageCallback
 .text.HAL_PCD_DataInStageCallback
                0x0000000008017ccc       0x3c ./USB_DEVICE/Target/usbd_conf.o
                0x0000000008017ccc                HAL_PCD_DataInStageCallback
 .text.HAL_PCD_SOFCallback
                0x0000000008017d08       0x1e ./USB_DEVICE/Target/usbd_conf.o
                0x0000000008017d08                HAL_PCD_SOFCallback
 .text.HAL_PCD_ResetCallback
                0x0000000008017d26       0x48 ./USB_DEVICE/Target/usbd_conf.o
                0x0000000008017d26                HAL_PCD_ResetCallback
 *fill*         0x0000000008017d6e        0x2 
 .text.HAL_PCD_SuspendCallback
                0x0000000008017d70       0x38 ./USB_DEVICE/Target/usbd_conf.o
                0x0000000008017d70                HAL_PCD_SuspendCallback
 .text.HAL_PCD_ResumeCallback
                0x0000000008017da8       0x3c ./USB_DEVICE/Target/usbd_conf.o
                0x0000000008017da8                HAL_PCD_ResumeCallback
 .text.USBD_LL_Init
                0x0000000008017de4       0xc8 ./USB_DEVICE/Target/usbd_conf.o
                0x0000000008017de4                USBD_LL_Init
 .text.USBD_LL_Start
                0x0000000008017eac       0x4a ./USB_DEVICE/Target/usbd_conf.o
                0x0000000008017eac                USBD_LL_Start
 .text.USBD_LL_OpenEP
                0x0000000008017ef6       0x6e ./USB_DEVICE/Target/usbd_conf.o
                0x0000000008017ef6                USBD_LL_OpenEP
 .text.USBD_LL_CloseEP
                0x0000000008017f64       0x56 ./USB_DEVICE/Target/usbd_conf.o
                0x0000000008017f64                USBD_LL_CloseEP
 .text.USBD_LL_StallEP
                0x0000000008017fba       0x56 ./USB_DEVICE/Target/usbd_conf.o
                0x0000000008017fba                USBD_LL_StallEP
 .text.USBD_LL_ClearStallEP
                0x0000000008018010       0x56 ./USB_DEVICE/Target/usbd_conf.o
                0x0000000008018010                USBD_LL_ClearStallEP
 .text.USBD_LL_IsStallEP
                0x0000000008018066       0x62 ./USB_DEVICE/Target/usbd_conf.o
                0x0000000008018066                USBD_LL_IsStallEP
 .text.USBD_LL_SetUSBAddress
                0x00000000080180c8       0x56 ./USB_DEVICE/Target/usbd_conf.o
                0x00000000080180c8                USBD_LL_SetUSBAddress
 .text.USBD_LL_Transmit
                0x000000000801811e       0x6e ./USB_DEVICE/Target/usbd_conf.o
                0x000000000801811e                USBD_LL_Transmit
 .text.USBD_LL_PrepareReceive
                0x000000000801818c       0x6e ./USB_DEVICE/Target/usbd_conf.o
                0x000000000801818c                USBD_LL_PrepareReceive
 .text.USBD_LL_GetRxDataSize
                0x00000000080181fa       0x2c ./USB_DEVICE/Target/usbd_conf.o
                0x00000000080181fa                USBD_LL_GetRxDataSize
 *fill*         0x0000000008018226        0x2 
 .text.USBD_static_malloc
                0x0000000008018228       0x18 ./USB_DEVICE/Target/usbd_conf.o
                0x0000000008018228                USBD_static_malloc
 .text.USBD_static_free
                0x0000000008018240       0x10 ./USB_DEVICE/Target/usbd_conf.o
                0x0000000008018240                USBD_static_free
 .text.SystemClockConfig_Resume
                0x0000000008018250        0xe ./USB_DEVICE/Target/usbd_conf.o
 .text.USBD_Get_USB_Status
                0x000000000801825e       0x6e ./USB_DEVICE/Target/usbd_conf.o
 .text.atoi     0x00000000080182cc        0xc c:/st/stm32cubeide_1.7.0/stm32cubeide/plugins/com.st.stm32cube.ide.mcu.externaltools.gnu-tools-for-stm32.9-2020-q2-update.win32_2.0.0.202105311346/tools/bin/../lib/gcc/arm-none-eabi/9.3.1/../../../../arm-none-eabi/lib/thumb/v6-m/nofp\libc_nano.a(lib_a-atoi.o)
                0x00000000080182cc                atoi
 .text.__errno  0x00000000080182d8        0xc c:/st/stm32cubeide_1.7.0/stm32cubeide/plugins/com.st.stm32cube.ide.mcu.externaltools.gnu-tools-for-stm32.9-2020-q2-update.win32_2.0.0.202105311346/tools/bin/../lib/gcc/arm-none-eabi/9.3.1/../../../../arm-none-eabi/lib/thumb/v6-m/nofp\libc_nano.a(lib_a-errno.o)
                0x00000000080182d8                __errno
 .text.__libc_init_array
                0x00000000080182e4       0x48 c:/st/stm32cubeide_1.7.0/stm32cubeide/plugins/com.st.stm32cube.ide.mcu.externaltools.gnu-tools-for-stm32.9-2020-q2-update.win32_2.0.0.202105311346/tools/bin/../lib/gcc/arm-none-eabi/9.3.1/../../../../arm-none-eabi/lib/thumb/v6-m/nofp\libc_nano.a(lib_a-init.o)
                0x00000000080182e4                __libc_init_array
 .text.memcpy   0x000000000801832c       0x12 c:/st/stm32cubeide_1.7.0/stm32cubeide/plugins/com.st.stm32cube.ide.mcu.externaltools.gnu-tools-for-stm32.9-2020-q2-update.win32_2.0.0.202105311346/tools/bin/../lib/gcc/arm-none-eabi/9.3.1/../../../../arm-none-eabi/lib/thumb/v6-m/nofp\libc_nano.a(lib_a-memcpy-stub.o)
                0x000000000801832c                memcpy
 .text.memset   0x000000000801833e       0x10 c:/st/stm32cubeide_1.7.0/stm32cubeide/plugins/com.st.stm32cube.ide.mcu.externaltools.gnu-tools-for-stm32.9-2020-q2-update.win32_2.0.0.202105311346/tools/bin/../lib/gcc/arm-none-eabi/9.3.1/../../../../arm-none-eabi/lib/thumb/v6-m/nofp\libc_nano.a(lib_a-memset.o)
                0x000000000801833e                memset
 *fill*         0x000000000801834e        0x2 
 .text.sprintf  0x0000000008018350       0x40 c:/st/stm32cubeide_1.7.0/stm32cubeide/plugins/com.st.stm32cube.ide.mcu.externaltools.gnu-tools-for-stm32.9-2020-q2-update.win32_2.0.0.202105311346/tools/bin/../lib/gcc/arm-none-eabi/9.3.1/../../../../arm-none-eabi/lib/thumb/v6-m/nofp\libc_nano.a(lib_a-sprintf.o)
                0x0000000008018350                siprintf
                0x0000000008018350                sprintf
 .text.strcat   0x0000000008018390       0x1a c:/st/stm32cubeide_1.7.0/stm32cubeide/plugins/com.st.stm32cube.ide.mcu.externaltools.gnu-tools-for-stm32.9-2020-q2-update.win32_2.0.0.202105311346/tools/bin/../lib/gcc/arm-none-eabi/9.3.1/../../../../arm-none-eabi/lib/thumb/v6-m/nofp\libc_nano.a(lib_a-strcat.o)
                0x0000000008018390                strcat
 .text.strcpy   0x00000000080183aa       0x10 c:/st/stm32cubeide_1.7.0/stm32cubeide/plugins/com.st.stm32cube.ide.mcu.externaltools.gnu-tools-for-stm32.9-2020-q2-update.win32_2.0.0.202105311346/tools/bin/../lib/gcc/arm-none-eabi/9.3.1/../../../../arm-none-eabi/lib/thumb/v6-m/nofp\libc_nano.a(lib_a-strcpy.o)
                0x00000000080183aa                strcpy
 .text.strncmp  0x00000000080183ba       0x22 c:/st/stm32cubeide_1.7.0/stm32cubeide/plugins/com.st.stm32cube.ide.mcu.externaltools.gnu-tools-for-stm32.9-2020-q2-update.win32_2.0.0.202105311346/tools/bin/../lib/gcc/arm-none-eabi/9.3.1/../../../../arm-none-eabi/lib/thumb/v6-m/nofp\libc_nano.a(lib_a-strncmp.o)
                0x00000000080183ba                strncmp
 .text.strncpy  0x00000000080183dc       0x28 c:/st/stm32cubeide_1.7.0/stm32cubeide/plugins/com.st.stm32cube.ide.mcu.externaltools.gnu-tools-for-stm32.9-2020-q2-update.win32_2.0.0.202105311346/tools/bin/../lib/gcc/arm-none-eabi/9.3.1/../../../../arm-none-eabi/lib/thumb/v6-m/nofp\libc_nano.a(lib_a-strncpy.o)
                0x00000000080183dc                strncpy
 .text._strtol_l.isra.0
                0x0000000008018404      0x11c c:/st/stm32cubeide_1.7.0/stm32cubeide/plugins/com.st.stm32cube.ide.mcu.externaltools.gnu-tools-for-stm32.9-2020-q2-update.win32_2.0.0.202105311346/tools/bin/../lib/gcc/arm-none-eabi/9.3.1/../../../../arm-none-eabi/lib/thumb/v6-m/nofp\libc_nano.a(lib_a-strtol.o)
 .text.strtol   0x0000000008018520       0x18 c:/st/stm32cubeide_1.7.0/stm32cubeide/plugins/com.st.stm32cube.ide.mcu.externaltools.gnu-tools-for-stm32.9-2020-q2-update.win32_2.0.0.202105311346/tools/bin/../lib/gcc/arm-none-eabi/9.3.1/../../../../arm-none-eabi/lib/thumb/v6-m/nofp\libc_nano.a(lib_a-strtol.o)
                0x0000000008018520                strtol
 .text.__ssputs_r
                0x0000000008018538       0xc4 c:/st/stm32cubeide_1.7.0/stm32cubeide/plugins/com.st.stm32cube.ide.mcu.externaltools.gnu-tools-for-stm32.9-2020-q2-update.win32_2.0.0.202105311346/tools/bin/../lib/gcc/arm-none-eabi/9.3.1/../../../../arm-none-eabi/lib/thumb/v6-m/nofp\libc_nano.a(lib_a-nano-svfprintf.o)
                0x0000000008018538                __ssputs_r
 .text._svfprintf_r
                0x00000000080185fc      0x200 c:/st/stm32cubeide_1.7.0/stm32cubeide/plugins/com.st.stm32cube.ide.mcu.externaltools.gnu-tools-for-stm32.9-2020-q2-update.win32_2.0.0.202105311346/tools/bin/../lib/gcc/arm-none-eabi/9.3.1/../../../../arm-none-eabi/lib/thumb/v6-m/nofp\libc_nano.a(lib_a-nano-svfprintf.o)
                0x00000000080185fc                _svfiprintf_r
                0x00000000080185fc                _svfprintf_r
 .text._printf_common
                0x00000000080187fc       0xde c:/st/stm32cubeide_1.7.0/stm32cubeide/plugins/com.st.stm32cube.ide.mcu.externaltools.gnu-tools-for-stm32.9-2020-q2-update.win32_2.0.0.202105311346/tools/bin/../lib/gcc/arm-none-eabi/9.3.1/../../../../arm-none-eabi/lib/thumb/v6-m/nofp\libc_nano.a(lib_a-nano-vfprintf_i.o)
                0x00000000080187fc                _printf_common
 *fill*         0x00000000080188da        0x2 
 .text._printf_i
                0x00000000080188dc      0x224 c:/st/stm32cubeide_1.7.0/stm32cubeide/plugins/com.st.stm32cube.ide.mcu.externaltools.gnu-tools-for-stm32.9-2020-q2-update.win32_2.0.0.202105311346/tools/bin/../lib/gcc/arm-none-eabi/9.3.1/../../../../arm-none-eabi/lib/thumb/v6-m/nofp\libc_nano.a(lib_a-nano-vfprintf_i.o)
                0x00000000080188dc                _printf_i
 .text.memchr   0x0000000008018b00       0x16 c:/st/stm32cubeide_1.7.0/stm32cubeide/plugins/com.st.stm32cube.ide.mcu.externaltools.gnu-tools-for-stm32.9-2020-q2-update.win32_2.0.0.202105311346/tools/bin/../lib/gcc/arm-none-eabi/9.3.1/../../../../arm-none-eabi/lib/thumb/v6-m/nofp\libc_nano.a(lib_a-memchr-stub.o)
                0x0000000008018b00                memchr
 .text.memmove  0x0000000008018b16       0x26 c:/st/stm32cubeide_1.7.0/stm32cubeide/plugins/com.st.stm32cube.ide.mcu.externaltools.gnu-tools-for-stm32.9-2020-q2-update.win32_2.0.0.202105311346/tools/bin/../lib/gcc/arm-none-eabi/9.3.1/../../../../arm-none-eabi/lib/thumb/v6-m/nofp\libc_nano.a(lib_a-memmove.o)
                0x0000000008018b16                memmove
 .text._free_r  0x0000000008018b3c       0x94 c:/st/stm32cubeide_1.7.0/stm32cubeide/plugins/com.st.stm32cube.ide.mcu.externaltools.gnu-tools-for-stm32.9-2020-q2-update.win32_2.0.0.202105311346/tools/bin/../lib/gcc/arm-none-eabi/9.3.1/../../../../arm-none-eabi/lib/thumb/v6-m/nofp\libc_nano.a(lib_a-nano-freer.o)
                0x0000000008018b3c                _free_r
 .text._malloc_r
                0x0000000008018bd0       0xbc c:/st/stm32cubeide_1.7.0/stm32cubeide/plugins/com.st.stm32cube.ide.mcu.externaltools.gnu-tools-for-stm32.9-2020-q2-update.win32_2.0.0.202105311346/tools/bin/../lib/gcc/arm-none-eabi/9.3.1/../../../../arm-none-eabi/lib/thumb/v6-m/nofp\libc_nano.a(lib_a-nano-mallocr.o)
                0x0000000008018bd0                _malloc_r
 .text._realloc_r
                0x0000000008018c8c       0x4c c:/st/stm32cubeide_1.7.0/stm32cubeide/plugins/com.st.stm32cube.ide.mcu.externaltools.gnu-tools-for-stm32.9-2020-q2-update.win32_2.0.0.202105311346/tools/bin/../lib/gcc/arm-none-eabi/9.3.1/../../../../arm-none-eabi/lib/thumb/v6-m/nofp\libc_nano.a(lib_a-nano-reallocr.o)
                0x0000000008018c8c                _realloc_r
 .text._sbrk_r  0x0000000008018cd8       0x24 c:/st/stm32cubeide_1.7.0/stm32cubeide/plugins/com.st.stm32cube.ide.mcu.externaltools.gnu-tools-for-stm32.9-2020-q2-update.win32_2.0.0.202105311346/tools/bin/../lib/gcc/arm-none-eabi/9.3.1/../../../../arm-none-eabi/lib/thumb/v6-m/nofp\libc_nano.a(lib_a-sbrkr.o)
                0x0000000008018cd8                _sbrk_r
 .text.__malloc_lock
                0x0000000008018cfc       0x10 c:/st/stm32cubeide_1.7.0/stm32cubeide/plugins/com.st.stm32cube.ide.mcu.externaltools.gnu-tools-for-stm32.9-2020-q2-update.win32_2.0.0.202105311346/tools/bin/../lib/gcc/arm-none-eabi/9.3.1/../../../../arm-none-eabi/lib/thumb/v6-m/nofp\libc_nano.a(lib_a-mlock.o)
                0x0000000008018cfc                __malloc_lock
 .text.__malloc_unlock
                0x0000000008018d0c       0x10 c:/st/stm32cubeide_1.7.0/stm32cubeide/plugins/com.st.stm32cube.ide.mcu.externaltools.gnu-tools-for-stm32.9-2020-q2-update.win32_2.0.0.202105311346/tools/bin/../lib/gcc/arm-none-eabi/9.3.1/../../../../arm-none-eabi/lib/thumb/v6-m/nofp\libc_nano.a(lib_a-mlock.o)
                0x0000000008018d0c                __malloc_unlock
 .text._malloc_usable_size_r
                0x0000000008018d1c       0x10 c:/st/stm32cubeide_1.7.0/stm32cubeide/plugins/com.st.stm32cube.ide.mcu.externaltools.gnu-tools-for-stm32.9-2020-q2-update.win32_2.0.0.202105311346/tools/bin/../lib/gcc/arm-none-eabi/9.3.1/../../../../arm-none-eabi/lib/thumb/v6-m/nofp\libc_nano.a(lib_a-nano-msizer.o)
                0x0000000008018d1c                _malloc_usable_size_r
 .text.__retarget_lock_acquire_recursive
                0x0000000008018d2c        0x2 c:/st/stm32cubeide_1.7.0/stm32cubeide/plugins/com.st.stm32cube.ide.mcu.externaltools.gnu-tools-for-stm32.9-2020-q2-update.win32_2.0.0.202105311346/tools/bin/../lib/gcc/arm-none-eabi/9.3.1/../../../../arm-none-eabi/lib/thumb/v6-m/nofp\libc_nano.a(lib_a-lock.o)
                0x0000000008018d2c                __retarget_lock_acquire_recursive
 .text.__retarget_lock_release_recursive
                0x0000000008018d2e        0x2 c:/st/stm32cubeide_1.7.0/stm32cubeide/plugins/com.st.stm32cube.ide.mcu.externaltools.gnu-tools-for-stm32.9-2020-q2-update.win32_2.0.0.202105311346/tools/bin/../lib/gcc/arm-none-eabi/9.3.1/../../../../arm-none-eabi/lib/thumb/v6-m/nofp\libc_nano.a(lib_a-lock.o)
                0x0000000008018d2e                __retarget_lock_release_recursive
 *(.glue_7)
 .glue_7        0x0000000008018d30        0x0 linker stubs
 *(.glue_7t)
 .glue_7t       0x0000000008018d30        0x0 linker stubs
 *(.eh_frame)
 .eh_frame      0x0000000008018d30        0x0 c:/st/stm32cubeide_1.7.0/stm32cubeide/plugins/com.st.stm32cube.ide.mcu.externaltools.gnu-tools-for-stm32.9-2020-q2-update.win32_2.0.0.202105311346/tools/bin/../lib/gcc/arm-none-eabi/9.3.1/thumb/v6-m/nofp/crtbegin.o
 *(.init)
 .init          0x0000000008018d30        0x4 c:/st/stm32cubeide_1.7.0/stm32cubeide/plugins/com.st.stm32cube.ide.mcu.externaltools.gnu-tools-for-stm32.9-2020-q2-update.win32_2.0.0.202105311346/tools/bin/../lib/gcc/arm-none-eabi/9.3.1/thumb/v6-m/nofp/crti.o
                0x0000000008018d30                _init
 .init          0x0000000008018d34        0x8 c:/st/stm32cubeide_1.7.0/stm32cubeide/plugins/com.st.stm32cube.ide.mcu.externaltools.gnu-tools-for-stm32.9-2020-q2-update.win32_2.0.0.202105311346/tools/bin/../lib/gcc/arm-none-eabi/9.3.1/thumb/v6-m/nofp/crtn.o
 *(.fini)
 .fini          0x0000000008018d3c        0x4 c:/st/stm32cubeide_1.7.0/stm32cubeide/plugins/com.st.stm32cube.ide.mcu.externaltools.gnu-tools-for-stm32.9-2020-q2-update.win32_2.0.0.202105311346/tools/bin/../lib/gcc/arm-none-eabi/9.3.1/thumb/v6-m/nofp/crti.o
                0x0000000008018d3c                _fini
 .fini          0x0000000008018d40        0x8 c:/st/stm32cubeide_1.7.0/stm32cubeide/plugins/com.st.stm32cube.ide.mcu.externaltools.gnu-tools-for-stm32.9-2020-q2-update.win32_2.0.0.202105311346/tools/bin/../lib/gcc/arm-none-eabi/9.3.1/thumb/v6-m/nofp/crtn.o
                0x0000000008018d48                . = ALIGN (0x4)
                0x0000000008018d48                _etext = .

.vfp11_veneer   0x0000000008018d48        0x0
 .vfp11_veneer  0x0000000008018d48        0x0 linker stubs

.v4_bx          0x0000000008018d48        0x0
 .v4_bx         0x0000000008018d48        0x0 linker stubs

.iplt           0x0000000008018d48        0x0
 .iplt          0x0000000008018d48        0x0 c:/st/stm32cubeide_1.7.0/stm32cubeide/plugins/com.st.stm32cube.ide.mcu.externaltools.gnu-tools-for-stm32.9-2020-q2-update.win32_2.0.0.202105311346/tools/bin/../lib/gcc/arm-none-eabi/9.3.1/thumb/v6-m/nofp/crtbegin.o

.rodata         0x0000000008018d48     0x15c8
                0x0000000008018d48                . = ALIGN (0x4)
 *(.rodata)
 .rodata        0x0000000008018d48      0xdcc ./Core/Src/GSM.o
 .rodata        0x0000000008019b14      0x3af ./Core/Src/Wifi.o
 *fill*         0x0000000008019ec3        0x1 
 .rodata        0x0000000008019ec4       0xa7 ./Core/Src/main.o
 *fill*         0x0000000008019f6b        0x1 
 .rodata        0x0000000008019f6c       0x20 ./Drivers/STM32F0xx_HAL_Driver/Src/stm32f0xx_hal_rcc.o
 .rodata        0x0000000008019f8c        0x5 ./Middlewares/Third_Party/FreeRTOS/Source/tasks.o
 *fill*         0x0000000008019f91        0x3 
 .rodata        0x0000000008019f94       0x46 ./USB_DEVICE/App/usbd_desc.o
 *(.rodata*)
 *fill*         0x0000000008019fda        0x2 
 .rodata.GSM_Service
                0x0000000008019fdc       0xf8 ./Core/Src/GSM.o
 .rodata.AHBPrescTable
                0x000000000801a0d4       0x10 ./Core/Src/system_stm32f0xx.o
                0x000000000801a0d4                AHBPrescTable
 .rodata.APBPrescTable
                0x000000000801a0e4        0x8 ./Core/Src/system_stm32f0xx.o
                0x000000000801a0e4                APBPrescTable
 .rodata.USBD_StdDevReq
                0x000000000801a0ec       0x28 ./Middlewares/ST/STM32_USB_Device_Library/Core/Src/usbd_ctlreq.o
 .rodata.USBD_GetDescriptor
                0x000000000801a114       0x38 ./Middlewares/ST/STM32_USB_Device_Library/Core/Src/usbd_ctlreq.o
 .rodata.CDC_Control_FS
                0x000000000801a14c       0x90 ./USB_DEVICE/App/usbd_cdc_if.o
 .rodata._ctype_
                0x000000000801a1dc      0x101 c:/st/stm32cubeide_1.7.0/stm32cubeide/plugins/com.st.stm32cube.ide.mcu.externaltools.gnu-tools-for-stm32.9-2020-q2-update.win32_2.0.0.202105311346/tools/bin/../lib/gcc/arm-none-eabi/9.3.1/../../../../arm-none-eabi/lib/thumb/v6-m/nofp\libc_nano.a(lib_a-ctype_.o)
                0x000000000801a1dc                _ctype_
 .rodata._svfprintf_r.str1.1
                0x000000000801a2dd       0x11 c:/st/stm32cubeide_1.7.0/stm32cubeide/plugins/com.st.stm32cube.ide.mcu.externaltools.gnu-tools-for-stm32.9-2020-q2-update.win32_2.0.0.202105311346/tools/bin/../lib/gcc/arm-none-eabi/9.3.1/../../../../arm-none-eabi/lib/thumb/v6-m/nofp\libc_nano.a(lib_a-nano-svfprintf.o)
 .rodata._printf_i.str1.1
                0x000000000801a2ee       0x22 c:/st/stm32cubeide_1.7.0/stm32cubeide/plugins/com.st.stm32cube.ide.mcu.externaltools.gnu-tools-for-stm32.9-2020-q2-update.win32_2.0.0.202105311346/tools/bin/../lib/gcc/arm-none-eabi/9.3.1/../../../../arm-none-eabi/lib/thumb/v6-m/nofp\libc_nano.a(lib_a-nano-vfprintf_i.o)
                0x000000000801a310                . = ALIGN (0x4)

.rel.dyn        0x000000000801a310        0x0
 .rel.iplt      0x000000000801a310        0x0 c:/st/stm32cubeide_1.7.0/stm32cubeide/plugins/com.st.stm32cube.ide.mcu.externaltools.gnu-tools-for-stm32.9-2020-q2-update.win32_2.0.0.202105311346/tools/bin/../lib/gcc/arm-none-eabi/9.3.1/thumb/v6-m/nofp/crtbegin.o

.ARM.extab      0x000000000801a310        0x0
                0x000000000801a310                . = ALIGN (0x4)
 *(.ARM.extab* .gnu.linkonce.armextab.*)
                0x000000000801a310                . = ALIGN (0x4)

.ARM            0x000000000801a310        0x0
                0x000000000801a310                . = ALIGN (0x4)
                0x000000000801a310                __exidx_start = .
 *(.ARM.exidx*)
                0x000000000801a310                __exidx_end = .
                0x000000000801a310                . = ALIGN (0x4)

.preinit_array  0x000000000801a310        0x0
                0x000000000801a310                . = ALIGN (0x4)
                0x000000000801a310                PROVIDE (__preinit_array_start = .)
 *(.preinit_array*)
                0x000000000801a310                PROVIDE (__preinit_array_end = .)
                0x000000000801a310                . = ALIGN (0x4)

.init_array     0x000000000801a310        0x4
                0x000000000801a310                . = ALIGN (0x4)
                0x000000000801a310                PROVIDE (__init_array_start = .)
 *(SORT_BY_NAME(.init_array.*))
 *(.init_array*)
 .init_array    0x000000000801a310        0x4 c:/st/stm32cubeide_1.7.0/stm32cubeide/plugins/com.st.stm32cube.ide.mcu.externaltools.gnu-tools-for-stm32.9-2020-q2-update.win32_2.0.0.202105311346/tools/bin/../lib/gcc/arm-none-eabi/9.3.1/thumb/v6-m/nofp/crtbegin.o
                0x000000000801a314                PROVIDE (__init_array_end = .)
                0x000000000801a314                . = ALIGN (0x4)

.fini_array     0x000000000801a314        0x4
                0x000000000801a314                . = ALIGN (0x4)
                [!provide]                        PROVIDE (__fini_array_start = .)
 *(SORT_BY_NAME(.fini_array.*))
 *(.fini_array*)
 .fini_array    0x000000000801a314        0x4 c:/st/stm32cubeide_1.7.0/stm32cubeide/plugins/com.st.stm32cube.ide.mcu.externaltools.gnu-tools-for-stm32.9-2020-q2-update.win32_2.0.0.202105311346/tools/bin/../lib/gcc/arm-none-eabi/9.3.1/thumb/v6-m/nofp/crtbegin.o
                [!provide]                        PROVIDE (__fini_array_end = .)
                0x000000000801a318                . = ALIGN (0x4)
                0x000000000801a318                _sidata = LOADADDR (.data)

.data           0x00000000200000c0      0x1f8 load address 0x000000000801a318
                0x00000000200000c0                . = ALIGN (0x4)
                0x00000000200000c0                _sdata = .
 *(.data)
 *(.data*)
 .data.gsmState
                0x00000000200000c0        0x1 ./Core/Src/GSM.o
                0x00000000200000c0                gsmState
 *fill*         0x00000000200000c1        0x3 
 .data.ftpseek  0x00000000200000c4        0x4 ./Core/Src/GSM.o
                0x00000000200000c4                ftpseek
 .data.ftpinc   0x00000000200000c8        0x4 ./Core/Src/GSM.o
                0x00000000200000c8                ftpinc
 .data.ftpPacket
                0x00000000200000cc        0x4 ./Core/Src/GSM.o
                0x00000000200000cc                ftpPacket
 .data.mqttState
                0x00000000200000d0        0x1 ./Core/Src/GSM.o
                0x00000000200000d0                mqttState
 *fill*         0x00000000200000d1        0x3 
 .data.SystemCoreClock
                0x00000000200000d4        0x4 ./Core/Src/system_stm32f0xx.o
                0x00000000200000d4                SystemCoreClock
 .data.uwTickPrio
                0x00000000200000d8        0x4 ./Drivers/STM32F0xx_HAL_Driver/Src/stm32f0xx_hal.o
                0x00000000200000d8                uwTickPrio
 .data.uwTickFreq
                0x00000000200000dc        0x1 ./Drivers/STM32F0xx_HAL_Driver/Src/stm32f0xx_hal.o
                0x00000000200000dc                uwTickFreq
 *fill*         0x00000000200000dd        0x3 
 .data.USBD_CDC_DeviceQualifierDesc
                0x00000000200000e0        0xa ./Middlewares/ST/STM32_USB_Device_Library/Class/CDC/Src/usbd_cdc.o
 *fill*         0x00000000200000ea        0x2 
 .data.USBD_CDC
                0x00000000200000ec       0x38 ./Middlewares/ST/STM32_USB_Device_Library/Class/CDC/Src/usbd_cdc.o
                0x00000000200000ec                USBD_CDC
 .data.USBD_CDC_CfgHSDesc
                0x0000000020000124       0x43 ./Middlewares/ST/STM32_USB_Device_Library/Class/CDC/Src/usbd_cdc.o
                0x0000000020000124                USBD_CDC_CfgHSDesc
 *fill*         0x0000000020000167        0x1 
 .data.USBD_CDC_CfgFSDesc
                0x0000000020000168       0x43 ./Middlewares/ST/STM32_USB_Device_Library/Class/CDC/Src/usbd_cdc.o
                0x0000000020000168                USBD_CDC_CfgFSDesc
 *fill*         0x00000000200001ab        0x1 
 .data.USBD_CDC_OtherSpeedCfgDesc
                0x00000000200001ac       0x43 ./Middlewares/ST/STM32_USB_Device_Library/Class/CDC/Src/usbd_cdc.o
                0x00000000200001ac                USBD_CDC_OtherSpeedCfgDesc
 *fill*         0x00000000200001ef        0x1 
 .data.uxCriticalNesting
                0x00000000200001f0        0x4 ./Middlewares/Third_Party/FreeRTOS/Source/portable/GCC/ARM_CM0/port.o
 .data.USBD_Interface_fops_FS
                0x00000000200001f4       0x10 ./USB_DEVICE/App/usbd_cdc_if.o
                0x00000000200001f4                USBD_Interface_fops_FS
 .data.FS_Desc  0x0000000020000204       0x1c ./USB_DEVICE/App/usbd_desc.o
                0x0000000020000204                FS_Desc
 .data.USBD_FS_DeviceDesc
                0x0000000020000220       0x12 ./USB_DEVICE/App/usbd_desc.o
                0x0000000020000220                USBD_FS_DeviceDesc
 *fill*         0x0000000020000232        0x2 
 .data.USBD_LangIDDesc
                0x0000000020000234        0x4 ./USB_DEVICE/App/usbd_desc.o
                0x0000000020000234                USBD_LangIDDesc
 .data.USBD_StringSerial
                0x0000000020000238       0x1a ./USB_DEVICE/App/usbd_desc.o
                0x0000000020000238                USBD_StringSerial
 *fill*         0x0000000020000252        0x2 
 .data._impure_ptr
                0x0000000020000254        0x4 c:/st/stm32cubeide_1.7.0/stm32cubeide/plugins/com.st.stm32cube.ide.mcu.externaltools.gnu-tools-for-stm32.9-2020-q2-update.win32_2.0.0.202105311346/tools/bin/../lib/gcc/arm-none-eabi/9.3.1/../../../../arm-none-eabi/lib/thumb/v6-m/nofp\libc_nano.a(lib_a-impure.o)
                0x0000000020000254                _impure_ptr
 .data.impure_data
                0x0000000020000258       0x60 c:/st/stm32cubeide_1.7.0/stm32cubeide/plugins/com.st.stm32cube.ide.mcu.externaltools.gnu-tools-for-stm32.9-2020-q2-update.win32_2.0.0.202105311346/tools/bin/../lib/gcc/arm-none-eabi/9.3.1/../../../../arm-none-eabi/lib/thumb/v6-m/nofp\libc_nano.a(lib_a-impure.o)
 *(.RamFunc)
 *(.RamFunc*)
                0x00000000200002b8                . = ALIGN (0x4)
                0x00000000200002b8                _edata = .

.igot.plt       0x00000000200002b8        0x0 load address 0x000000000801a510
 .igot.plt      0x00000000200002b8        0x0 c:/st/stm32cubeide_1.7.0/stm32cubeide/plugins/com.st.stm32cube.ide.mcu.externaltools.gnu-tools-for-stm32.9-2020-q2-update.win32_2.0.0.202105311346/tools/bin/../lib/gcc/arm-none-eabi/9.3.1/thumb/v6-m/nofp/crtbegin.o
                0x00000000200002b8                . = ALIGN (0x4)

.bss            0x00000000200002b8     0x334c load address 0x000000000801a510
                0x00000000200002b8                _sbss = .
                0x00000000200002b8                __bss_start__ = _sbss
 *(.bss)
 .bss           0x00000000200002b8       0x1c c:/st/stm32cubeide_1.7.0/stm32cubeide/plugins/com.st.stm32cube.ide.mcu.externaltools.gnu-tools-for-stm32.9-2020-q2-update.win32_2.0.0.202105311346/tools/bin/../lib/gcc/arm-none-eabi/9.3.1/thumb/v6-m/nofp/crtbegin.o
 *(.bss*)
 .bss.onTimer   0x00000000200002d4        0x2 ./Core/Src/GSM.o
                0x00000000200002d4                onTimer
 *fill*         0x00000000200002d6        0x2 
 .bss.recBuffPointerWrite
                0x00000000200002d8        0x4 ./Core/Src/GSM.o
                0x00000000200002d8                recBuffPointerWrite
 .bss.recBuffPointerRead
                0x00000000200002dc        0x4 ./Core/Src/GSM.o
                0x00000000200002dc                recBuffPointerRead
 .bss.procBuffpointer
                0x00000000200002e0        0x4 ./Core/Src/GSM.o
                0x00000000200002e0                procBuffpointer
 .bss.MQTTBuffpointer
                0x00000000200002e4        0x4 ./Core/Src/GSM.o
                0x00000000200002e4                MQTTBuffpointer
 .bss.errorTimer
                0x00000000200002e8        0x4 ./Core/Src/GSM.o
                0x00000000200002e8                errorTimer
 .bss.restartTimer
                0x00000000200002ec        0x4 ./Core/Src/GSM.o
                0x00000000200002ec                restartTimer
 .bss.gsmTimeout
                0x00000000200002f0        0x4 ./Core/Src/GSM.o
                0x00000000200002f0                gsmTimeout
 .bss.gsmSend   0x00000000200002f4        0x4 ./Core/Src/GSM.o
                0x00000000200002f4                gsmSend
 .bss.mqttSend  0x00000000200002f8        0x4 ./Core/Src/GSM.o
                0x00000000200002f8                mqttSend
 .bss.xIdleTaskTCBBuffer
                0x00000000200002fc       0x54 ./Core/Src/freertos.o
 .bss.xIdleStack
                0x0000000020000350      0x200 ./Core/Src/freertos.o
 .bss.__sbrk_heap_end
                0x0000000020000550        0x4 ./Core/Src/sysmem.o
 .bss.cfgidx.8155
                0x0000000020000554        0x1 ./Middlewares/ST/STM32_USB_Device_Library/Core/Src/usbd_ctlreq.o
 *fill*         0x0000000020000555        0x3 
 .bss.pxCurrentTCB
                0x0000000020000558        0x4 ./Middlewares/Third_Party/FreeRTOS/Source/tasks.o
                0x0000000020000558                pxCurrentTCB
 .bss.pxReadyTasksLists
                0x000000002000055c       0x8c ./Middlewares/Third_Party/FreeRTOS/Source/tasks.o
 .bss.xDelayedTaskList1
                0x00000000200005e8       0x14 ./Middlewares/Third_Party/FreeRTOS/Source/tasks.o
 .bss.xDelayedTaskList2
                0x00000000200005fc       0x14 ./Middlewares/Third_Party/FreeRTOS/Source/tasks.o
 .bss.pxDelayedTaskList
                0x0000000020000610        0x4 ./Middlewares/Third_Party/FreeRTOS/Source/tasks.o
 .bss.pxOverflowDelayedTaskList
                0x0000000020000614        0x4 ./Middlewares/Third_Party/FreeRTOS/Source/tasks.o
 .bss.xPendingReadyList
                0x0000000020000618       0x14 ./Middlewares/Third_Party/FreeRTOS/Source/tasks.o
 .bss.xTasksWaitingTermination
                0x000000002000062c       0x14 ./Middlewares/Third_Party/FreeRTOS/Source/tasks.o
 .bss.uxDeletedTasksWaitingCleanUp
                0x0000000020000640        0x4 ./Middlewares/Third_Party/FreeRTOS/Source/tasks.o
 .bss.xSuspendedTaskList
                0x0000000020000644       0x14 ./Middlewares/Third_Party/FreeRTOS/Source/tasks.o
 .bss.uxCurrentNumberOfTasks
                0x0000000020000658        0x4 ./Middlewares/Third_Party/FreeRTOS/Source/tasks.o
 .bss.xTickCount
                0x000000002000065c        0x4 ./Middlewares/Third_Party/FreeRTOS/Source/tasks.o
 .bss.uxTopReadyPriority
                0x0000000020000660        0x4 ./Middlewares/Third_Party/FreeRTOS/Source/tasks.o
 .bss.xSchedulerRunning
                0x0000000020000664        0x4 ./Middlewares/Third_Party/FreeRTOS/Source/tasks.o
 .bss.uxPendedTicks
                0x0000000020000668        0x4 ./Middlewares/Third_Party/FreeRTOS/Source/tasks.o
 .bss.xYieldPending
                0x000000002000066c        0x4 ./Middlewares/Third_Party/FreeRTOS/Source/tasks.o
 .bss.xNumOfOverflows
                0x0000000020000670        0x4 ./Middlewares/Third_Party/FreeRTOS/Source/tasks.o
 .bss.uxTaskNumber
                0x0000000020000674        0x4 ./Middlewares/Third_Party/FreeRTOS/Source/tasks.o
 .bss.xNextTaskUnblockTime
                0x0000000020000678        0x4 ./Middlewares/Third_Party/FreeRTOS/Source/tasks.o
 .bss.xIdleTaskHandle
                0x000000002000067c        0x4 ./Middlewares/Third_Party/FreeRTOS/Source/tasks.o
 .bss.uxSchedulerSuspended
                0x0000000020000680        0x4 ./Middlewares/Third_Party/FreeRTOS/Source/tasks.o
 .bss.ucHeap    0x0000000020000684      0xc00 ./Middlewares/Third_Party/FreeRTOS/Source/portable/MemMang/heap_4.o
 .bss.xStart    0x0000000020001284        0x8 ./Middlewares/Third_Party/FreeRTOS/Source/portable/MemMang/heap_4.o
 .bss.pxEnd     0x000000002000128c        0x4 ./Middlewares/Third_Party/FreeRTOS/Source/portable/MemMang/heap_4.o
 .bss.xFreeBytesRemaining
                0x0000000020001290        0x4 ./Middlewares/Third_Party/FreeRTOS/Source/portable/MemMang/heap_4.o
 .bss.xMinimumEverFreeBytesRemaining
                0x0000000020001294        0x4 ./Middlewares/Third_Party/FreeRTOS/Source/portable/MemMang/heap_4.o
 .bss.xBlockAllocatedBit
                0x0000000020001298        0x4 ./Middlewares/Third_Party/FreeRTOS/Source/portable/MemMang/heap_4.o
 .bss.mem.8224  0x000000002000129c      0x220 ./USB_DEVICE/Target/usbd_conf.o
 .bss.__malloc_free_list
                0x00000000200014bc        0x4 c:/st/stm32cubeide_1.7.0/stm32cubeide/plugins/com.st.stm32cube.ide.mcu.externaltools.gnu-tools-for-stm32.9-2020-q2-update.win32_2.0.0.202105311346/tools/bin/../lib/gcc/arm-none-eabi/9.3.1/../../../../arm-none-eabi/lib/thumb/v6-m/nofp\libc_nano.a(lib_a-nano-mallocr.o)
                0x00000000200014bc                __malloc_free_list
 .bss.__malloc_sbrk_start
                0x00000000200014c0        0x4 c:/st/stm32cubeide_1.7.0/stm32cubeide/plugins/com.st.stm32cube.ide.mcu.externaltools.gnu-tools-for-stm32.9-2020-q2-update.win32_2.0.0.202105311346/tools/bin/../lib/gcc/arm-none-eabi/9.3.1/../../../../arm-none-eabi/lib/thumb/v6-m/nofp\libc_nano.a(lib_a-nano-mallocr.o)
                0x00000000200014c0                __malloc_sbrk_start
 *(COMMON)
 COMMON         0x00000000200014c4      0x761 ./Core/Src/GSM.o
                0x00000000200014c4                smsFlags
                0x00000000200014f4                recBuffDebug
                0x0000000020001620                mqttInfo
                0x0000000020001684                v1s
                0x000000002000168c                GPRSresult
                0x0000000020001694                msg
                0x00000000200016a8                smsInfo
                0x0000000020001844                v2s
                0x000000002000184c                tempGPRS
                0x0000000020001874                mqttCounter
                0x0000000020001878                gsmTimer
                0x000000002000187c                mCounter
                0x0000000020001880                voltage
                0x0000000020001884                filesize
                0x0000000020001888                quality
                0x0000000020001894                gprsTimer
                0x0000000020001898                resetFunc
                0x000000002000189c                procBuff
                0x0000000020001900                mqttReceived
                0x0000000020001998                mqttFlag
                0x00000000200019a0                tempCount
                0x00000000200019a8                gsmInfo
                0x0000000020001b34                dummy
                0x0000000020001b68                ftpReceived
                0x0000000020001c00                ftpReceive
                0x0000000020001c04                ftpRead
                0x0000000020001c08                smsTimer
                0x0000000020001c0c                FID
                0x0000000020001c20                current1
                0x0000000020001c24                ftpPad
 *fill*         0x0000000020001c25        0x3 
 COMMON         0x0000000020001c28      0x8cc ./Core/Src/Wifi.o
                0x0000000020001c28                IP1
                0x0000000020001c8c                WrecBuff
                0x00000000200021a0                temp
                0x0000000020002224                temp1
                0x0000000020002350                WprocBuff1
                0x0000000020002418                ConnID
                0x000000002000241c                connCounter
                0x0000000020002420                WprocBuff
                0x00000000200024e8                wifiFlag
                0x00000000200024f0                len
 COMMON         0x00000000200024f4      0x174 ./Core/Src/main.o
                0x00000000200024f4                defaultTaskHandle
                0x00000000200024f8                hspi2
                0x000000002000255c                huart1
                0x00000000200025e0                myTask02Handle
                0x00000000200025e4                huart2
 COMMON         0x0000000020002668        0x4 ./Drivers/STM32F0xx_HAL_Driver/Src/stm32f0xx_hal.o
                0x0000000020002668                uwTick
 COMMON         0x000000002000266c      0x2c4 ./USB_DEVICE/App/usb_device.o
                0x000000002000266c                hUsbDeviceFS
 COMMON         0x0000000020002930      0x7d0 ./USB_DEVICE/App/usbd_cdc_if.o
                0x0000000020002930                UserRxBufferFS
                0x0000000020002d18                UserTxBufferFS
 COMMON         0x0000000020003100      0x200 ./USB_DEVICE/App/usbd_desc.o
                0x0000000020003100                USBD_StrDesc
 COMMON         0x0000000020003300      0x2f4 ./USB_DEVICE/Target/usbd_conf.o
                0x0000000020003300                hpcd_USB_FS
 COMMON         0x00000000200035f4        0x4 c:/st/stm32cubeide_1.7.0/stm32cubeide/plugins/com.st.stm32cube.ide.mcu.externaltools.gnu-tools-for-stm32.9-2020-q2-update.win32_2.0.0.202105311346/tools/bin/../lib/gcc/arm-none-eabi/9.3.1/../../../../arm-none-eabi/lib/thumb/v6-m/nofp\libc_nano.a(lib_a-reent.o)
                0x00000000200035f4                errno
 COMMON         0x00000000200035f8        0x9 c:/st/stm32cubeide_1.7.0/stm32cubeide/plugins/com.st.stm32cube.ide.mcu.externaltools.gnu-tools-for-stm32.9-2020-q2-update.win32_2.0.0.202105311346/tools/bin/../lib/gcc/arm-none-eabi/9.3.1/../../../../arm-none-eabi/lib/thumb/v6-m/nofp\libc_nano.a(lib_a-lock.o)
                0x00000000200035f8                __lock___atexit_recursive_mutex
                0x00000000200035f9                __lock___arc4random_mutex
                0x00000000200035fa                __lock___env_recursive_mutex
                0x00000000200035fb                __lock___sinit_recursive_mutex
                0x00000000200035fc                __lock___malloc_recursive_mutex
                0x00000000200035fd                __lock___at_quick_exit_mutex
                0x00000000200035fe                __lock___dd_hash_mutex
                0x00000000200035ff                __lock___tz_mutex
                0x0000000020003600                __lock___sfp_recursive_mutex
                0x0000000020003604                . = ALIGN (0x4)
 *fill*         0x0000000020003601        0x3 
                0x0000000020003604                _ebss = .
                0x0000000020003604                __bss_end__ = _ebss

._user_heap_stack
                0x0000000020003604      0x604 load address 0x000000000801a510
                0x0000000020003608                . = ALIGN (0x8)
 *fill*         0x0000000020003604        0x4 
                [!provide]                        PROVIDE (end = .)
                0x0000000020003608                PROVIDE (_end = .)
                0x0000000020003808                . = (. + _Min_Heap_Size)
 *fill*         0x0000000020003608      0x200 
                0x0000000020003c08                . = (. + _Min_Stack_Size)
 *fill*         0x0000000020003808      0x400 
                0x0000000020003c08                . = ALIGN (0x8)

/DISCARD/
 libc.a(*)
 libm.a(*)
 libgcc.a(*)

.ARM.attributes
                0x0000000000000000       0x28
 *(.ARM.attributes)
 .ARM.attributes
                0x0000000000000000       0x1e c:/st/stm32cubeide_1.7.0/stm32cubeide/plugins/com.st.stm32cube.ide.mcu.externaltools.gnu-tools-for-stm32.9-2020-q2-update.win32_2.0.0.202105311346/tools/bin/../lib/gcc/arm-none-eabi/9.3.1/thumb/v6-m/nofp/crti.o
 .ARM.attributes