core_cm0.h:856:34:__NVIC_SystemReset	8	static,ignoring_inline_asm
GSM.c:90:6:pec_Update	24	static
GSM.c:129:6:GSM_Init	16	static
GSM.c:179:6:GSM_Service	296	static
GSM.c:958:6:Read	8	static
GSM.c:979:6:Seek	8	static
GSM.c:1002:6:GSM_Send	24	static
GSM.c:1014:6:GSM_Send_Bin	24	static
GSM.c:1026:6:Debug_Send	24	static
GSM.c:1034:6:SendChar	32	static
GSM.c:1045:6:recData	8	static
GSM.c:1205:6:MQTT_ConnectF	8	static
GSM.c:1232:6:MQTT_SuscribeF	8	static
GSM.c:1254:6:MQTT_Publish_F	24	static
GSM.c:1301:6:MQTT_Ping_F	8	static
GSM.c:1317:6:MQTT_Process	48	static
GSM.c:1408:6:procData	32	static
GSM.c:1648:6:Download	8	static
GSM.c:1653:6:getFtp	8	static
GSM.c:1673:6:FileSize1	16	static
GSM.c:1685:6:FileSize	16	static
GSM.c:1696:6:FS_Open_F	16	static
GSM.c:1707:6:FTP_OpenF	40	static
GSM.c:1728:6:FTP_StatusF	40	static
GSM.c:1740:6:sendSMS	16	static
GSM.c:1760:6:Network	16	static
GSM.c:1767:6:Balance	32	static
GSM.c:1782:6:Call	48	static
GSM.c:1799:6:getIMEI	8	static
GSM.c:1815:6:getCCID	16	static
GSM.c:1822:6:getSignal	24	static
GSM.c:1832:6:procSMS	56	static
GSM.c:1915:6:Register	88	static
GSM.c:1970:6:RegisterConfirm	48	static
GSM.c:1986:6:CheckUser	8	static
GSM.c:1999:6:Confirmation	12	static
GSM.c:2004:6:Deny	12	static
GSM.c:2009:6:VoltageAlarm	88	static
GSM.c:2038:6:caps	192	static
GSM.c:2065:6:buildInfo	72	static
GSM.c:2119:6:BuildPower	32	static
GSM.c:2142:6:Context	16	static
GSM.c:2226:6:Socket2	8	static
GSM.c:2230:6:GotSMS	32	static
GSM.c:2248:6:OK	8	static
GSM.c:2279:6:GPRS_SendData	24	static
GSM.c:2312:6:DataStatus	56	static
GSM.c:2336:6:DataDecrypt	496	static
GSM.c:2565:5:Getvalue	24	static
GSM.c:2595:6:GSM_Receive	16	static
