core_cm0.h:856:34:__NVIC_SystemReset	8	static,ignoring_inline_asm
GSM.c:87:6:pec_Update	24	static
GSM.c:126:6:GSM_Init	16	static
GSM.c:175:6:GSM_Service	296	static
GSM.c:930:6:MQTT_ConnectF	8	static
GSM.c:957:6:MQTT_SuscribeF	8	static
GSM.c:979:6:MQTT_Publish_F	24	static
GSM.c:1024:6:Read	8	static
GSM.c:1045:6:Seek	8	static
GSM.c:1068:6:GSM_Send	24	static
GSM.c:1080:6:GSM_Send_Bin	24	static
GSM.c:1092:6:Debug_Send	24	static
GSM.c:1100:6:SendChar	32	static
GSM.c:1111:6:recData	8	static
GSM.c:1255:6:MQTT_Process	40	static
GSM.c:1345:6:procData	32	static
GSM.c:1585:6:Download	8	static
GSM.c:1590:6:getFtp	8	static
GSM.c:1610:6:FileSize1	16	static
GSM.c:1622:6:FileSize	16	static
GSM.c:1633:6:FS_Open_F	16	static
GSM.c:1644:6:FTP_OpenF	40	static
GSM.c:1665:6:FTP_StatusF	40	static
GSM.c:1677:6:sendSMS	16	static
GSM.c:1697:6:Network	16	static
GSM.c:1704:6:Balance	32	static
GSM.c:1719:6:Call	48	static
GSM.c:1736:6:getIMEI	8	static
GSM.c:1752:6:getCCID	16	static
GSM.c:1759:6:getSignal	24	static
GSM.c:1769:6:procSMS	56	static
GSM.c:1852:6:Register	88	static
GSM.c:1907:6:RegisterConfirm	40	static
GSM.c:1923:6:CheckUser	8	static
GSM.c:1936:6:Confirmation	12	static
GSM.c:1941:6:Deny	12	static
GSM.c:1946:6:VoltageAlarm	88	static
GSM.c:1975:6:caps	192	static
GSM.c:2002:6:buildInfo	72	static
GSM.c:2056:6:BuildPower	32	static
GSM.c:2079:6:Context	16	static
GSM.c:2163:6:Socket2	8	static
GSM.c:2167:6:GotSMS	32	static
GSM.c:2185:6:OK	8	static
GSM.c:2216:6:GPRS_SendData	24	static
GSM.c:2249:6:DataStatus	56	static
GSM.c:2273:6:DataDecrypt	496	static
GSM.c:2502:5:Getvalue	24	static
GSM.c:2532:6:GSM_Receive	16	static
