core_cm0.h:856:34:__NVIC_SystemReset	8	static,ignoring_inline_asm
GSM.c:91:6:pec_Update	24	static
GSM.c:130:6:GSM_Init	16	static
GSM.c:180:6:GSM_Service	296	static
GSM.c:962:6:Read	8	static
GSM.c:983:6:Seek	8	static
GSM.c:1006:6:GSM_Send	24	static
GSM.c:1018:6:GSM_Send_Bin	24	static
GSM.c:1030:6:Debug_Send	24	static
GSM.c:1038:6:SendChar	32	static
GSM.c:1049:6:recData	8	static
GSM.c:1231:6:MQTT_Process	48	static
GSM.c:1322:6:procData	32	static
GSM.c:1563:6:Download	8	static
GSM.c:1568:6:getFtp	8	static
GSM.c:1588:6:FileSize1	16	static
GSM.c:1600:6:FileSize	16	static
GSM.c:1611:6:FS_Open_F	16	static
GSM.c:1622:6:FTP_OpenF	40	static
GSM.c:1643:6:FTP_StatusF	40	static
GSM.c:1655:6:sendSMS	16	static
GSM.c:1675:6:Network	16	static
GSM.c:1682:6:Balance	32	static
GSM.c:1697:6:Call	48	static
GSM.c:1714:6:getIMEI	8	static
GSM.c:1730:6:getCCID	16	static
GSM.c:1737:6:getSignal	24	static
GSM.c:1747:6:procSMS	56	static
GSM.c:1830:6:Register	88	static
GSM.c:1885:6:RegisterConfirm	48	static
GSM.c:1901:6:CheckUser	8	static
GSM.c:1914:6:Confirmation	12	static
GSM.c:1919:6:Deny	12	static
GSM.c:1924:6:VoltageAlarm	88	static
GSM.c:1953:6:caps	192	static
GSM.c:1980:6:buildInfo	72	static
GSM.c:2034:6:BuildPower	32	static
GSM.c:2057:6:Context	16	static
GSM.c:2141:6:Socket2	8	static
GSM.c:2145:6:GotSMS	32	static
GSM.c:2163:6:OK	8	static
GSM.c:2194:6:GPRS_SendData	24	static
GSM.c:2227:6:DataStatus	56	static
GSM.c:2251:6:DataDecrypt	496	static
GSM.c:2480:5:Getvalue	24	static
GSM.c:2510:6:GSM_Receive	16	static
