core_cm0.h:856:34:__NVIC_SystemReset	8	static,ignoring_inline_asm
GSM.c:82:6:pec_Update	24	static
GSM.c:121:6:GSM_Init	16	static
GSM.c:169:6:GSM_Service	296	static
GSM.c:897:6:MQTT_ConnectF	8	static
GSM.c:921:6:MQTT_SuscribeF	8	static
GSM.c:941:6:MQTT_Publish_F	8	static
GSM.c:961:6:Read	8	static
GSM.c:982:6:Seek	8	static
GSM.c:1005:6:GSM_Send	24	static
GSM.c:1017:6:GSM_Send_Bin	24	static
GSM.c:1029:6:Debug_Send	24	static
GSM.c:1037:6:SendChar	32	static
GSM.c:1048:6:recData	8	static
GSM.c:1158:6:MQTT_Process	8	static
GSM.c:1163:6:procData	24	static
GSM.c:1386:6:Download	8	static
GSM.c:1391:6:getFtp	8	static
GSM.c:1411:6:FileSize	16	static
GSM.c:1422:6:FS_Open_F	16	static
GSM.c:1433:6:FTP_OpenF	40	static
GSM.c:1454:6:FTP_StatusF	40	static
GSM.c:1466:6:sendSMS	16	static
GSM.c:1486:6:Network	16	static
GSM.c:1493:6:Balance	32	static
GSM.c:1508:6:Call	48	static
GSM.c:1525:6:getIMEI	8	static
GSM.c:1541:6:getCCID	16	static
GSM.c:1548:6:getSignal	24	static
GSM.c:1558:6:procSMS	56	static
GSM.c:1641:6:Register	88	static
GSM.c:1696:6:RegisterConfirm	40	static
GSM.c:1712:6:CheckUser	8	static
GSM.c:1725:6:Confirmation	12	static
GSM.c:1730:6:Deny	12	static
GSM.c:1735:6:VoltageAlarm	88	static
GSM.c:1764:6:caps	192	static
GSM.c:1791:6:buildInfo	72	static
GSM.c:1845:6:BuildPower	32	static
GSM.c:1868:6:Context	16	static
GSM.c:1952:6:Socket2	8	static
GSM.c:1956:6:GotSMS	32	static
GSM.c:1974:6:OK	8	static
GSM.c:2005:6:GPRS_SendData	24	static
GSM.c:2038:6:DataStatus	56	static
GSM.c:2062:6:DataDecrypt	496	static
GSM.c:2291:5:Getvalue	24	static
GSM.c:2321:6:GSM_Receive	16	static
