core_cm0.h:856:34:__NVIC_SystemReset	8	static,ignoring_inline_asm
GSM.c:84:6:pec_Update	24	static
GSM.c:123:6:GSM_Init	16	static
GSM.c:171:6:GSM_Service	296	static
GSM.c:909:6:MQTT_ConnectF	8	static
GSM.c:933:6:MQTT_SuscribeF	8	static
GSM.c:953:6:MQTT_Publish_F	8	static
GSM.c:973:6:Read	8	static
GSM.c:994:6:Seek	8	static
GSM.c:1017:6:GSM_Send	24	static
GSM.c:1029:6:GSM_Send_Bin	24	static
GSM.c:1041:6:Debug_Send	24	static
GSM.c:1049:6:SendChar	32	static
GSM.c:1060:6:recData	8	static
GSM.c:1171:6:MQTT_Process	8	static
GSM.c:1176:6:procData	32	static
GSM.c:1409:6:Download	8	static
GSM.c:1414:6:getFtp	8	static
GSM.c:1434:6:FileSize1	16	static
GSM.c:1446:6:FileSize	16	static
GSM.c:1457:6:FS_Open_F	16	static
GSM.c:1468:6:FTP_OpenF	40	static
GSM.c:1489:6:FTP_StatusF	40	static
GSM.c:1501:6:sendSMS	16	static
GSM.c:1521:6:Network	16	static
GSM.c:1528:6:Balance	32	static
GSM.c:1543:6:Call	48	static
GSM.c:1560:6:getIMEI	8	static
GSM.c:1576:6:getCCID	16	static
GSM.c:1583:6:getSignal	24	static
GSM.c:1593:6:procSMS	56	static
GSM.c:1676:6:Register	88	static
GSM.c:1731:6:RegisterConfirm	40	static
GSM.c:1747:6:CheckUser	8	static
GSM.c:1760:6:Confirmation	12	static
GSM.c:1765:6:Deny	12	static
GSM.c:1770:6:VoltageAlarm	88	static
GSM.c:1799:6:caps	192	static
GSM.c:1826:6:buildInfo	72	static
GSM.c:1880:6:BuildPower	32	static
GSM.c:1903:6:Context	16	static
GSM.c:1987:6:Socket2	8	static
GSM.c:1991:6:GotSMS	32	static
GSM.c:2009:6:OK	8	static
GSM.c:2040:6:GPRS_SendData	24	static
GSM.c:2073:6:DataStatus	56	static
GSM.c:2097:6:DataDecrypt	496	static
GSM.c:2326:5:Getvalue	24	static
GSM.c:2356:6:GSM_Receive	16	static
