main.c:87:5:main	72	static
main.c:175:6:SystemClock_Config	112	static
main.c:217:13:MX_SPI2_Init	8	static
main.c:257:13:MX_USART1_UART_Init	8	static
main.c:292:13:MX_USART2_UART_Init	8	static
main.c:329:13:MX_WWDG_Init	8	static
main.c:359:13:MX_GPIO_Init	48	static
main.c:443:6:remap	24	static,ignoring_inline_asm
main.c:467:6:flashPut	64	static
main.c:507:6:flashWrite	40	static
main.c:542:6:flashRead	48	static
main.c:577:6:flashBusy	32	static
main.c:606:6:StartDefaultTask	16	static
main.c:639:6:StartTask02	16	static
main.c:658:6:Error_Handler	8	static,ignoring_inline_asm
