main.c:84:5:main	72	static
main.c:166:6:SystemClock_Config	112	static
main.c:208:13:MX_SPI2_Init	8	static
main.c:248:13:MX_USART1_UART_Init	8	static
main.c:283:13:MX_USART2_UART_Init	8	static
main.c:320:13:MX_GPIO_Init	48	static
main.c:401:6:remap	24	static,ignoring_inline_asm
main.c:425:6:flashPut	64	static
main.c:465:6:flashWrite	40	static
main.c:500:6:flashRead	48	static
main.c:535:6:flashBusy	32	static
main.c:564:6:StartDefaultTask	16	static
main.c:589:6:StartTask02	16	static
main.c:606:6:Error_Handler	8	static,ignoring_inline_asm
