Wifi.c:63:6:Wifi_Init	8	static
Wifi.c:89:6:Wifi_Service	16	static
Wifi.c:245:6:Wifi_Send	24	static
Wifi.c:256:6:WifirecData	8	static
Wifi.c:387:6:MQTT_ProcessF	48	static
Wifi.c:461:6:MQTT_ConnectF1	8	static
Wifi.c:488:6:MQTT_SuscribeF1	8	static
Wifi.c:511:6:MQTT_Publish_F1	8	static
Wifi.c:534:6:MQTT_Publish_F2	24	static
Wifi.c:587:6:MQTT_Ping_F1	8	static
Wifi.c:599:6:SendData	16	static
Wifi.c:603:6:WifiprocData	56	static
Wifi.c:804:5:byteCopy	40	static
Wifi.c:831:6:WifiOK	16	static
Wifi.c:861:6:Wifi_Receive	16	static
