Wifi.c:61:6:Wifi_Init	8	static
Wifi.c:86:6:Wifi_Service	8	static
Wifi.c:234:6:Wifi_Send	24	static
Wifi.c:245:6:WifirecData	8	static
Wifi.c:376:6:MQTT_ProcessF	48	static
Wifi.c:439:6:MQTT_ConnectF1	8	static
Wifi.c:466:6:MQTT_SuscribeF1	8	static
Wifi.c:489:6:MQTT_Publish_F1	8	static
Wifi.c:512:6:MQTT_Publish_F2	24	static
Wifi.c:558:6:MQTT_Ping_F1	8	static
Wifi.c:570:6:SendData	16	static
Wifi.c:574:6:WifiprocData	56	static
Wifi.c:762:5:byteCopy	40	static
Wifi.c:789:6:WifiOK	16	static
Wifi.c:819:6:Wifi_Receive	16	static
